Reusing configuration cache.
> Task :lastfm:checkKotlinGradlePluginConfigurationErrors SKIPPED
> Task :kugou:checkKotlinGradlePluginConfigurationErrors SKIPPED
> Task :simpmusic:checkKotlinGradlePluginConfigurationErrors SKIPPED
> Task :lrclib:checkKotlinGradlePluginConfigurationErrors SKIPPED
> Task :innertube:checkKotlinGradlePluginConfigurationErrors SKIPPED
> Task :betterlyrics:checkKotlinGradlePluginConfigurationErrors SKIPPED
> Task :simpmusic:compileKotlin UP-TO-DATE
> Task :lrclib:compileKotlin UP-TO-DATE
> Task :kugou:compileKotlin UP-TO-DATE
> Task :innertube:processResources NO-SOURCE
> Task :betterlyrics:processResources NO-SOURCE
> Task :lrclib:processResources NO-SOURCE
> Task :simpmusic:compileJava NO-SOURCE
> Task :kugou:processResources NO-SOURCE
> Task :kizzy:checkKotlinGradlePluginConfigurationErrors SKIPPED
> Task :app:preBuild UP-TO-DATE
> Task :simpmusic:processResources NO-SOURCE
> Task :canvas:checkKotlinGradlePluginConfigurationErrors SKIPPED
> Task :kugou:compileJava NO-SOURCE
> Task :lrclib:compileJava NO-SOURCE
> Task :lrclib:classes UP-TO-DATE
> Task :canvas:processResources NO-SOURCE
> Task :lastfm:processResources NO-SOURCE
> Task :kugou:classes UP-TO-DATE
> Task :simpmusic:classes UP-TO-DATE
> Task :app:preDebugBuild UP-TO-DATE
> Task :lastfm:compileKotlin UP-TO-DATE
> Task :lrclib:jar UP-TO-DATE
> Task :kugou:jar UP-TO-DATE
> Task :simpmusic:jar UP-TO-DATE
> Task :app:generateDebugResources UP-TO-DATE
> Task :app:generateDebugBuildConfig UP-TO-DATE
> Task :lastfm:compileJava NO-SOURCE
> Task :lastfm:classes UP-TO-DATE
> Task :kizzy:processResources NO-SOURCE
> Task :lastfm:jar UP-TO-DATE
> Task :kizzy:compileKotlin UP-TO-DATE
> Task :app:packageDebugResources UP-TO-DATE
> Task :betterlyrics:compileKotlin UP-TO-DATE
> Task :kizzy:compileJava NO-SOURCE
> Task :kizzy:classes UP-TO-DATE
> Task :canvas:compileKotlin UP-TO-DATE
> Task :innertube:compileKotlin UP-TO-DATE
> Task :betterlyrics:compileJava NO-SOURCE
> Task :betterlyrics:classes UP-TO-DATE
> Task :innertube:compileJava NO-SOURCE
> Task :kizzy:jar UP-TO-DATE
> Task :innertube:classes UP-TO-DATE
> Task :canvas:compileJava NO-SOURCE
> Task :canvas:classes UP-TO-DATE
> Task :betterlyrics:jar UP-TO-DATE
> Task :innertube:jar UP-TO-DATE
> Task :app:processDebugNavigationResources UP-TO-DATE
> Task :canvas:jar UP-TO-DATE
> Task :app:parseDebugLocalResources UP-TO-DATE
> Task :app:generateDebugRFile UP-TO-DATE
> Task :app:kspDebugKotlin UP-TO-DATE

> Task :app:compileDebugKotlin
e: file:///D:/code/omnitune/app/src/main/kotlin/com/omnitune/app/ui/component/VeluneCompatibility.kt:104:40 No value passed for parameter 'sortType'.
e: file:///D:/code/omnitune/app/src/main/kotlin/com/omnitune/app/ui/component/VeluneCompatibility.kt:104:40 No value passed for parameter 'descending'.
e: file:///D:/code/omnitune/app/src/main/kotlin/com/omnitune/app/ui/component/VeluneCompatibility.kt:113:21 Cannot infer type for type parameter 'T'. Specify it explicitly.
e: file:///D:/code/omnitune/app/src/main/kotlin/com/omnitune/app/ui/component/VeluneCompatibility.kt:117:33 No parameter with name 'playlistId' found.
e: file:///D:/code/omnitune/app/src/main/kotlin/com/omnitune/app/ui/component/VeluneCompatibility.kt:118:33 No parameter with name 'songId' found.
e: file:///D:/code/omnitune/app/src/main/kotlin/com/omnitune/app/ui/component/VeluneCompatibility.kt:119:33 No parameter with name 'position' found.
e: file:///D:/code/omnitune/app/src/main/kotlin/com/omnitune/app/ui/component/VeluneCompatibility.kt:119:33 No value passed for parameter 'map'.
e: file:///D:/code/omnitune/app/src/main/kotlin/com/omnitune/app/ui/component/VeluneCompatibility.kt:119:33 No value passed for parameter 'song'.
e: file:///D:/code/omnitune/app/src/main/kotlin/com/omnitune/app/ui/component/VeluneCompatibility.kt:122:34 None of the following candidates is applicable:

fun insert(mediaMetadata: MediaMetadata, block: (SongEntity) -> SongEntity): Unit:
  Argument type mismatch: actual type is 'List<PlaylistSong>', but 'MediaMetadata' was expected.

fun insert(albumPage: AlbumPage): Unit:
  Argument type mismatch: actual type is 'List<PlaylistSong>', but 'AlbumPage' was expected.

fun insert(searchHistory: SearchHistory): Unit:
  Argument type mismatch: actual type is 'List<PlaylistSong>', but 'SearchHistory' was expected.

fun insert(event: Event): Unit:
  Argument type mismatch: actual type is 'List<PlaylistSong>', but 'Event' was expected.

fun insert(song: SongEntity): Long:
  Argument type mismatch: actual type is 'List<PlaylistSong>', but 'SongEntity' was expected.

fun insert(setVideoIdEntity: SetVideoIdEntity): Unit:
  Argument type mismatch: actual type is 'List<PlaylistSong>', but 'SetVideoIdEntity' was expected.

fun insert(map: RelatedSongMap): Unit:
  Argument type mismatch: actual type is 'List<PlaylistSong>', but 'RelatedSongMap' was expected.

fun insert(playCountEntity: PlayCountEntity): Long:
  Argument type mismatch: actual type is 'List<PlaylistSong>', but 'PlayCountEntity' was expected.

fun insert(artist: ArtistEntity): Unit:
  Argument type mismatch: actual type is 'List<PlaylistSong>', but 'ArtistEntity' was expected.

fun insert(map: SongArtistMap): Unit:
  Argument type mismatch: actual type is 'List<PlaylistSong>', but 'SongArtistMap' was expected.

fun insert(map: AlbumArtistMap): Unit:
  Argument type mismatch: actual type is 'List<PlaylistSong>', but 'AlbumArtistMap' was expected.

fun insert(album: AlbumEntity): Long:
  Argument type mismatch: actual type is 'List<PlaylistSong>', but 'AlbumEntity' was expected.

fun insert(map: SongAlbumMap): Unit:
  Argument type mismatch: actual type is 'List<PlaylistSong>', but 'SongAlbumMap' was expected.

fun insert(playlist: PlaylistEntity): Unit:
  Argument type mismatch: actual type is 'List<PlaylistSong>', but 'PlaylistEntity' was expected.

fun insert(map: PlaylistSongMap): Unit:
  Argument type mismatch: actual type is 'List<PlaylistSong>', but 'PlaylistSongMap' was expected.

fun insert(tag: TagEntity): Unit:
  Argument type mismatch: actual type is 'List<PlaylistSong>', but 'TagEntity' was expected.

fun insert(map: PlaylistTagMap): Unit:
  Argument type mismatch: actual type is 'List<PlaylistSong>', but 'PlaylistTagMap' was expected.
e: file:///D:/code/omnitune/app/src/main/kotlin/com/omnitune/app/ui/component/VeluneCompatibility.kt:146:2 Syntax error: imports are only allowed in the beginning of file.
e: file:///D:/code/omnitune/app/src/main/kotlin/com/omnitune/app/ui/component/VeluneCompatibility.kt:181:40 No value passed for parameter 'sortType'.
e: file:///D:/code/omnitune/app/src/main/kotlin/com/omnitune/app/ui/component/VeluneCompatibility.kt:181:40 No value passed for parameter 'descending'.
e: file:///D:/code/omnitune/app/src/main/kotlin/com/omnitune/app/ui/component/VeluneCompatibility.kt:203:14 Type 'MutableState<String>' has no method 'setValue(Nothing?, KMutableProperty0<*>, String)', so it cannot serve as a delegate for var (read-write property).
e: file:///D:/code/omnitune/app/src/main/kotlin/com/omnitune/app/ui/menu/AlbumMenu.kt:449:62 Unresolved reference 'ic_play_arrowlist_add'.
e: file:///D:/code/omnitune/app/src/main/kotlin/com/omnitune/app/ui/menu/ArtistMenu.kt:203:97 Unresolved reference 'subscribed'.
e: file:///D:/code/omnitune/app/src/main/kotlin/com/omnitune/app/ui/menu/ArtistMenu.kt:203:138 Unresolved reference 'subscribe'.
e: file:///D:/code/omnitune/app/src/main/kotlin/com/omnitune/app/ui/menu/ArtistMenu.kt:207:102 Unresolved reference 'subscribed'.
e: file:///D:/code/omnitune/app/src/main/kotlin/com/omnitune/app/ui/menu/ArtistMenu.kt:207:129 Unresolved reference 'subscribe'.
e: file:///D:/code/omnitune/app/src/main/kotlin/com/omnitune/app/ui/menu/LyricsMenu.kt:55:11 Unresolved reference 'bush'.
e: file:///D:/code/omnitune/app/src/main/kotlin/com/omnitune/app/ui/menu/LyricsMenu.kt:56:11 Unresolved reference 'bush'.
e: file:///D:/code/omnitune/app/src/main/kotlin/com/omnitune/app/ui/menu/LyricsMenu.kt:57:31 Unresolved reference 'TranslatorLanguages'.
e: file:///D:/code/omnitune/app/src/main/kotlin/com/omnitune/app/ui/menu/LyricsMenu.kt:58:31 Unresolved reference 'TranslatorLang'.
e: file:///D:/code/omnitune/app/src/main/kotlin/com/omnitune/app/ui/menu/LyricsMenu.kt:79:36 Unresolved reference 'LyricsMenuViewModel'.
e: file:///D:/code/omnitune/app/src/main/kotlin/com/omnitune/app/ui/menu/LyricsMenu.kt:89:16 Unresolved reference 'LyricsMenuViewModel'.
e: file:///D:/code/omnitune/app/src/main/kotlin/com/omnitune/app/ui/menu/LyricsMenu.kt:89:38 Cannot infer type for type parameter 'VM'. Specify it explicitly.
e: file:///D:/code/omnitune/app/src/main/kotlin/com/omnitune/app/ui/menu/LyricsMenu.kt:104:64 Unresolved reference 'edit'.
e: file:///D:/code/omnitune/app/src/main/kotlin/com/omnitune/app/ui/menu/LyricsMenu.kt:106:13 No parameter with name 'initialTextFieldValue' found.
e: file:///D:/code/omnitune/app/src/main/kotlin/com/omnitune/app/ui/menu/LyricsMenu.kt:109:27 Unresolved reference 'updateLyrics'.
e: file:///D:/code/omnitune/app/src/main/kotlin/com/omnitune/app/ui/menu/LyricsMenu.kt:142:28 Property delegate must have a 'getValue(Nothing?, KProperty0<ERROR CLASS: Cannot infer argument for type parameter T>)' method. None of the following functions is applicable:
fun <T> State<T>.getValue(thisObj: Any?, property: KProperty<*>): T
e: file:///D:/code/omnitune/app/src/main/kotlin/com/omnitune/app/ui/menu/LyricsMenu.kt:142:31 Cannot infer type for type parameter 'T'. Specify it explicitly.
e: file:///D:/code/omnitune/app/src/main/kotlin/com/omnitune/app/ui/menu/LyricsMenu.kt:142:41 Unresolved reference 'isNetworkAvailable'.
e: file:///D:/code/omnitune/app/src/main/kotlin/com/omnitune/app/ui/menu/LyricsMenu.kt:142:60 Cannot infer type for type parameter 'T'. Specify it explicitly.
e: file:///D:/code/omnitune/app/src/main/kotlin/com/omnitune/app/ui/menu/LyricsMenu.kt:150:58 Unresolved reference 'search'.
e: file:///D:/code/omnitune/app/src/main/kotlin/com/omnitune/app/ui/menu/LyricsMenu.kt:154:52 Unresolved reference 'search_lyrics'.
e: file:///D:/code/omnitune/app/src/main/kotlin/com/omnitune/app/ui/menu/LyricsMenu.kt:181:50 Unresolved reference 'search_online'.
e: file:///D:/code/omnitune/app/src/main/kotlin/com/omnitune/app/ui/menu/LyricsMenu.kt:190:35 Unresolved reference 'search'.
e: file:///D:/code/omnitune/app/src/main/kotlin/com/omnitune/app/ui/menu/LyricsMenu.kt:199:29 Cannot access 'fun WideNavigationRailValue.not(): WideNavigationRailValue': it is internal in file.
e: file:///D:/code/omnitune/app/src/main/kotlin/com/omnitune/app/ui/menu/LyricsMenu.kt:199:29 Condition type mismatch: inferred type is 'WideNavigationRailValue' but 'Boolean' was expected.
e: file:///D:/code/omnitune/app/src/main/kotlin/com/omnitune/app/ui/menu/LyricsMenu.kt:200:80 Unresolved reference 'error_no_internet'.
e: file:///D:/code/omnitune/app/src/main/kotlin/com/omnitune/app/ui/menu/LyricsMenu.kt:212:56 Unresolved reference 'song_title'.
e: file:///D:/code/omnitune/app/src/main/kotlin/com/omnitune/app/ui/menu/LyricsMenu.kt:221:56 Unresolved reference 'song_artists'.
e: file:///D:/code/omnitune/app/src/main/kotlin/com/omnitune/app/ui/menu/LyricsMenu.kt:227:21 Property delegate must have a 'getValue(Nothing?, KProperty0<ERROR CLASS: Cannot infer argument for type parameter T>)' method. None of the following functions is applicable:
fun <T> State<T>.getValue(thisObj: Any?, property: KProperty<*>): T
e: file:///D:/code/omnitune/app/src/main/kotlin/com/omnitune/app/ui/menu/LyricsMenu.kt:227:24 Cannot infer type for type parameter 'T'. Specify it explicitly.
e: file:///D:/code/omnitune/app/src/main/kotlin/com/omnitune/app/ui/menu/LyricsMenu.kt:227:34 Unresolved reference 'results'.
e: file:///D:/code/omnitune/app/src/main/kotlin/com/omnitune/app/ui/menu/LyricsMenu.kt:227:42 Cannot infer type for type parameter 'T'. Specify it explicitly.
e: file:///D:/code/omnitune/app/src/main/kotlin/com/omnitune/app/ui/menu/LyricsMenu.kt:228:23 Property delegate must have a 'getValue(Nothing?, KProperty0<ERROR CLASS: Cannot infer argument for type parameter T>)' method. None of the following functions is applicable:
fun <T> State<T>.getValue(thisObj: Any?, property: KProperty<*>): T
e: file:///D:/code/omnitune/app/src/main/kotlin/com/omnitune/app/ui/menu/LyricsMenu.kt:228:26 Cannot infer type for type parameter 'T'. Specify it explicitly.
e: file:///D:/code/omnitune/app/src/main/kotlin/com/omnitune/app/ui/menu/LyricsMenu.kt:228:36 Unresolved reference 'isLoading'.
e: file:///D:/code/omnitune/app/src/main/kotlin/com/omnitune/app/ui/menu/LyricsMenu.kt:228:46 Cannot infer type for type parameter 'T'. Specify it explicitly.
e: file:///D:/code/omnitune/app/src/main/kotlin/com/omnitune/app/ui/menu/LyricsMenu.kt:237:37 Cannot infer type for value parameter 'index'. Specify it explicitly.
e: file:///D:/code/omnitune/app/src/main/kotlin/com/omnitune/app/ui/menu/LyricsMenu.kt:237:44 Cannot infer type for value parameter 'result'. Specify it explicitly.
e: file:///D:/code/omnitune/app/src/main/kotlin/com/omnitune/app/ui/menu/LyricsMenu.kt:238:17 @Composable invocations can only happen from the context of a @Composable function
e: file:///D:/code/omnitune/app/src/main/kotlin/com/omnitune/app/ui/menu/LyricsMenu.kt:244:39 Unresolved reference 'cancelSearch'.
e: file:///D:/code/omnitune/app/src/main/kotlin/com/omnitune/app/ui/menu/LyricsMenu.kt:245:39 Unresolved reference 'updateLyrics'.
e: file:///D:/code/omnitune/app/src/main/kotlin/com/omnitune/app/ui/menu/LyricsMenu.kt:245:80 Unresolved reference 'lyrics'.
e: file:///D:/code/omnitune/app/src/main/kotlin/com/omnitune/app/ui/menu/LyricsMenu.kt:253:61 Unresolved reference 'lyrics'.
e: file:///D:/code/omnitune/app/src/main/kotlin/com/omnitune/app/ui/menu/LyricsMenu.kt:254:46 Unresolved reference 'lyrics'.
e: file:///D:/code/omnitune/app/src/main/kotlin/com/omnitune/app/ui/menu/LyricsMenu.kt:274:47 Unresolved reference 'providerName'.
e: file:///D:/code/omnitune/app/src/main/kotlin/com/omnitune/app/ui/menu/LyricsMenu.kt:279:40 Unresolved reference 'lyrics'.
e: file:///D:/code/omnitune/app/src/main/kotlin/com/omnitune/app/ui/menu/LyricsMenu.kt:279:80 Unresolved reference 'lyrics'.
e: file:///D:/code/omnitune/app/src/main/kotlin/com/omnitune/app/ui/menu/LyricsMenu.kt:281:74 Unresolved reference 'sync'.
e: file:///D:/code/omnitune/app/src/main/kotlin/com/omnitune/app/ui/menu/LyricsMenu.kt:299:98 Unresolved reference 'expand_less'.
e: file:///D:/code/omnitune/app/src/main/kotlin/com/omnitune/app/ui/menu/LyricsMenu.kt:299:126 Unresolved reference 'expand_more'.
e: file:///D:/code/omnitune/app/src/main/kotlin/com/omnitune/app/ui/menu/LyricsMenu.kt:317:17 Cannot access 'fun WideNavigationRailValue.not(): WideNavigationRailValue': it is internal in file.
e: file:///D:/code/omnitune/app/src/main/kotlin/com/omnitune/app/ui/menu/LyricsMenu.kt:317:17 Condition type mismatch: inferred type is 'WideNavigationRailValue' but 'Boolean' was expected.
e: file:///D:/code/omnitune/app/src/main/kotlin/com/omnitune/app/ui/menu/LyricsMenu.kt:344:27 Property delegate must have a 'getValue(Nothing?, KProperty0<*>)' method. None of the following functions is applicable:
fun FloatState.getValue(thisObj: Any?, property: KProperty<*>): Float
fun DoubleState.getValue(thisObj: Any?, property: KProperty<*>): Double
fun IntState.getValue(thisObj: Any?, property: KProperty<*>): Int
fun LongState.getValue(thisObj: Any?, property: KProperty<*>): Long
fun <T> State<T>.getValue(thisObj: Any?, property: KProperty<*>): T
e: file:///D:/code/omnitune/app/src/main/kotlin/com/omnitune/app/ui/menu/LyricsMenu.kt:344:30 Cannot infer type for type parameter 'T'. Specify it explicitly.
e: file:///D:/code/omnitune/app/src/main/kotlin/com/omnitune/app/ui/menu/LyricsMenu.kt:344:68 Unresolved reference 'TranslatorLang'.
e: file:///D:/code/omnitune/app/src/main/kotlin/com/omnitune/app/ui/menu/LyricsMenu.kt:344:87 Argument type mismatch: actual type is 'SuspendFunction1<ProduceStateScope<uninferred T (of fun <T> produceState)>, Unit>', but 'SuspendFunction1<ProduceStateScope<uninferred T (of fun <T> produceState)>, Unit>' was expected.
e: file:///D:/code/omnitune/app/src/main/kotlin/com/omnitune/app/ui/menu/LyricsMenu.kt:345:17 Cannot infer type for type parameter 'T'. Specify it explicitly.
e: file:///D:/code/omnitune/app/src/main/kotlin/com/omnitune/app/ui/menu/LyricsMenu.kt:345:29 Argument type mismatch: actual type is 'CoroutineDispatcher', but 'CoroutineContext' was expected.
e: file:///D:/code/omnitune/app/src/main/kotlin/com/omnitune/app/ui/menu/LyricsMenu.kt:345:45 Argument type mismatch: actual type is 'SuspendFunction1<CoroutineScope, Unit>', but 'SuspendFunction1<CoroutineScope, uninferred T (of fun <T> withContext)>' was expected.
e: file:///D:/code/omnitune/app/src/main/kotlin/com/omnitune/app/ui/menu/LyricsMenu.kt:346:29 Unresolved reference 'TranslatorLanguages'.
e: file:///D:/code/omnitune/app/src/main/kotlin/com/omnitune/app/ui/menu/LyricsMenu.kt:353:41 Unresolved reference 'it'.
e: file:///D:/code/omnitune/app/src/main/kotlin/com/omnitune/app/ui/menu/LyricsMenu.kt:353:41 Operator '==' cannot be applied to 'Int' and 'String'.
e: file:///D:/code/omnitune/app/src/main/kotlin/com/omnitune/app/ui/menu/LyricsMenu.kt:353:76 Unresolved reference 'name'.
e: file:///D:/code/omnitune/app/src/main/kotlin/com/omnitune/app/ui/menu/LyricsMenu.kt:358:63 Unresolved reference 'translate'.
e: file:///D:/code/omnitune/app/src/main/kotlin/com/omnitune/app/ui/menu/LyricsMenu.kt:360:56 Unresolved reference 'translate'.
e: file:///D:/code/omnitune/app/src/main/kotlin/com/omnitune/app/ui/menu/LyricsMenu.kt:377:41 Unresolved reference 'Language'.
e: file:///D:/code/omnitune/app/src/main/kotlin/com/omnitune/app/ui/menu/LyricsMenu.kt:379:47 Unresolved reference 'Language'.
e: file:///D:/code/omnitune/app/src/main/kotlin/com/omnitune/app/ui/menu/LyricsMenu.kt:392:58 Unresolved reference 'Translator'.
e: file:///D:/code/omnitune/app/src/main/kotlin/com/omnitune/app/ui/menu/LyricsMenu.kt:455:80 Cannot infer type for type parameter 'R'. Specify it explicitly.
e: file:///D:/code/omnitune/app/src/main/kotlin/com/omnitune/app/ui/menu/LyricsMenu.kt:478:47 Unresolved reference 'updateLyrics'.
e: file:///D:/code/omnitune/app/src/main/kotlin/com/omnitune/app/ui/menu/LyricsMenu.kt:483:68 Unresolved reference 'translation_failed'.
e: file:///D:/code/omnitune/app/src/main/kotlin/com/omnitune/app/ui/menu/LyricsMenu.kt:491:58 Unresolved reference 'translate'.
e: file:///D:/code/omnitune/app/src/main/kotlin/com/omnitune/app/ui/menu/LyricsMenu.kt:501:64 Unresolved reference 'lyrics'.
e: file:///D:/code/omnitune/app/src/main/kotlin/com/omnitune/app/ui/menu/LyricsMenu.kt:511:60 Unresolved reference 'language_label'.
e: file:///D:/code/omnitune/app/src/main/kotlin/com/omnitune/app/ui/menu/LyricsMenu.kt:537:53 Cannot infer type for value parameter 'lang'. Specify it explicitly.
e: file:///D:/code/omnitune/app/src/main/kotlin/com/omnitune/app/ui/menu/LyricsMenu.kt:538:37 @Composable invocations can only happen from the context of a @Composable function
e: file:///D:/code/omnitune/app/src/main/kotlin/com/omnitune/app/ui/menu/LyricsMenu.kt:539:60 Unresolved reference 'name'.
e: file:///D:/code/omnitune/app/src/main/kotlin/com/omnitune/app/ui/menu/LyricsMenu.kt:541:68 Assignment type mismatch: actual type is 'Int', but 'String' was expected.
e: file:///D:/code/omnitune/app/src/main/kotlin/com/omnitune/app/ui/menu/LyricsMenu.kt:570:70 Unresolved reference 'edit'.
e: file:///D:/code/omnitune/app/src/main/kotlin/com/omnitune/app/ui/menu/LyricsMenu.kt:576:56 Unresolved reference 'edit'.
e: file:///D:/code/omnitune/app/src/main/kotlin/com/omnitune/app/ui/menu/LyricsMenu.kt:582:70 Unresolved reference 'cached'.
e: file:///D:/code/omnitune/app/src/main/kotlin/com/omnitune/app/ui/menu/LyricsMenu.kt:590:39 Unresolved reference 'refetchLyrics'.
e: file:///D:/code/omnitune/app/src/main/kotlin/com/omnitune/app/ui/menu/LyricsMenu.kt:597:70 Unresolved reference 'translate'.
e: file:///D:/code/omnitune/app/src/main/kotlin/com/omnitune/app/ui/menu/LyricsMenu.kt:603:56 Unresolved reference 'translate'.
e: file:///D:/code/omnitune/app/src/main/kotlin/com/omnitune/app/ui/menu/LyricsMenu.kt:609:70 Unresolved reference 'search'.
e: file:///D:/code/omnitune/app/src/main/kotlin/com/omnitune/app/ui/menu/LyricsMenu.kt:615:56 Unresolved reference 'search'.
e: file:///D:/code/omnitune/app/src/main/kotlin/com/omnitune/app/ui/menu/PlaylistMenu.kt:229:52 Unresolved reference 'delete_playlist_confirm'.
e: file:///D:/code/omnitune/app/src/main/kotlin/com/omnitune/app/ui/menu/PlaylistMenu.kt:381:77 Unresolved reference 'start_radio'.
e: file:///D:/code/omnitune/app/src/main/kotlin/com/omnitune/app/ui/menu/PlaylistMenu.kt:384:66 Unresolved reference 'radio'.
e: file:///D:/code/omnitune/app/src/main/kotlin/com/omnitune/app/ui/menu/PlaylistMenu.kt:440:77 Unresolved reference 'edit'.
e: file:///D:/code/omnitune/app/src/main/kotlin/com/omnitune/app/ui/menu/PlaylistMenu.kt:443:66 Unresolved reference 'edit'.
e: file:///D:/code/omnitune/app/src/main/kotlin/com/omnitune/app/ui/menu/PlaylistMenu.kt:460:66 Unresolved reference 'style'.
e: file:///D:/code/omnitune/app/src/main/kotlin/com/omnitune/app/ui/menu/PlaylistMenu.kt:536:77 Unresolved reference 'delete'.
e: file:///D:/code/omnitune/app/src/main/kotlin/com/omnitune/app/ui/menu/PlaylistMenu.kt:539:66 Unresolved reference 'delete'.
e: file:///D:/code/omnitune/app/src/main/kotlin/com/omnitune/app/ui/menu/SelectionSongsMenu.kt:261:70 Unresolved reference 'ic_play_arrowlist_add'.
e: file:///D:/code/omnitune/app/src/main/kotlin/com/omnitune/app/ui/menu/SelectionSongsMenu.kt:339:62 Unresolved reference 'ic_play_arrowlist_add'.
e: file:///D:/code/omnitune/app/src/main/kotlin/com/omnitune/app/ui/menu/SelectionSongsMenu.kt:353:56 Unresolved reference 'remove_from_library'.
e: file:///D:/code/omnitune/app/src/main/kotlin/com/omnitune/app/ui/menu/SelectionSongsMenu.kt:353:90 Unresolved reference 'add_to_library'.
e: file:///D:/code/omnitune/app/src/main/kotlin/com/omnitune/app/ui/menu/SelectionSongsMenu.kt:360:58 Unresolved reference 'library_add_check'.
e: file:///D:/code/omnitune/app/src/main/kotlin/com/omnitune/app/ui/menu/SelectionSongsMenu.kt:360:92 Unresolved reference 'library_add'.
e: file:///D:/code/omnitune/app/src/main/kotlin/com/omnitune/app/ui/menu/SelectionSongsMenu.kt:451:52 Unresolved reference 'dislike_all'.
e: file:///D:/code/omnitune/app/src/main/kotlin/com/omnitune/app/ui/menu/SelectionSongsMenu.kt:451:78 Unresolved reference 'like_all'.
e: file:///D:/code/omnitune/app/src/main/kotlin/com/omnitune/app/ui/menu/SelectionSongsMenu.kt:471:43 Unresolved reference 'likeSong'.
e: file:///D:/code/omnitune/app/src/main/kotlin/com/omnitune/app/ui/menu/SelectionSongsMenu.kt:481:77 Unresolved reference 'delete'.
e: file:///D:/code/omnitune/app/src/main/kotlin/com/omnitune/app/ui/menu/SelectionSongsMenu.kt:484:66 Unresolved reference 'delete'.
e: file:///D:/code/omnitune/app/src/main/kotlin/com/omnitune/app/ui/menu/SelectionSongsMenu.kt:632:77 Unresolved reference 'delete'.
e: file:///D:/code/omnitune/app/src/main/kotlin/com/omnitune/app/ui/menu/SelectionSongsMenu.kt:635:66 Unresolved reference 'delete'.
e: file:///D:/code/omnitune/app/src/main/kotlin/com/omnitune/app/ui/menu/SelectionSongsMenu.kt:715:62 Unresolved reference 'ic_play_arrowlist_add'.
e: file:///D:/code/omnitune/app/src/main/kotlin/com/omnitune/app/ui/menu/SelectionSongsMenu.kt:728:56 Unresolved reference 'like_all'.
e: file:///D:/code/omnitune/app/src/main/kotlin/com/omnitune/app/ui/menu/SongMenu.kt:100:38 Unresolved reference 'LocalBottomSheetPageState'.
e: file:///D:/code/omnitune/app/src/main/kotlin/com/omnitune/app/ui/menu/SongMenu.kt:101:38 Unresolved reference 'MenuSurfaceSection'.
e: file:///D:/code/omnitune/app/src/main/kotlin/com/omnitune/app/ui/menu/SongMenu.kt:129:47 Unresolved reference 'getDownload'.
e: file:///D:/code/omnitune/app/src/main/kotlin/com/omnitune/app/ui/menu/SongMenu.kt:203:58 Unresolved reference 'edit'.
e: file:///D:/code/omnitune/app/src/main/kotlin/com/omnitune/app/ui/menu/SongMenu.kt:208:53 Unresolved reference 'edit_song'.
e: file:///D:/code/omnitune/app/src/main/kotlin/com/omnitune/app/ui/menu/SongMenu.kt:211:41 Unresolved reference 'song_title'.
e: file:///D:/code/omnitune/app/src/main/kotlin/com/omnitune/app/ui/menu/SongMenu.kt:212:41 Unresolved reference 'artist_name'.
e: file:///D:/code/omnitune/app/src/main/kotlin/com/omnitune/app/ui/menu/SongMenu.kt:247:5 Unresolved reference 'AddToPlaylistDialog'.
e: file:///D:/code/omnitune/app/src/main/kotlin/com/omnitune/app/ui/menu/SongMenu.kt:249:23 Cannot infer type for value parameter 'playlist'. Specify it explicitly.
e: file:///D:/code/omnitune/app/src/main/kotlin/com/omnitune/app/ui/menu/SongMenu.kt:251:26 Unresolved reference 'playlist'.
e: file:///D:/code/omnitune/app/src/main/kotlin/com/omnitune/app/ui/menu/SongMenu.kt:251:45 Cannot infer type for type parameter 'T'. Specify it explicitly.
e: file:///D:/code/omnitune/app/src/main/kotlin/com/omnitune/app/ui/menu/SongMenu.kt:251:45 Cannot infer type for type parameter 'R'. Specify it explicitly.
e: file:///D:/code/omnitune/app/src/main/kotlin/com/omnitune/app/ui/menu/SongMenu.kt:251:51 Cannot infer type for type parameter 'T'. Specify it explicitly.
e: file:///D:/code/omnitune/app/src/main/kotlin/com/omnitune/app/ui/menu/SongMenu.kt:260:27 Cannot infer type for value parameter 'songCount'. Specify it explicitly.
e: file:///D:/code/omnitune/app/src/main/kotlin/com/omnitune/app/ui/menu/SongMenu.kt:260:38 Cannot infer type for value parameter 'playlistNames'. Specify it explicitly.
e: file:///D:/code/omnitune/app/src/main/kotlin/com/omnitune/app/ui/menu/SongMenu.kt:262:31 Function invocation 'size(...)' expected.
e: file:///D:/code/omnitune/app/src/main/kotlin/com/omnitune/app/ui/menu/SongMenu.kt:263:88 Function invocation 'size(...)' expected.
e: file:///D:/code/omnitune/app/src/main/kotlin/com/omnitune/app/ui/menu/SongMenu.kt:281:66 Unresolved reference 'close'.
e: file:///D:/code/omnitune/app/src/main/kotlin/com/omnitune/app/ui/menu/SongMenu.kt:350:13 No parameter with name 'badges' found.
e: file:///D:/code/omnitune/app/src/main/kotlin/com/omnitune/app/ui/menu/SongMenu.kt:359:35 Unresolved reference 'likeSong'.
e: file:///D:/code/omnitune/app/src/main/kotlin/com/omnitune/app/ui/menu/SongMenu.kt:363:83 Unresolved reference 'favorite'.
e: file:///D:/code/omnitune/app/src/main/kotlin/com/omnitune/app/ui/menu/SongMenu.kt:363:108 Unresolved reference 'favorite_border'.
e: file:///D:/code/omnitune/app/src/main/kotlin/com/omnitune/app/ui/menu/SongMenu.kt:374:32 Unresolved reference 'LocalBottomSheetPageState'.
e: file:///D:/code/omnitune/app/src/main/kotlin/com/omnitune/app/ui/menu/SongMenu.kt:379:50 Unresolved reference 'start_radio'.
e: file:///D:/code/omnitune/app/src/main/kotlin/com/omnitune/app/ui/menu/SongMenu.kt:384:44 Unresolved reference 'edit'.
e: file:///D:/code/omnitune/app/src/main/kotlin/com/omnitune/app/ui/menu/SongMenu.kt:401:62 Unresolved reference 'radio'.
e: file:///D:/code/omnitune/app/src/main/kotlin/com/omnitune/app/ui/menu/SongMenu.kt:416:62 Unresolved reference 'playlist_play'.
e: file:///D:/code/omnitune/app/src/main/kotlin/com/omnitune/app/ui/menu/SongMenu.kt:431:62 Unresolved reference 'queue_music'.
e: file:///D:/code/omnitune/app/src/main/kotlin/com/omnitune/app/ui/menu/SongMenu.kt:446:62 Unresolved reference 'playlist_add'.
e: file:///D:/code/omnitune/app/src/main/kotlin/com/omnitune/app/ui/menu/SongMenu.kt:458:62 Unresolved reference 'share'.
e: file:///D:/code/omnitune/app/src/main/kotlin/com/omnitune/app/ui/menu/SongMenu.kt:479:62 Unresolved reference 'edit'.
e: file:///D:/code/omnitune/app/src/main/kotlin/com/omnitune/app/ui/menu/SongMenu.kt:505:13 Unresolved reference 'MenuSurfaceSection'.
e: file:///D:/code/omnitune/app/src/main/kotlin/com/omnitune/app/ui/menu/SongMenu.kt:506:17 @Composable invocations can only happen from the context of a @Composable function
e: file:///D:/code/omnitune/app/src/main/kotlin/com/omnitune/app/ui/menu/SongMenu.kt:518:13 Unresolved reference 'MenuSurfaceSection'.
e: file:///D:/code/omnitune/app/src/main/kotlin/com/omnitune/app/ui/menu/SongMenu.kt:519:17 @Composable invocations can only happen from the context of a @Composable function
e: file:///D:/code/omnitune/app/src/main/kotlin/com/omnitune/app/ui/menu/SongMenu.kt:524:79 Unresolved reference 'add_to_library'.
e: file:///D:/code/omnitune/app/src/main/kotlin/com/omnitune/app/ui/menu/SongMenu.kt:525:51 Unresolved reference 'remove_from_library'.
e: file:///D:/code/omnitune/app/src/main/kotlin/com/omnitune/app/ui/menu/SongMenu.kt:533:81 Unresolved reference 'library_add'.
e: file:///D:/code/omnitune/app/src/main/kotlin/com/omnitune/app/ui/menu/SongMenu.kt:534:53 Unresolved reference 'library_add_check'.
e: file:///D:/code/omnitune/app/src/main/kotlin/com/omnitune/app/ui/menu/SongMenu.kt:546:47 @Composable invocations can only happen from the context of a @Composable function
e: file:///D:/code/omnitune/app/src/main/kotlin/com/omnitune/app/ui/menu/SongMenu.kt:556:13 Unresolved reference 'MenuSurfaceSection'.
e: file:///D:/code/omnitune/app/src/main/kotlin/com/omnitune/app/ui/menu/SongMenu.kt:558:17 @Composable invocations can only happen from the context of a @Composable function
e: file:///D:/code/omnitune/app/src/main/kotlin/com/omnitune/app/ui/menu/SongMenu.kt:563:68 Unresolved reference 'remove_from_history'.
e: file:///D:/code/omnitune/app/src/main/kotlin/com/omnitune/app/ui/menu/SongMenu.kt:569:74 Unresolved reference 'delete'.
e: file:///D:/code/omnitune/app/src/main/kotlin/com/omnitune/app/ui/menu/SongMenu.kt:596:68 Unresolved reference 'remove_from_playlist'.
e: file:///D:/code/omnitune/app/src/main/kotlin/com/omnitune/app/ui/menu/SongMenu.kt:602:74 Unresolved reference 'delete'.
e: file:///D:/code/omnitune/app/src/main/kotlin/com/omnitune/app/ui/menu/SongMenu.kt:643:68 Unresolved reference 'remove_from_cache'.
e: file:///D:/code/omnitune/app/src/main/kotlin/com/omnitune/app/ui/menu/SongMenu.kt:649:74 Unresolved reference 'delete'.
e: file:///D:/code/omnitune/app/src/main/kotlin/com/omnitune/app/ui/menu/SongMenu.kt:657:52 Unresolved reference 'removeSongFromCache'.
e: file:///D:/code/omnitune/app/src/main/kotlin/com/omnitune/app/ui/menu/SongMenu.kt:668:37 Unresolved reference 'state'.
e: file:///D:/code/omnitune/app/src/main/kotlin/com/omnitune/app/ui/menu/SongMenu.kt:679:78 Unresolved reference 'offline'.
e: file:///D:/code/omnitune/app/src/main/kotlin/com/omnitune/app/ui/menu/SongMenu.kt:719:78 Unresolved reference 'download'.
e: file:///D:/code/omnitune/app/src/main/kotlin/com/omnitune/app/ui/menu/SongMenu.kt:751:13 Unresolved reference 'MenuSurfaceSection'.
e: file:///D:/code/omnitune/app/src/main/kotlin/com/omnitune/app/ui/menu/SongMenu.kt:752:17 @Composable invocations can only happen from the context of a @Composable function
e: file:///D:/code/omnitune/app/src/main/kotlin/com/omnitune/app/ui/menu/SongMenu.kt:757:70 Unresolved reference 'artist'.
e: file:///D:/code/omnitune/app/src/main/kotlin/com/omnitune/app/ui/menu/SongMenu.kt:780:85 Unresolved reference 'view_album'.
e: file:///D:/code/omnitune/app/src/main/kotlin/com/omnitune/app/ui/menu/SongMenu.kt:783:74 Unresolved reference 'album'.
e: file:///D:/code/omnitune/app/src/main/kotlin/com/omnitune/app/ui/menu/SongMenu.kt:804:13 Unresolved reference 'MenuSurfaceSection'.
e: file:///D:/code/omnitune/app/src/main/kotlin/com/omnitune/app/ui/menu/SongMenu.kt:805:17 @Composable invocations can only happen from the context of a @Composable function
e: file:///D:/code/omnitune/app/src/main/kotlin/com/omnitune/app/ui/menu/SongMenu.kt:810:70 Unresolved reference 'sync'.
e: file:///D:/code/omnitune/app/src/main/kotlin/com/omnitune/app/ui/menu/SongMenu.kt:838:81 Unresolved reference 'details'.
e: file:///D:/code/omnitune/app/src/main/kotlin/com/omnitune/app/ui/menu/SongMenu.kt:841:70 Unresolved reference 'info'.
e: file:///D:/code/omnitune/app/src/main/kotlin/com/omnitune/app/ui/menu/SongMenu.kt:849:37 @Composable invocations can only happen from the context of a @Composable function
e: file:///D:/code/omnitune/app/src/main/kotlin/com/omnitune/app/ui/menu/YouTubeAlbumMenu.kt:124:22 Unresolved reference 'downloads'.
e: file:///D:/code/omnitune/app/src/main/kotlin/com/omnitune/app/ui/menu/YouTubeAlbumMenu.kt:124:42 Cannot infer type for value parameter 'downloads'. Specify it explicitly.
e: file:///D:/code/omnitune/app/src/main/kotlin/com/omnitune/app/ui/menu/YouTubeAlbumMenu.kt:126:48 Unresolved reference 'state'.
e: file:///D:/code/omnitune/app/src/main/kotlin/com/omnitune/app/ui/menu/YouTubeAlbumMenu.kt:129:40 Unresolved reference 'state'.
e: file:///D:/code/omnitune/app/src/main/kotlin/com/omnitune/app/ui/menu/YouTubeAlbumMenu.kt:130:48 Unresolved reference 'state'.
e: file:///D:/code/omnitune/app/src/main/kotlin/com/omnitune/app/ui/menu/YouTubeAlbumMenu.kt:131:48 Unresolved reference 'state'.
e: file:///D:/code/omnitune/app/src/main/kotlin/com/omnitune/app/ui/menu/YouTubeAlbumMenu.kt:181:5 Unresolved reference 'AddToPlaylistDialog'.
e: file:///D:/code/omnitune/app/src/main/kotlin/com/omnitune/app/ui/menu/YouTubeAlbumMenu.kt:183:23 Cannot infer type for value parameter 'playlist'. Specify it explicitly.
e: file:///D:/code/omnitune/app/src/main/kotlin/com/omnitune/app/ui/menu/YouTubeAlbumMenu.kt:185:26 Unresolved reference 'playlist'.
e: file:///D:/code/omnitune/app/src/main/kotlin/com/omnitune/app/ui/menu/YouTubeAlbumMenu.kt:185:45 Cannot infer type for type parameter 'T'. Specify it explicitly.
e: file:///D:/code/omnitune/app/src/main/kotlin/com/omnitune/app/ui/menu/YouTubeAlbumMenu.kt:185:45 Cannot infer type for type parameter 'R'. Specify it explicitly.
e: file:///D:/code/omnitune/app/src/main/kotlin/com/omnitune/app/ui/menu/YouTubeAlbumMenu.kt:185:51 Cannot infer type for type parameter 'T'. Specify it explicitly.
e: file:///D:/code/omnitune/app/src/main/kotlin/com/omnitune/app/ui/menu/YouTubeAlbumMenu.kt:194:27 Cannot infer type for value parameter 'songCount'. Specify it explicitly.
e: file:///D:/code/omnitune/app/src/main/kotlin/com/omnitune/app/ui/menu/YouTubeAlbumMenu.kt:194:38 Cannot infer type for value parameter 'playlistNames'. Specify it explicitly.
e: file:///D:/code/omnitune/app/src/main/kotlin/com/omnitune/app/ui/menu/YouTubeAlbumMenu.kt:196:49 Function invocation 'size(...)' expected.
e: file:///D:/code/omnitune/app/src/main/kotlin/com/omnitune/app/ui/menu/YouTubeAlbumMenu.kt:197:27 'operator' modifier is required on 'fun <T> Comparable<T>.compareTo(other: T): Int'.
e: file:///D:/code/omnitune/app/src/main/kotlin/com/omnitune/app/ui/menu/YouTubeAlbumMenu.kt:197:48 Function invocation 'size(...)' expected.
e: file:///D:/code/omnitune/app/src/main/kotlin/com/omnitune/app/ui/menu/YouTubeAlbumMenu.kt:198:98 Function invocation 'size(...)' expected.
e: file:///D:/code/omnitune/app/src/main/kotlin/com/omnitune/app/ui/menu/YouTubeAlbumMenu.kt:199:107 Function invocation 'size(...)' expected.
e: file:///D:/code/omnitune/app/src/main/kotlin/com/omnitune/app/ui/menu/YouTubeAlbumMenu.kt:217:66 Unresolved reference 'close'.
e: file:///D:/code/omnitune/app/src/main/kotlin/com/omnitune/app/ui/menu/YouTubeAlbumMenu.kt:290:98 Unresolved reference 'favorite'.
e: file:///D:/code/omnitune/app/src/main/kotlin/com/omnitune/app/ui/menu/YouTubeAlbumMenu.kt:290:123 Unresolved reference 'favorite_border'.
e: file:///D:/code/omnitune/app/src/main/kotlin/com/omnitune/app/ui/menu/YouTubeAlbumMenu.kt:321:70 Unresolved reference 'play'.
e: file:///D:/code/omnitune/app/src/main/kotlin/com/omnitune/app/ui/menu/YouTubeAlbumMenu.kt:340:70 Unresolved reference 'shuffle'.
e: file:///D:/code/omnitune/app/src/main/kotlin/com/omnitune/app/ui/menu/YouTubeAlbumMenu.kt:359:70 Unresolved reference 'share'.
e: file:///D:/code/omnitune/app/src/main/kotlin/com/omnitune/app/ui/menu/YouTubeAlbumMenu.kt:385:62 Unresolved reference 'playlist_play'.
e: file:///D:/code/omnitune/app/src/main/kotlin/com/omnitune/app/ui/menu/YouTubeAlbumMenu.kt:403:62 Unresolved reference 'queue_music'.
e: file:///D:/code/omnitune/app/src/main/kotlin/com/omnitune/app/ui/menu/YouTubeAlbumMenu.kt:421:62 Unresolved reference 'playlist_add'.
e: file:///D:/code/omnitune/app/src/main/kotlin/com/omnitune/app/ui/menu/YouTubeAlbumMenu.kt:442:70 Unresolved reference 'offline'.
e: file:///D:/code/omnitune/app/src/main/kotlin/com/omnitune/app/ui/menu/YouTubeAlbumMenu.kt:481:70 Unresolved reference 'download'.
e: file:///D:/code/omnitune/app/src/main/kotlin/com/omnitune/app/ui/menu/YouTubeAlbumMenu.kt:511:66 Unresolved reference 'artist'.
e: file:///D:/code/omnitune/app/src/main/kotlin/com/omnitune/app/ui/menu/YouTubeArtistMenu.kt:101:78 Unresolved reference 'radio'.
e: file:///D:/code/omnitune/app/src/main/kotlin/com/omnitune/app/ui/menu/YouTubeArtistMenu.kt:107:64 Unresolved reference 'start_radio'.
e: file:///D:/code/omnitune/app/src/main/kotlin/com/omnitune/app/ui/menu/YouTubeArtistMenu.kt:122:78 Unresolved reference 'shuffle'.
e: file:///D:/code/omnitune/app/src/main/kotlin/com/omnitune/app/ui/menu/YouTubeArtistMenu.kt:142:74 Unresolved reference 'share'.
e: file:///D:/code/omnitune/app/src/main/kotlin/com/omnitune/app/ui/menu/YouTubeArtistMenu.kt:169:106 Unresolved reference 'subscribed'.
e: file:///D:/code/omnitune/app/src/main/kotlin/com/omnitune/app/ui/menu/YouTubeArtistMenu.kt:169:147 Unresolved reference 'subscribe'.
e: file:///D:/code/omnitune/app/src/main/kotlin/com/omnitune/app/ui/menu/YouTubeArtistMenu.kt:175:44 Unresolved reference 'subscribed'.
e: file:///D:/code/omnitune/app/src/main/kotlin/com/omnitune/app/ui/menu/YouTubeArtistMenu.kt:177:44 Unresolved reference 'subscribe'.
e: file:///D:/code/omnitune/app/src/main/kotlin/com/omnitune/app/ui/menu/YouTubePlaylistMenu.kt:120:5 Unresolved reference 'AddToPlaylistDialog'.
e: file:///D:/code/omnitune/app/src/main/kotlin/com/omnitune/app/ui/menu/YouTubePlaylistMenu.kt:122:23 Cannot infer type for value parameter 'targetPlaylist'. Specify it explicitly.
e: file:///D:/code/omnitune/app/src/main/kotlin/com/omnitune/app/ui/menu/YouTubePlaylistMenu.kt:125:29 Suspend function 'suspend fun playlist(playlistId: String): Result<PlaylistPage>' can only be called from a coroutine or another suspend function.
e: file:///D:/code/omnitune/app/src/main/kotlin/com/omnitune/app/ui/menu/YouTubePlaylistMenu.kt:125:51 Suspend function 'suspend fun Result<PlaylistPage>.completed(): Result<PlaylistPage>' can only be called from a coroutine or another suspend function.
e: file:///D:/code/omnitune/app/src/main/kotlin/com/omnitune/app/ui/menu/YouTubePlaylistMenu.kt:135:27 Cannot infer type for value parameter 'songCount'. Specify it explicitly.
e: file:///D:/code/omnitune/app/src/main/kotlin/com/omnitune/app/ui/menu/YouTubePlaylistMenu.kt:135:38 Cannot infer type for value parameter 'playlistNames'. Specify it explicitly.
e: file:///D:/code/omnitune/app/src/main/kotlin/com/omnitune/app/ui/menu/YouTubePlaylistMenu.kt:137:49 Function invocation 'size(...)' expected.
e: file:///D:/code/omnitune/app/src/main/kotlin/com/omnitune/app/ui/menu/YouTubePlaylistMenu.kt:138:27 'operator' modifier is required on 'fun <T> Comparable<T>.compareTo(other: T): Int'.
e: file:///D:/code/omnitune/app/src/main/kotlin/com/omnitune/app/ui/menu/YouTubePlaylistMenu.kt:138:48 Function invocation 'size(...)' expected.
e: file:///D:/code/omnitune/app/src/main/kotlin/com/omnitune/app/ui/menu/YouTubePlaylistMenu.kt:139:98 Function invocation 'size(...)' expected.
e: file:///D:/code/omnitune/app/src/main/kotlin/com/omnitune/app/ui/menu/YouTubePlaylistMenu.kt:140:107 Function invocation 'size(...)' expected.
e: file:///D:/code/omnitune/app/src/main/kotlin/com/omnitune/app/ui/menu/YouTubePlaylistMenu.kt:194:110 Unresolved reference 'favorite'.
e: file:///D:/code/omnitune/app/src/main/kotlin/com/omnitune/app/ui/menu/YouTubePlaylistMenu.kt:194:135 Unresolved reference 'favorite_border'.
e: file:///D:/code/omnitune/app/src/main/kotlin/com/omnitune/app/ui/menu/YouTubePlaylistMenu.kt:212:22 Unresolved reference 'downloads'.
e: file:///D:/code/omnitune/app/src/main/kotlin/com/omnitune/app/ui/menu/YouTubePlaylistMenu.kt:212:42 Cannot infer type for value parameter 'downloads'. Specify it explicitly.
e: file:///D:/code/omnitune/app/src/main/kotlin/com/omnitune/app/ui/menu/YouTubePlaylistMenu.kt:214:51 Unresolved reference 'state'.
e: file:///D:/code/omnitune/app/src/main/kotlin/com/omnitune/app/ui/menu/YouTubePlaylistMenu.kt:217:43 Unresolved reference 'state'.
e: file:///D:/code/omnitune/app/src/main/kotlin/com/omnitune/app/ui/menu/YouTubePlaylistMenu.kt:218:54 Unresolved reference 'state'.
e: file:///D:/code/omnitune/app/src/main/kotlin/com/omnitune/app/ui/menu/YouTubePlaylistMenu.kt:219:54 Unresolved reference 'state'.
e: file:///D:/code/omnitune/app/src/main/kotlin/com/omnitune/app/ui/menu/YouTubePlaylistMenu.kt:267:5 Unresolved reference 'ImportPlaylistDialog'.
e: file:///D:/code/omnitune/app/src/main/kotlin/com/omnitune/app/ui/menu/YouTubePlaylistMenu.kt:272:29 Suspend function 'suspend fun playlist(playlistId: String): Result<PlaylistPage>' can only be called from a coroutine or another suspend function.
e: file:///D:/code/omnitune/app/src/main/kotlin/com/omnitune/app/ui/menu/YouTubePlaylistMenu.kt:272:51 Suspend function 'suspend fun Result<PlaylistPage>.completed(): Result<PlaylistPage>' can only be called from a coroutine or another suspend function.
e: file:///D:/code/omnitune/app/src/main/kotlin/com/omnitune/app/ui/menu/YouTubePlaylistMenu.kt:299:66 Unresolved reference 'close'.
e: file:///D:/code/omnitune/app/src/main/kotlin/com/omnitune/app/ui/menu/YouTubePlaylistMenu.kt:362:78 Unresolved reference 'play'.
e: file:///D:/code/omnitune/app/src/main/kotlin/com/omnitune/app/ui/menu/YouTubePlaylistMenu.kt:381:78 Unresolved reference 'shuffle'.
e: file:///D:/code/omnitune/app/src/main/kotlin/com/omnitune/app/ui/menu/YouTubePlaylistMenu.kt:400:78 Unresolved reference 'radio'.
e: file:///D:/code/omnitune/app/src/main/kotlin/com/omnitune/app/ui/menu/YouTubePlaylistMenu.kt:406:64 Unresolved reference 'start_radio'.
e: file:///D:/code/omnitune/app/src/main/kotlin/com/omnitune/app/ui/menu/YouTubePlaylistMenu.kt:424:62 Unresolved reference 'playlist_play'.
e: file:///D:/code/omnitune/app/src/main/kotlin/com/omnitune/app/ui/menu/YouTubePlaylistMenu.kt:453:62 Unresolved reference 'queue_music'.
e: file:///D:/code/omnitune/app/src/main/kotlin/com/omnitune/app/ui/menu/YouTubePlaylistMenu.kt:482:62 Unresolved reference 'playlist_add'.
e: file:///D:/code/omnitune/app/src/main/kotlin/com/omnitune/app/ui/menu/YouTubePlaylistMenu.kt:493:73 Unresolved reference 'import_playlist'.
e: file:///D:/code/omnitune/app/src/main/kotlin/com/omnitune/app/ui/menu/YouTubePlaylistMenu.kt:496:62 Unresolved reference 'add'.
e: file:///D:/code/omnitune/app/src/main/kotlin/com/omnitune/app/ui/menu/YouTubePlaylistMenu.kt:507:73 Unresolved reference 'yt_sync'.
e: file:///D:/code/omnitune/app/src/main/kotlin/com/omnitune/app/ui/menu/YouTubePlaylistMenu.kt:510:62 Unresolved reference 'sync'.
e: file:///D:/code/omnitune/app/src/main/kotlin/com/omnitune/app/ui/menu/YouTubePlaylistMenu.kt:529:111 Unresolved reference 'import_failed'.
e: file:///D:/code/omnitune/app/src/main/kotlin/com/omnitune/app/ui/menu/YouTubePlaylistMenu.kt:531:119 Unresolved reference 'import_failed'.
e: file:///D:/code/omnitune/app/src/main/kotlin/com/omnitune/app/ui/menu/YouTubePlaylistMenu.kt:565:111 Unresolved reference 'playlist_synced'.
e: file:///D:/code/omnitune/app/src/main/kotlin/com/omnitune/app/ui/menu/YouTubePlaylistMenu.kt:567:119 Unresolved reference 'playlist_synced'.
e: file:///D:/code/omnitune/app/src/main/kotlin/com/omnitune/app/ui/menu/YouTubePlaylistMenu.kt:578:55 Unresolved reference 'syncAutoSyncPlaylists'.
e: file:///D:/code/omnitune/app/src/main/kotlin/com/omnitune/app/ui/menu/YouTubePlaylistMenu.kt:581:111 Unresolved reference 'playlist_synced'.
e: file:///D:/code/omnitune/app/src/main/kotlin/com/omnitune/app/ui/menu/YouTubePlaylistMenu.kt:583:119 Unresolved reference 'playlist_synced'.
e: file:///D:/code/omnitune/app/src/main/kotlin/com/omnitune/app/ui/menu/YouTubePlaylistMenu.kt:591:83 Unresolved reference 'import_failed'.
e: file:///D:/code/omnitune/app/src/main/kotlin/com/omnitune/app/ui/menu/YouTubePlaylistMenu.kt:617:70 Unresolved reference 'offline'.
e: file:///D:/code/omnitune/app/src/main/kotlin/com/omnitune/app/ui/menu/YouTubePlaylistMenu.kt:642:70 Unresolved reference 'download'.
e: file:///D:/code/omnitune/app/src/main/kotlin/com/omnitune/app/ui/menu/YouTubePlaylistMenu.kt:681:62 Unresolved reference 'share'.
e: file:///D:/code/omnitune/app/src/main/kotlin/com/omnitune/app/ui/menu/YouTubePlaylistMenu.kt:699:77 Unresolved reference 'select'.
e: file:///D:/code/omnitune/app/src/main/kotlin/com/omnitune/app/ui/menu/YouTubePlaylistMenu.kt:702:66 Unresolved reference 'select_all'.
e: file:///D:/code/omnitune/app/src/main/kotlin/com/omnitune/app/ui/menu/YouTubeSongMenu.kt:85:38 Unresolved reference 'LocalBottomSheetPageState'.
e: file:///D:/code/omnitune/app/src/main/kotlin/com/omnitune/app/ui/menu/YouTubeSongMenu.kt:107:47 Unresolved reference 'getDownload'.
e: file:///D:/code/omnitune/app/src/main/kotlin/com/omnitune/app/ui/menu/YouTubeSongMenu.kt:149:5 Unresolved reference 'AddToPlaylistDialog'.
e: file:///D:/code/omnitune/app/src/main/kotlin/com/omnitune/app/ui/menu/YouTubeSongMenu.kt:151:23 Cannot infer type for value parameter 'playlist'. Specify it explicitly.
e: file:///D:/code/omnitune/app/src/main/kotlin/com/omnitune/app/ui/menu/YouTubeSongMenu.kt:156:26 Unresolved reference 'playlist'.
e: file:///D:/code/omnitune/app/src/main/kotlin/com/omnitune/app/ui/menu/YouTubeSongMenu.kt:156:45 Cannot infer type for type parameter 'T'. Specify it explicitly.
e: file:///D:/code/omnitune/app/src/main/kotlin/com/omnitune/app/ui/menu/YouTubeSongMenu.kt:156:45 Cannot infer type for type parameter 'R'. Specify it explicitly.
e: file:///D:/code/omnitune/app/src/main/kotlin/com/omnitune/app/ui/menu/YouTubeSongMenu.kt:156:51 Cannot infer type for type parameter 'T'. Specify it explicitly.
e: file:///D:/code/omnitune/app/src/main/kotlin/com/omnitune/app/ui/menu/YouTubeSongMenu.kt:163:27 Cannot infer type for implicit value parameter 'it'. Specify it explicitly.
e: file:///D:/code/omnitune/app/src/main/kotlin/com/omnitune/app/ui/menu/YouTubeSongMenu.kt:163:30 Cannot infer type for value parameter 'playlistNames'. Specify it explicitly.
e: file:///D:/code/omnitune/app/src/main/kotlin/com/omnitune/app/ui/menu/YouTubeSongMenu.kt:165:31 Function invocation 'size(...)' expected.
e: file:///D:/code/omnitune/app/src/main/kotlin/com/omnitune/app/ui/menu/YouTubeSongMenu.kt:166:88 Function invocation 'size(...)' expected.
e: file:///D:/code/omnitune/app/src/main/kotlin/com/omnitune/app/ui/menu/YouTubeSongMenu.kt:262:39 Unresolved reference 'likeSong'.
e: file:///D:/code/omnitune/app/src/main/kotlin/com/omnitune/app/ui/menu/YouTubeSongMenu.kt:268:96 Unresolved reference 'favorite'.
e: file:///D:/code/omnitune/app/src/main/kotlin/com/omnitune/app/ui/menu/YouTubeSongMenu.kt:268:121 Unresolved reference 'favorite_border'.
e: file:///D:/code/omnitune/app/src/main/kotlin/com/omnitune/app/ui/menu/YouTubeSongMenu.kt:281:32 Unresolved reference 'LocalBottomSheetPageState'.
e: file:///D:/code/omnitune/app/src/main/kotlin/com/omnitune/app/ui/menu/YouTubeSongMenu.kt:305:70 Unresolved reference 'playlist_play'.
e: file:///D:/code/omnitune/app/src/main/kotlin/com/omnitune/app/ui/menu/YouTubeSongMenu.kt:320:70 Unresolved reference 'playlist_add'.
e: file:///D:/code/omnitune/app/src/main/kotlin/com/omnitune/app/ui/menu/YouTubeSongMenu.kt:334:70 Unresolved reference 'share'.
e: file:///D:/code/omnitune/app/src/main/kotlin/com/omnitune/app/ui/menu/YouTubeSongMenu.kt:357:73 Unresolved reference 'start_radio'.
e: file:///D:/code/omnitune/app/src/main/kotlin/com/omnitune/app/ui/menu/YouTubeSongMenu.kt:360:62 Unresolved reference 'radio'.
e: file:///D:/code/omnitune/app/src/main/kotlin/com/omnitune/app/ui/menu/YouTubeSongMenu.kt:375:62 Unresolved reference 'queue_music'.
e: file:///D:/code/omnitune/app/src/main/kotlin/com/omnitune/app/ui/menu/YouTubeSongMenu.kt:388:99 Unresolved reference 'remove_from_library'.
e: file:///D:/code/omnitune/app/src/main/kotlin/com/omnitune/app/ui/menu/YouTubeSongMenu.kt:388:149 Unresolved reference 'add_to_library'.
e: file:///D:/code/omnitune/app/src/main/kotlin/com/omnitune/app/ui/menu/YouTubeSongMenu.kt:392:104 Unresolved reference 'library_add_check'.
e: file:///D:/code/omnitune/app/src/main/kotlin/com/omnitune/app/ui/menu/YouTubeSongMenu.kt:392:138 Unresolved reference 'library_add'.
e: file:///D:/code/omnitune/app/src/main/kotlin/com/omnitune/app/ui/menu/YouTubeSongMenu.kt:411:29 Unresolved reference 'state'.
e: file:///D:/code/omnitune/app/src/main/kotlin/com/omnitune/app/ui/menu/YouTubeSongMenu.kt:422:70 Unresolved reference 'offline'.
e: file:///D:/code/omnitune/app/src/main/kotlin/com/omnitune/app/ui/menu/YouTubeSongMenu.kt:457:70 Unresolved reference 'download'.
e: file:///D:/code/omnitune/app/src/main/kotlin/com/omnitune/app/ui/menu/YouTubeSongMenu.kt:487:66 Unresolved reference 'artist'.
e: file:///D:/code/omnitune/app/src/main/kotlin/com/omnitune/app/ui/menu/YouTubeSongMenu.kt:505:77 Unresolved reference 'view_album'.
e: file:///D:/code/omnitune/app/src/main/kotlin/com/omnitune/app/ui/menu/YouTubeSongMenu.kt:508:66 Unresolved reference 'album'.
e: file:///D:/code/omnitune/app/src/main/kotlin/com/omnitune/app/ui/menu/YouTubeSongMenu.kt:521:74 Unresolved reference 'details'.
e: file:///D:/code/omnitune/app/src/main/kotlin/com/omnitune/app/ui/menu/YouTubeSongMenu.kt:524:63 Unresolved reference 'info'.
e: file:///D:/code/omnitune/app/src/main/kotlin/com/omnitune/app/ui/menu/YouTubeSongMenu.kt:531:27 @Composable invocations can only happen from the context of a @Composable function
e: file:///D:/code/omnitune/app/src/main/kotlin/com/omnitune/app/ui/screens/PlaylistDetailViewModel.kt:66:40 Argument type mismatch: actual type is 'PlaylistEntity', but 'Playlist' was expected.
e: file:///D:/code/omnitune/app/src/main/kotlin/com/omnitune/app/ui/screens/library/LibraryMixScreen.kt:61:35 Unresolved reference 'GridItemsSizeKey'.
e: file:///D:/code/omnitune/app/src/main/kotlin/com/omnitune/app/ui/screens/library/LibraryMixScreen.kt:90:36 Unresolved reference 'LibraryViewModel'.
e: file:///D:/code/omnitune/app/src/main/kotlin/com/omnitune/app/ui/screens/library/LibraryMixScreen.kt:106:16 Unresolved reference 'LibraryViewModel'.
e: file:///D:/code/omnitune/app/src/main/kotlin/com/omnitune/app/ui/screens/library/LibraryMixScreen.kt:106:35 Cannot infer type for type parameter 'VM'. Specify it explicitly.
e: file:///D:/code/omnitune/app/src/main/kotlin/com/omnitune/app/ui/screens/library/LibraryMixScreen.kt:175:13 Unresolved reference 'songCount'.
e: file:///D:/code/omnitune/app/src/main/kotlin/com/omnitune/app/ui/screens/library/LibraryMixScreen.kt:175:26 Syntax error: Unexpected tokens (use ';' to separate expressions on the same line).
e: file:///D:/code/omnitune/app/src/main/kotlin/com/omnitune/app/ui/screens/library/LibraryMixScreen.kt:176:13 Unresolved reference 'songThumbnails'.
e: file:///D:/code/omnitune/app/src/main/kotlin/com/omnitune/app/ui/screens/library/LibraryMixScreen.kt:176:30 Cannot infer type for type parameter 'T'. Specify it explicitly.
e: file:///D:/code/omnitune/app/src/main/kotlin/com/omnitune/app/ui/screens/library/LibraryMixScreen.kt:176:41 Syntax error: Unexpected tokens (use ';' to separate expressions on the same line).
e: file:///D:/code/omnitune/app/src/main/kotlin/com/omnitune/app/ui/screens/library/LibraryMixScreen.kt:177:9 Syntax error: Expecting an element.
e: file:///D:/code/omnitune/app/src/main/kotlin/com/omnitune/app/ui/screens/library/LibraryMixScreen.kt:185:28 Unresolved reference 'libraryAlbums'.
e: file:///D:/code/omnitune/app/src/main/kotlin/com/omnitune/app/ui/screens/library/LibraryMixScreen.kt:185:42 Cannot infer type for type parameter 'T'. Specify it explicitly.
e: file:///D:/code/omnitune/app/src/main/kotlin/com/omnitune/app/ui/screens/library/LibraryMixScreen.kt:186:28 Unresolved reference 'libraryArtists'.
e: file:///D:/code/omnitune/app/src/main/kotlin/com/omnitune/app/ui/screens/library/LibraryMixScreen.kt:186:43 Cannot infer type for type parameter 'T'. Specify it explicitly.
e: file:///D:/code/omnitune/app/src/main/kotlin/com/omnitune/app/ui/screens/library/LibraryMixScreen.kt:187:30 Unresolved reference 'playlists'.
e: file:///D:/code/omnitune/app/src/main/kotlin/com/omnitune/app/ui/screens/library/LibraryMixScreen.kt:187:40 Cannot infer type for type parameter 'T'. Specify it explicitly.
e: file:///D:/code/omnitune/app/src/main/kotlin/com/omnitune/app/ui/screens/library/LibraryMixScreen.kt:196:24 Cannot infer type for type parameter 'T'. Specify it explicitly.
e: file:///D:/code/omnitune/app/src/main/kotlin/com/omnitune/app/ui/screens/library/LibraryMixScreen.kt:196:24 Cannot infer type for type parameter 'R'. Specify it explicitly.
e: file:///D:/code/omnitune/app/src/main/kotlin/com/omnitune/app/ui/screens/library/LibraryMixScreen.kt:196:30 Cannot infer type for type parameter 'T'. Specify it explicitly.
e: file:///D:/code/omnitune/app/src/main/kotlin/com/omnitune/app/ui/screens/library/LibraryMixScreen.kt:197:77 Unresolved reference 'it'.
e: file:///D:/code/omnitune/app/src/main/kotlin/com/omnitune/app/ui/screens/library/LibraryMixScreen.kt:204:39 Cannot infer type for value parameter 'item'. Specify it explicitly.
e: file:///D:/code/omnitune/app/src/main/kotlin/com/omnitune/app/ui/screens/library/LibraryMixScreen.kt:214:21 Cannot infer type for type parameter 'T'. Specify it explicitly.
e: file:///D:/code/omnitune/app/src/main/kotlin/com/omnitune/app/ui/screens/library/LibraryMixScreen.kt:214:43 Cannot infer type for type parameter 'T'. Specify it explicitly.
e: file:///D:/code/omnitune/app/src/main/kotlin/com/omnitune/app/ui/screens/library/LibraryMixScreen.kt:224:39 Cannot infer type for value parameter 'item'. Specify it explicitly.
e: file:///D:/code/omnitune/app/src/main/kotlin/com/omnitune/app/ui/screens/library/LibraryMixScreen.kt:231:11 Cannot infer type for type parameter 'T'. Specify it explicitly.
e: file:///D:/code/omnitune/app/src/main/kotlin/com/omnitune/app/ui/screens/library/LibraryMixScreen.kt:231:11 Cannot infer type for type parameter 'R'. Specify it explicitly.
e: file:///D:/code/omnitune/app/src/main/kotlin/com/omnitune/app/ui/screens/library/LibraryMixScreen.kt:231:17 Cannot infer type for type parameter 'T'. Specify it explicitly.
e: file:///D:/code/omnitune/app/src/main/kotlin/com/omnitune/app/ui/screens/library/LibraryMixScreen.kt:232:38 Cannot infer type for type parameter 'T'. Specify it explicitly.
e: file:///D:/code/omnitune/app/src/main/kotlin/com/omnitune/app/ui/screens/library/LibraryMixScreen.kt:243:38 Syntax error: Expecting an element.
e: file:///D:/code/omnitune/app/src/main/kotlin/com/omnitune/app/ui/screens/library/LibraryMixScreen.kt:252:64 Unresolved reference 'it'.
e: file:///D:/code/omnitune/app/src/main/kotlin/com/omnitune/app/ui/screens/library/LibraryMixScreen.kt:254:95 Unresolved reference 'it'.
e: file:///D:/code/omnitune/app/src/main/kotlin/com/omnitune/app/ui/screens/library/LibraryMixScreen.kt:257:46 Cannot infer type for value parameter 'item'. Specify it explicitly.
e: file:///D:/code/omnitune/app/src/main/kotlin/com/omnitune/app/ui/screens/library/LibraryMixScreen.kt:268:25 Cannot infer type for type parameter 'T'. Specify it explicitly.
e: file:///D:/code/omnitune/app/src/main/kotlin/com/omnitune/app/ui/screens/library/LibraryMixScreen.kt:268:47 Cannot infer type for type parameter 'T'. Specify it explicitly.
e: file:///D:/code/omnitune/app/src/main/kotlin/com/omnitune/app/ui/screens/library/LibraryMixScreen.kt:279:46 Cannot infer type for value parameter 'item'. Specify it explicitly.
e: file:///D:/code/omnitune/app/src/main/kotlin/com/omnitune/app/ui/screens/library/LibraryMixScreen.kt:287:15 Cannot infer type for type parameter 'T'. Specify it explicitly.
e: file:///D:/code/omnitune/app/src/main/kotlin/com/omnitune/app/ui/screens/library/LibraryMixScreen.kt:287:15 Cannot infer type for type parameter 'R'. Specify it explicitly.
e: file:///D:/code/omnitune/app/src/main/kotlin/com/omnitune/app/ui/screens/library/LibraryMixScreen.kt:287:21 Cannot infer type for type parameter 'T'. Specify it explicitly.
e: file:///D:/code/omnitune/app/src/main/kotlin/com/omnitune/app/ui/screens/library/LibraryMixScreen.kt:288:42 Cannot infer type for type parameter 'T'. Specify it explicitly.
e: file:///D:/code/omnitune/app/src/main/kotlin/com/omnitune/app/ui/screens/library/LibraryMixScreen.kt:324:34 Cannot infer type for value parameter 'sortType'. Specify it explicitly.
e: file:///D:/code/omnitune/app/src/main/kotlin/com/omnitune/app/ui/screens/library/LibraryMixScreen.kt:326:61 Unresolved reference 'sort_by_create_date'.
e: file:///D:/code/omnitune/app/src/main/kotlin/com/omnitune/app/ui/screens/library/LibraryMixScreen.kt:327:62 Unresolved reference 'sort_by_last_updated'.
e: file:///D:/code/omnitune/app/src/main/kotlin/com/omnitune/app/ui/screens/library/LibraryMixScreen.kt:328:54 Unresolved reference 'sort_by_name'.
e: file:///D:/code/omnitune/app/src/main/kotlin/com/omnitune/app/ui/screens/library/LibraryMixScreen.kt:354:64 Unresolved reference 'list'.
e: file:///D:/code/omnitune/app/src/main/kotlin/com/omnitune/app/ui/screens/library/LibraryMixScreen.kt:355:64 Unresolved reference 'grid_view'.
e: file:///D:/code/omnitune/app/src/main/kotlin/com/omnitune/app/ui/screens/library/LibraryMixScreen.kt:398:33 No parameter with name 'autoPlaylist' found.
e: file:///D:/code/omnitune/app/src/main/kotlin/com/omnitune/app/ui/screens/library/LibraryMixScreen.kt:399:33 No parameter with name 'modifier' found.
e: file:///D:/code/omnitune/app/src/main/kotlin/com/omnitune/app/ui/screens/library/LibraryMixScreen.kt:417:33 No parameter with name 'autoPlaylist' found.
e: file:///D:/code/omnitune/app/src/main/kotlin/com/omnitune/app/ui/screens/library/LibraryMixScreen.kt:418:33 No parameter with name 'modifier' found.
e: file:///D:/code/omnitune/app/src/main/kotlin/com/omnitune/app/ui/screens/library/LibraryMixScreen.kt:436:33 No parameter with name 'autoPlaylist' found.
e: file:///D:/code/omnitune/app/src/main/kotlin/com/omnitune/app/ui/screens/library/LibraryMixScreen.kt:437:33 No parameter with name 'modifier' found.
e: file:///D:/code/omnitune/app/src/main/kotlin/com/omnitune/app/ui/screens/library/LibraryMixScreen.kt:455:33 No parameter with name 'autoPlaylist' found.
e: file:///D:/code/omnitune/app/src/main/kotlin/com/omnitune/app/ui/screens/library/LibraryMixScreen.kt:456:33 No parameter with name 'modifier' found.
e: file:///D:/code/omnitune/app/src/main/kotlin/com/omnitune/app/ui/screens/library/LibraryMixScreen.kt:470:41 Unresolved reference 'mutableVisiblePlaylists'.
e: file:///D:/code/omnitune/app/src/main/kotlin/com/omnitune/app/ui/screens/library/LibraryMixScreen.kt:471:41 Cannot infer type for implicit value parameter 'it'. Specify it explicitly.
e: file:///D:/code/omnitune/app/src/main/kotlin/com/omnitune/app/ui/screens/library/LibraryMixScreen.kt:471:44 Cannot infer type for value parameter 'item'. Specify it explicitly.
e: file:///D:/code/omnitune/app/src/main/kotlin/com/omnitune/app/ui/screens/library/LibraryMixScreen.kt:471:57 Unresolved reference 'id'.
e: file:///D:/code/omnitune/app/src/main/kotlin/com/omnitune/app/ui/screens/library/LibraryMixScreen.kt:472:49 Cannot infer type for implicit value parameter 'it'. Specify it explicitly.
e: file:///D:/code/omnitune/app/src/main/kotlin/com/omnitune/app/ui/screens/library/LibraryMixScreen.kt:472:52 Cannot infer type for implicit value parameter 'it'. Specify it explicitly.
e: file:///D:/code/omnitune/app/src/main/kotlin/com/omnitune/app/ui/screens/library/LibraryMixScreen.kt:473:33 Cannot infer type for implicit value parameter 'it'. Specify it explicitly.
e: file:///D:/code/omnitune/app/src/main/kotlin/com/omnitune/app/ui/screens/library/LibraryMixScreen.kt:473:36 Cannot infer type for value parameter 'item'. Specify it explicitly.
e: file:///D:/code/omnitune/app/src/main/kotlin/com/omnitune/app/ui/screens/library/LibraryMixScreen.kt:474:33 Unresolved reference 'LibraryPlaylistListItem'.
e: file:///D:/code/omnitune/app/src/main/kotlin/com/omnitune/app/ui/screens/library/LibraryMixScreen.kt:482:57 Unresolved reference 'animateItem'.
e: file:///D:/code/omnitune/app/src/main/kotlin/com/omnitune/app/ui/screens/library/LibraryMixScreen.kt:488:41 Unresolved reference 'it'.
e: file:///D:/code/omnitune/app/src/main/kotlin/com/omnitune/app/ui/screens/library/LibraryMixScreen.kt:490:33 Cannot infer type for value parameter 'item'. Specify it explicitly.
e: file:///D:/code/omnitune/app/src/main/kotlin/com/omnitune/app/ui/screens/library/LibraryMixScreen.kt:491:33 Unresolved reference 'LibraryPlaylistListItem'.
e: file:///D:/code/omnitune/app/src/main/kotlin/com/omnitune/app/ui/screens/library/LibraryMixScreen.kt:497:57 Unresolved reference 'animateItem'.
e: file:///D:/code/omnitune/app/src/main/kotlin/com/omnitune/app/ui/screens/library/LibraryMixScreen.kt:503:67 Unresolved reference 'it'.
e: file:///D:/code/omnitune/app/src/main/kotlin/com/omnitune/app/ui/screens/library/LibraryMixScreen.kt:504:37 Unresolved reference 'it'.
e: file:///D:/code/omnitune/app/src/main/kotlin/com/omnitune/app/ui/screens/library/LibraryMixScreen.kt:506:29 Cannot infer type for value parameter 'item'. Specify it explicitly.
e: file:///D:/code/omnitune/app/src/main/kotlin/com/omnitune/app/ui/screens/library/LibraryMixScreen.kt:509:37 @Composable invocations can only happen from the context of a @Composable function
e: file:///D:/code/omnitune/app/src/main/kotlin/com/omnitune/app/ui/screens/library/LibraryMixScreen.kt:529:41 No parameter with name 'modifier' found.
e: file:///D:/code/omnitune/app/src/main/kotlin/com/omnitune/app/ui/screens/library/LibraryMixScreen.kt:547:46 Unresolved reference 'animateItem'.
e: file:///D:/code/omnitune/app/src/main/kotlin/com/omnitune/app/ui/screens/library/LibraryMixScreen.kt:552:37 @Composable invocations can only happen from the context of a @Composable function
e: file:///D:/code/omnitune/app/src/main/kotlin/com/omnitune/app/ui/screens/library/LibraryMixScreen.kt:554:41 No parameter with name 'isActive' found.
e: file:///D:/code/omnitune/app/src/main/kotlin/com/omnitune/app/ui/screens/library/LibraryMixScreen.kt:555:41 No parameter with name 'isPlaying' found.
e: file:///D:/code/omnitune/app/src/main/kotlin/com/omnitune/app/ui/screens/library/LibraryMixScreen.kt:574:41 No parameter with name 'modifier' found.
e: file:///D:/code/omnitune/app/src/main/kotlin/com/omnitune/app/ui/screens/library/LibraryMixScreen.kt:592:46 Unresolved reference 'animateItem'.
e: file:///D:/code/omnitune/app/src/main/kotlin/com/omnitune/app/ui/screens/library/LibraryMixScreen.kt:602:37 Unresolved reference 'it'.
e: file:///D:/code/omnitune/app/src/main/kotlin/com/omnitune/app/ui/screens/library/LibraryMixScreen.kt:604:29 Cannot infer type for value parameter 'item'. Specify it explicitly.
e: file:///D:/code/omnitune/app/src/main/kotlin/com/omnitune/app/ui/screens/library/LibraryMixScreen.kt:607:37 Unresolved reference 'LibraryPlaylistListItem'.
e: file:///D:/code/omnitune/app/src/main/kotlin/com/omnitune/app/ui/screens/library/LibraryMixScreen.kt:613:61 Unresolved reference 'animateItem'.
e: file:///D:/code/omnitune/app/src/main/kotlin/com/omnitune/app/ui/screens/library/LibraryMixScreen.kt:618:37 @Composable invocations can only happen from the context of a @Composable function
e: file:///D:/code/omnitune/app/src/main/kotlin/com/omnitune/app/ui/screens/library/LibraryMixScreen.kt:638:41 No parameter with name 'modifier' found.
e: file:///D:/code/omnitune/app/src/main/kotlin/com/omnitune/app/ui/screens/library/LibraryMixScreen.kt:656:46 Unresolved reference 'animateItem'.
e: file:///D:/code/omnitune/app/src/main/kotlin/com/omnitune/app/ui/screens/library/LibraryMixScreen.kt:661:37 @Composable invocations can only happen from the context of a @Composable function
e: file:///D:/code/omnitune/app/src/main/kotlin/com/omnitune/app/ui/screens/library/LibraryMixScreen.kt:663:41 No parameter with name 'isActive' found.
e: file:///D:/code/omnitune/app/src/main/kotlin/com/omnitune/app/ui/screens/library/LibraryMixScreen.kt:664:41 No parameter with name 'isPlaying' found.
e: file:///D:/code/omnitune/app/src/main/kotlin/com/omnitune/app/ui/screens/library/LibraryMixScreen.kt:683:41 No parameter with name 'modifier' found.
e: file:///D:/code/omnitune/app/src/main/kotlin/com/omnitune/app/ui/screens/library/LibraryMixScreen.kt:701:46 Unresolved reference 'animateItem'.
e: file:///D:/code/omnitune/app/src/main/kotlin/com/omnitune/app/ui/screens/library/LibraryMixScreen.kt:826:33 Unresolved reference 'it'.
e: file:///D:/code/omnitune/app/src/main/kotlin/com/omnitune/app/ui/screens/library/LibraryMixScreen.kt:828:25 Cannot infer type for value parameter 'item'. Specify it explicitly.
e: file:///D:/code/omnitune/app/src/main/kotlin/com/omnitune/app/ui/screens/library/LibraryMixScreen.kt:831:33 @Composable invocations can only happen from the context of a @Composable function
e: file:///D:/code/omnitune/app/src/main/kotlin/com/omnitune/app/ui/screens/library/LibraryMixScreen.kt:836:57 Unresolved reference 'animateItem'.
e: file:///D:/code/omnitune/app/src/main/kotlin/com/omnitune/app/ui/screens/library/LibraryMixScreen.kt:841:33 @Composable invocations can only happen from the context of a @Composable function
e: file:///D:/code/omnitune/app/src/main/kotlin/com/omnitune/app/ui/screens/library/LibraryMixScreen.kt:862:42 Unresolved reference 'animateItem'.
e: file:///D:/code/omnitune/app/src/main/kotlin/com/omnitune/app/ui/screens/library/LibraryMixScreen.kt:867:33 @Composable invocations can only happen from the context of a @Composable function
e: file:///D:/code/omnitune/app/src/main/kotlin/com/omnitune/app/ui/screens/library/LibraryMixScreen.kt:891:42 Unresolved reference 'animateItem'.
e: file:///D:/code/omnitune/app/src/main/kotlin/com/omnitune/app/ui/screens/library/LibraryMixScreen.kt:902:21 Unresolved reference 'item'.
e: file:///D:/code/omnitune/app/src/main/kotlin/com/omnitune/app/ui/screens/library/LibraryMixScreen.kt:903:25 Unresolved reference 'key'.
e: file:///D:/code/omnitune/app/src/main/kotlin/com/omnitune/app/ui/screens/library/LibraryMixScreen.kt:903:25 Only expressions are allowed in this context.
e: file:///D:/code/omnitune/app/src/main/kotlin/com/omnitune/app/ui/screens/library/LibraryMixScreen.kt:903:39 Syntax error: Expecting ')'.
e: file:///D:/code/omnitune/app/src/main/kotlin/com/omnitune/app/ui/screens/library/LibraryMixScreen.kt:904:25 Unresolved reference 'contentType'.
e: file:///D:/code/omnitune/app/src/main/kotlin/com/omnitune/app/ui/screens/library/LibraryMixScreen.kt:904:25 Only expressions are allowed in this context.
e: file:///D:/code/omnitune/app/src/main/kotlin/com/omnitune/app/ui/screens/library/LibraryMixScreen.kt:905:21 Syntax error: Expecting an expression.
e: file:///D:/code/omnitune/app/src/main/kotlin/com/omnitune/app/ui/screens/library/LibraryMixScreen.kt:905:21 Syntax error: Expecting '->'.
e: file:///D:/code/omnitune/app/src/main/kotlin/com/omnitune/app/ui/screens/library/LibraryMixScreen.kt:909:21 'if' must have both main and 'else' branches when used as an expression.
e: file:///D:/code/omnitune/app/src/main/kotlin/com/omnitune/app/ui/screens/library/LibraryMixScreen.kt:910:25 Unresolved reference 'item'.
e: file:///D:/code/omnitune/app/src/main/kotlin/com/omnitune/app/ui/screens/library/LibraryMixScreen.kt:914:29 @Composable invocations can only happen from the context of a @Composable function
e: file:///D:/code/omnitune/app/src/main/kotlin/com/omnitune/app/ui/screens/library/LibraryMixScreen.kt:916:33 No parameter with name 'autoPlaylist' found.
e: file:///D:/code/omnitune/app/src/main/kotlin/com/omnitune/app/ui/screens/library/LibraryMixScreen.kt:917:33 No parameter with name 'modifier' found.
e: file:///D:/code/omnitune/app/src/main/kotlin/com/omnitune/app/ui/screens/library/LibraryMixScreen.kt:923:29 Unresolved reference 'LibraryViewType'.
e: file:///D:/code/omnitune/app/src/main/kotlin/com/omnitune/app/ui/screens/library/LibraryMixScreen.kt:923:44 Syntax error: Expecting an element.
e: file:///D:/code/omnitune/app/src/main/kotlin/com/omnitune/app/ui/screens/library/LibraryMixScreen.kt:923:49 Syntax error: Expecting an element.
e: file:///D:/code/omnitune/app/src/main/kotlin/com/omnitune/app/ui/screens/library/LibraryMixScreen.kt:923:50 Syntax error: Unexpected tokens (use ';' to separate expressions on the same line).
e: file:///D:/code/omnitune/app/src/main/kotlin/com/omnitune/app/ui/screens/library/LibraryMixScreen.kt:924:50 Syntax error: Unexpected tokens (use ';' to separate expressions on the same line).
e: file:///D:/code/omnitune/app/src/main/kotlin/com/omnitune/app/ui/screens/library/LibraryMixScreen.kt:928:25 Unresolved reference 'invoke'.
e: file:///D:/code/omnitune/app/src/main/kotlin/com/omnitune/app/ui/screens/library/LibraryMixScreen.kt:929:25 Unresolved reference 'item'.
e: file:///D:/code/omnitune/app/src/main/kotlin/com/omnitune/app/ui/screens/library/LibraryMixScreen.kt:933:29 @Composable invocations can only happen from the context of a @Composable function
e: file:///D:/code/omnitune/app/src/main/kotlin/com/omnitune/app/ui/screens/library/LibraryMixScreen.kt:935:33 No parameter with name 'autoPlaylist' found.
e: file:///D:/code/omnitune/app/src/main/kotlin/com/omnitune/app/ui/screens/library/LibraryMixScreen.kt:936:33 No parameter with name 'modifier' found.
e: file:///D:/code/omnitune/app/src/main/kotlin/com/omnitune/app/ui/screens/library/LibraryMixScreen.kt:942:38 Unresolved reference 'animateItem'.
e: file:///D:/code/omnitune/app/src/main/kotlin/com/omnitune/app/ui/screens/library/LibraryMixScreen.kt:947:21 Syntax error: Expecting '->'.
e: file:///D:/code/omnitune/app/src/main/kotlin/com/omnitune/app/ui/screens/library/LibraryMixScreen.kt:947:25 Unresolved reference 'invoke'.
e: file:///D:/code/omnitune/app/src/main/kotlin/com/omnitune/app/ui/screens/library/LibraryMixScreen.kt:948:25 Unresolved reference 'item'.
e: file:///D:/code/omnitune/app/src/main/kotlin/com/omnitune/app/ui/screens/library/LibraryMixScreen.kt:952:29 @Composable invocations can only happen from the context of a @Composable function
e: file:///D:/code/omnitune/app/src/main/kotlin/com/omnitune/app/ui/screens/library/LibraryMixScreen.kt:954:33 No parameter with name 'autoPlaylist' found.
e: file:///D:/code/omnitune/app/src/main/kotlin/com/omnitune/app/ui/screens/library/LibraryMixScreen.kt:955:33 No parameter with name 'modifier' found.
e: file:///D:/code/omnitune/app/src/main/kotlin/com/omnitune/app/ui/screens/library/LibraryMixScreen.kt:961:38 Unresolved reference 'animateItem'.
e: file:///D:/code/omnitune/app/src/main/kotlin/com/omnitune/app/ui/screens/library/LibraryMixScreen.kt:966:21 'if' must have both main and 'else' branches when used as an expression.
e: file:///D:/code/omnitune/app/src/main/kotlin/com/omnitune/app/ui/screens/library/LibraryMixScreen.kt:967:25 Unresolved reference 'item'.
e: file:///D:/code/omnitune/app/src/main/kotlin/com/omnitune/app/ui/screens/library/LibraryMixScreen.kt:971:29 @Composable invocations can only happen from the context of a @Composable function
e: file:///D:/code/omnitune/app/src/main/kotlin/com/omnitune/app/ui/screens/library/LibraryMixScreen.kt:973:33 No parameter with name 'autoPlaylist' found.
e: file:///D:/code/omnitune/app/src/main/kotlin/com/omnitune/app/ui/screens/library/LibraryMixScreen.kt:974:33 No parameter with name 'modifier' found.
e: file:///D:/code/omnitune/app/src/main/kotlin/com/omnitune/app/ui/screens/library/LibraryMixScreen.kt:980:38 Unresolved reference 'animateItem'.
e: file:///D:/code/omnitune/app/src/main/kotlin/com/omnitune/app/ui/screens/library/LibraryMixScreen.kt:985:25 Unresolved reference 'invoke'.
e: file:///D:/code/omnitune/app/src/main/kotlin/com/omnitune/app/ui/screens/library/LibraryMixScreen.kt:988:41 Unresolved reference 'mutableVisiblePlaylists'.
e: file:///D:/code/omnitune/app/src/main/kotlin/com/omnitune/app/ui/screens/library/LibraryMixScreen.kt:989:41 Cannot infer type for implicit value parameter 'it'. Specify it explicitly.
e: file:///D:/code/omnitune/app/src/main/kotlin/com/omnitune/app/ui/screens/library/LibraryMixScreen.kt:989:44 Cannot infer type for value parameter 'item'. Specify it explicitly.
e: file:///D:/code/omnitune/app/src/main/kotlin/com/omnitune/app/ui/screens/library/LibraryMixScreen.kt:989:57 Unresolved reference 'id'.
e: file:///D:/code/omnitune/app/src/main/kotlin/com/omnitune/app/ui/screens/library/LibraryMixScreen.kt:990:49 Cannot infer type for implicit value parameter 'it'. Specify it explicitly.
e: file:///D:/code/omnitune/app/src/main/kotlin/com/omnitune/app/ui/screens/library/LibraryMixScreen.kt:990:52 Cannot infer type for implicit value parameter 'it'. Specify it explicitly.
e: file:///D:/code/omnitune/app/src/main/kotlin/com/omnitune/app/ui/screens/library/LibraryMixScreen.kt:991:33 Cannot infer type for implicit value parameter 'it'. Specify it explicitly.
e: file:///D:/code/omnitune/app/src/main/kotlin/com/omnitune/app/ui/screens/library/LibraryMixScreen.kt:991:36 Cannot infer type for value parameter 'item'. Specify it explicitly.
e: file:///D:/code/omnitune/app/src/main/kotlin/com/omnitune/app/ui/screens/library/LibraryMixScreen.kt:992:33 Unresolved reference 'LibraryPlaylistListItem'.
e: file:///D:/code/omnitune/app/src/main/kotlin/com/omnitune/app/ui/screens/library/LibraryMixScreen.kt:1000:57 Unresolved reference 'animateItem'.
e: file:///D:/code/omnitune/app/src/main/kotlin/com/omnitune/app/ui/screens/library/LibraryMixScreen.kt:1006:41 Unresolved reference 'it'.
e: file:///D:/code/omnitune/app/src/main/kotlin/com/omnitune/app/ui/screens/library/LibraryMixScreen.kt:1008:33 Cannot infer type for value parameter 'item'. Specify it explicitly.
e: file:///D:/code/omnitune/app/src/main/kotlin/com/omnitune/app/ui/screens/library/LibraryMixScreen.kt:1009:33 Unresolved reference 'LibraryPlaylistListItem'.
e: file:///D:/code/omnitune/app/src/main/kotlin/com/omnitune/app/ui/screens/library/LibraryMixScreen.kt:1015:57 Unresolved reference 'animateItem'.
e: file:///D:/code/omnitune/app/src/main/kotlin/com/omnitune/app/ui/screens/library/LibraryMixScreen.kt:1021:67 Unresolved reference 'it'.
e: file:///D:/code/omnitune/app/src/main/kotlin/com/omnitune/app/ui/screens/library/LibraryMixScreen.kt:1022:37 Unresolved reference 'it'.
e: file:///D:/code/omnitune/app/src/main/kotlin/com/omnitune/app/ui/screens/library/LibraryMixScreen.kt:1024:29 Cannot infer type for value parameter 'item'. Specify it explicitly.
e: file:///D:/code/omnitune/app/src/main/kotlin/com/omnitune/app/ui/screens/library/LibraryMixScreen.kt:1027:37 @Composable invocations can only happen from the context of a @Composable function
e: file:///D:/code/omnitune/app/src/main/kotlin/com/omnitune/app/ui/screens/library/LibraryMixScreen.kt:1042:90 Unresolved reference 'more_vert'.
e: file:///D:/code/omnitune/app/src/main/kotlin/com/omnitune/app/ui/screens/library/LibraryMixScreen.kt:1047:41 No parameter with name 'modifier' found.
e: file:///D:/code/omnitune/app/src/main/kotlin/com/omnitune/app/ui/screens/library/LibraryMixScreen.kt:1065:46 Unresolved reference 'animateItem'.
e: file:///D:/code/omnitune/app/src/main/kotlin/com/omnitune/app/ui/screens/library/LibraryMixScreen.kt:1070:37 @Composable invocations can only happen from the context of a @Composable function
e: file:///D:/code/omnitune/app/src/main/kotlin/com/omnitune/app/ui/screens/library/LibraryMixScreen.kt:1072:41 No parameter with name 'isActive' found.
e: file:///D:/code/omnitune/app/src/main/kotlin/com/omnitune/app/ui/screens/library/LibraryMixScreen.kt:1073:41 No parameter with name 'isPlaying' found.
e: file:///D:/code/omnitune/app/src/main/kotlin/com/omnitune/app/ui/screens/library/LibraryMixScreen.kt:1080:53 No parameter with name 'painter' found.
e: file:///D:/code/omnitune/app/src/main/kotlin/com/omnitune/app/ui/screens/library/LibraryMixScreen.kt:1081:61 No value passed for parameter 'navController'.
e: file:///D:/code/omnitune/app/src/main/kotlin/com/omnitune/app/ui/screens/library/LibraryMixScreen.kt:1087:90 Unresolved reference 'more_vert'.
e: file:///D:/code/omnitune/app/src/main/kotlin/com/omnitune/app/ui/screens/library/LibraryMixScreen.kt:1092:41 No parameter with name 'modifier' found.
e: file:///D:/code/omnitune/app/src/main/kotlin/com/omnitune/app/ui/screens/library/LibraryMixScreen.kt:1110:46 Unresolved reference 'animateItem'.
e: file:///D:/code/omnitune/app/src/main/kotlin/com/omnitune/app/ui/screens/library/LibraryMixScreen.kt:1117:22 Syntax error: Expecting '->'.
e: file:///D:/code/omnitune/app/src/main/kotlin/com/omnitune/app/ui/screens/library/LibraryMixScreen.kt:1117:27 Syntax error: Expecting '->'.
e: file:///D:/code/omnitune/app/src/main/kotlin/com/omnitune/app/ui/screens/library/LibraryMixScreen.kt:1120:37 Unresolved reference 'it'.
e: file:///D:/code/omnitune/app/src/main/kotlin/com/omnitune/app/ui/screens/library/LibraryMixScreen.kt:1122:29 Cannot infer type for value parameter 'item'. Specify it explicitly.
e: file:///D:/code/omnitune/app/src/main/kotlin/com/omnitune/app/ui/screens/library/LibraryMixScreen.kt:1125:53 Unresolved reference 'painter'.
e: file:///D:/code/omnitune/app/src/main/kotlin/com/omnitune/app/ui/screens/library/LibraryMixScreen.kt:1125:63 @Composable invocations can only happen from the context of a @Composable function
e: file:///D:/code/omnitune/app/src/main/kotlin/com/omnitune/app/ui/screens/library/LibraryMixScreen.kt:1125:103 Syntax error: Unexpected tokens (use ';' to separate expressions on the same line).
e: file:///D:/code/omnitune/app/src/main/kotlin/com/omnitune/app/ui/screens/library/LibraryMixScreen.kt:1126:41 'val' cannot be reassigned.
e: file:///D:/code/omnitune/app/src/main/kotlin/com/omnitune/app/ui/screens/library/LibraryMixScreen.kt:1126:70 Syntax error: Unexpected tokens (use ';' to separate expressions on the same line).
e: file:///D:/code/omnitune/app/src/main/kotlin/com/omnitune/app/ui/screens/library/LibraryMixScreen.kt:1127:41 'val' cannot be reassigned.
e: file:///D:/code/omnitune/app/src/main/kotlin/com/omnitune/app/ui/screens/library/LibraryMixScreen.kt:1127:62 Syntax error: Unexpected tokens (use ';' to separate expressions on the same line).
e: file:///D:/code/omnitune/app/src/main/kotlin/com/omnitune/app/ui/screens/library/LibraryMixScreen.kt:1128:41 'val' cannot be reassigned.
e: file:///D:/code/omnitune/app/src/main/kotlin/com/omnitune/app/ui/screens/library/LibraryMixScreen.kt:1128:72 Syntax error: Unexpected tokens (use ';' to separate expressions on the same line).
e: file:///D:/code/omnitune/app/src/main/kotlin/com/omnitune/app/ui/screens/library/LibraryMixScreen.kt:1129:41 'val' cannot be reassigned.
e: file:///D:/code/omnitune/app/src/main/kotlin/com/omnitune/app/ui/screens/library/LibraryMixScreen.kt:1129:52 Assignment type mismatch: actual type is 'Playlist', but 'State<uninferred ERROR CLASS: Cannot infer argument for type parameter T>' was expected.
e: file:///D:/code/omnitune/app/src/main/kotlin/com/omnitune/app/ui/screens/library/LibraryMixScreen.kt:1129:56 Syntax error: Unexpected tokens (use ';' to separate expressions on the same line).
e: file:///D:/code/omnitune/app/src/main/kotlin/com/omnitune/app/ui/screens/library/LibraryMixScreen.kt:1130:41 Unresolved reference 'useNewDesign'.
e: file:///D:/code/omnitune/app/src/main/kotlin/com/omnitune/app/ui/screens/library/LibraryMixScreen.kt:1130:75 Syntax error: Unexpected tokens (use ';' to separate expressions on the same line).
e: file:///D:/code/omnitune/app/src/main/kotlin/com/omnitune/app/ui/screens/library/LibraryMixScreen.kt:1131:41 Unresolved reference 'modifier'.
e: file:///D:/code/omnitune/app/src/main/kotlin/com/omnitune/app/ui/screens/library/LibraryMixScreen.kt:1131:61 Unresolved reference 'animateItem'.
e: file:///D:/code/omnitune/app/src/main/kotlin/com/omnitune/app/ui/screens/library/LibraryMixScreen.kt:1131:74 Syntax error: Unexpected tokens (use ';' to separate expressions on the same line).
e: file:///D:/code/omnitune/app/src/main/kotlin/com/omnitune/app/ui/screens/library/LibraryMixScreen.kt:1132:37 Syntax error: Expecting an element.
e: file:///D:/code/omnitune/app/src/main/kotlin/com/omnitune/app/ui/screens/library/LibraryMixScreen.kt:1136:37 @Composable invocations can only happen from the context of a @Composable function
e: file:///D:/code/omnitune/app/src/main/kotlin/com/omnitune/app/ui/screens/library/LibraryMixScreen.kt:1151:90 Unresolved reference 'more_vert'.
e: file:///D:/code/omnitune/app/src/main/kotlin/com/omnitune/app/ui/screens/library/LibraryMixScreen.kt:1156:41 No parameter with name 'modifier' found.
e: file:///D:/code/omnitune/app/src/main/kotlin/com/omnitune/app/ui/screens/library/LibraryMixScreen.kt:1174:46 Unresolved reference 'animateItem'.
e: file:///D:/code/omnitune/app/src/main/kotlin/com/omnitune/app/ui/screens/library/LibraryMixScreen.kt:1179:37 @Composable invocations can only happen from the context of a @Composable function
e: file:///D:/code/omnitune/app/src/main/kotlin/com/omnitune/app/ui/screens/library/LibraryMixScreen.kt:1181:41 No parameter with name 'isActive' found.
e: file:///D:/code/omnitune/app/src/main/kotlin/com/omnitune/app/ui/screens/library/LibraryMixScreen.kt:1182:41 No parameter with name 'isPlaying' found.
e: file:///D:/code/omnitune/app/src/main/kotlin/com/omnitune/app/ui/screens/library/LibraryMixScreen.kt:1188:53 No parameter with name 'painter' found.
e: file:///D:/code/omnitune/app/src/main/kotlin/com/omnitune/app/ui/screens/library/LibraryMixScreen.kt:1190:61 No value passed for parameter 'originalAlbum'.
e: file:///D:/code/omnitune/app/src/main/kotlin/com/omnitune/app/ui/screens/library/LibraryMixScreen.kt:1196:90 Unresolved reference 'more_vert'.
e: file:///D:/code/omnitune/app/src/main/kotlin/com/omnitune/app/ui/screens/library/LibraryMixScreen.kt:1201:41 No parameter with name 'modifier' found.
e: file:///D:/code/omnitune/app/src/main/kotlin/com/omnitune/app/ui/screens/library/LibraryMixScreen.kt:1219:46 Unresolved reference 'animateItem'.
e: file:///D:/code/omnitune/app/src/main/kotlin/com/omnitune/app/ui/screens/library/LibraryMixScreen.kt:1229:34 Syntax error: Unexpected tokens (use ';' to separate expressions on the same line).
e: file:///D:/code/omnitune/app/src/main/kotlin/com/omnitune/app/ui/screens/library/LibraryMixScreen.kt:1233:49 None of the following candidates is applicable:

fun Icon(imageVector: ImageVector, contentDescription: String?, modifier: Modifier = ..., tint: Color = ...): Unit:
  No parameter with name 'painter' found.
  No parameter with name 'minSize' found.
  No value passed for parameter 'imageVector'.
  No value passed for parameter 'contentDescription'.

fun Icon(bitmap: ImageBitmap, contentDescription: String?, modifier: Modifier = ..., tint: Color = ...): Unit:
  No parameter with name 'painter' found.
  No parameter with name 'minSize' found.
  No value passed for parameter 'bitmap'.
  No value passed for parameter 'contentDescription'.

fun Icon(painter: Painter, contentDescription: String?, modifier: Modifier = ..., tint: Color = ...): Unit:
  No parameter with name 'minSize' found.
  No value passed for parameter 'contentDescription'.

fun Icon(painter: Painter, tint: ColorProducer?, contentDescription: String?, modifier: Modifier = ...): Unit:
  No parameter with name 'minSize' found.
  No value passed for parameter 'tint'.
  No value passed for parameter 'contentDescription'.
e: file:///D:/code/omnitune/app/src/main/kotlin/com/omnitune/app/ui/screens/library/LibraryMixScreen.kt:1345:33 Unresolved reference 'it'.
e: file:///D:/code/omnitune/app/src/main/kotlin/com/omnitune/app/ui/screens/library/LibraryMixScreen.kt:1347:25 Cannot infer type for value parameter 'item'. Specify it explicitly.
e: file:///D:/code/omnitune/app/src/main/kotlin/com/omnitune/app/ui/screens/library/LibraryMixScreen.kt:1350:33 @Composable invocations can only happen from the context of a @Composable function
e: file:///D:/code/omnitune/app/src/main/kotlin/com/omnitune/app/ui/screens/library/LibraryMixScreen.kt:1355:57 Unresolved reference 'animateItem'.
e: file:///D:/code/omnitune/app/src/main/kotlin/com/omnitune/app/ui/screens/library/LibraryMixScreen.kt:1360:33 @Composable invocations can only happen from the context of a @Composable function
e: file:///D:/code/omnitune/app/src/main/kotlin/com/omnitune/app/ui/screens/library/LibraryMixScreen.kt:1381:42 Unresolved reference 'animateItem'.
e: file:///D:/code/omnitune/app/src/main/kotlin/com/omnitune/app/ui/screens/library/LibraryMixScreen.kt:1386:33 @Composable invocations can only happen from the context of a @Composable function
e: file:///D:/code/omnitune/app/src/main/kotlin/com/omnitune/app/ui/screens/library/LibraryMixScreen.kt:1410:42 Unresolved reference 'animateItem'.
e: file:///D:/code/omnitune/app/src/main/kotlin/com/omnitune/app/ui/screens/library/LibraryMixScreen.kt:1420:1 Syntax error: Expecting a top level declaration.
e: file:///D:/code/omnitune/app/src/main/kotlin/com/omnitune/app/ui/screens/library/LibraryMixScreen.kt:1433:100 Unresolved reference 'BottomSheetMenuState'.
e: file:///D:/code/omnitune/app/src/main/kotlin/com/omnitune/app/ui/screens/library/LibraryMixScreen.kt:1449:100 Unresolved reference 'BottomSheetMenuState'.
e: file:///D:/code/omnitune/app/src/main/kotlin/com/omnitune/app/ui/screens/library/LibraryMixScreen.kt:1451:2 Syntax error: Expecting '}'.
e: file:///D:/code/omnitune/app/src/main/kotlin/com/omnitune/app/ui/screens/playlist/TopPlaylistScreen.kt:290:54 Unresolved reference. None of the following candidates is applicable because of a receiver type mismatch:
fun Color.toArgb(): Int
e: file:///D:/code/omnitune/app/src/main/kotlin/com/omnitune/app/ui/screens/playlist/TopPlaylistScreen.kt:814:37 Unresolved reference 'style'.
e: file:///D:/code/omnitune/app/src/main/kotlin/com/omnitune/app/ui/screens/playlist/TopPlaylistScreen.kt:814:43 Syntax error: Expecting an element.
e: file:///D:/code/omnitune/app/src/main/kotlin/com/omnitune/app/ui/screens/playlist/TopPlaylistScreen.kt:814:58 Syntax error: Expecting an element.
e: file:///D:/code/omnitune/app/src/main/kotlin/com/omnitune/app/ui/screens/playlist/TopPlaylistScreen.kt:814:69 Syntax error: Expecting an element.
e: file:///D:/code/omnitune/app/src/main/kotlin/com/omnitune/app/ui/screens/playlist/TopPlaylistScreen.kt:814:80 Syntax error: Expecting an element.
e: file:///D:/code/omnitune/app/src/main/kotlin/com/omnitune/app/ui/screens/playlist/TopPlaylistScreen.kt:862:19 Argument type mismatch: actual type is 'Function0<Unit>', but 'PaddingValues' was expected.
e: file:///D:/code/omnitune/app/src/main/kotlin/com/omnitune/app/ui/screens/playlist/TopPlaylistScreen.kt:863:21 @Composable invocations can only happen from the context of a @Composable function
e: file:///D:/code/omnitune/app/src/main/kotlin/com/omnitune/app/ui/screens/playlist/TopPlaylistScreen.kt:864:35 @Composable invocations can only happen from the context of a @Composable function
e: file:///D:/code/omnitune/app/src/main/kotlin/com/omnitune/app/ui/screens/playlist/TopPlaylistScreen.kt:870:14 Syntax error: Unexpected tokens (use ';' to separate expressions on the same line).
e: file:///D:/code/omnitune/app/src/main/kotlin/com/omnitune/app/ui/screens/playlist/TopPlaylistScreen.kt:871:13 Unresolved reference 'actions'.
e: file:///D:/code/omnitune/app/src/main/kotlin/com/omnitune/app/ui/screens/playlist/TopPlaylistScreen.kt:874:48 @Composable invocations can only happen from the context of a @Composable function
e: file:///D:/code/omnitune/app/src/main/kotlin/com/omnitune/app/ui/screens/playlist/TopPlaylistScreen.kt:891:48 @Composable invocations can only happen from the context of a @Composable function
e: file:///D:/code/omnitune/app/src/main/kotlin/com/omnitune/app/ui/screens/playlist/TopPlaylistScreen.kt:909:48 @Composable invocations can only happen from the context of a @Composable function
e: file:///D:/code/omnitune/app/src/main/kotlin/com/omnitune/app/ui/screens/playlist/TopPlaylistScreen.kt:919:9 Syntax error: Expecting an element.
e: file:///D:/code/omnitune/app/src/main/kotlin/com/omnitune/app/ui/screens/playlist/TopPlaylistScreen.kt:921:1 Syntax error: Expecting a top level declaration.

> Task :app:compileDebugKotlin FAILED

FAILURE: Build failed with an exception.

* What went wrong:
Execution failed for task ':app:compileDebugKotlin'.
> A failure occurred while executing org.jetbrains.kotlin.compilerRunner.GradleCompilerRunnerWithWorkers$GradleKotlinCompilerWorkAction
   > Compilation error. See log for more details

* Try:
> Run with --stacktrace option to get the stack trace.
> Run with --info or --debug option to get more log output.
> Run with --scan to get full insights from a Build Scan (powered by Develocity).
> Get more help at https://help.gradle.org.

BUILD FAILED in 9s
24 actionable tasks: 1 executed, 23 up-to-date
Configuration cache entry reused.
