Calculating task graph as configuration cache cannot be reused because environment variable 'CI' has changed.
> Task :kugou:checkKotlinGradlePluginConfigurationErrors SKIPPED
> Task :simpmusic:checkKotlinGradlePluginConfigurationErrors SKIPPED
> Task :innertube:checkKotlinGradlePluginConfigurationErrors SKIPPED
> Task :lrclib:checkKotlinGradlePluginConfigurationErrors SKIPPED
> Task :betterlyrics:checkKotlinGradlePluginConfigurationErrors SKIPPED
> Task :lastfm:checkKotlinGradlePluginConfigurationErrors SKIPPED
> Task :betterlyrics:processResources NO-SOURCE
> Task :simpmusic:processResources NO-SOURCE
> Task :kugou:processResources NO-SOURCE
> Task :innertube:processResources NO-SOURCE
> Task :lastfm:processResources NO-SOURCE
> Task :lrclib:processResources NO-SOURCE
> Task :lastfm:compileKotlin UP-TO-DATE
> Task :simpmusic:compileKotlin UP-TO-DATE
> Task :app:preBuild UP-TO-DATE
> Task :kizzy:checkKotlinGradlePluginConfigurationErrors SKIPPED
> Task :app:preDebugBuild UP-TO-DATE
> Task :lrclib:compileKotlin UP-TO-DATE
> Task :canvas:checkKotlinGradlePluginConfigurationErrors SKIPPED
> Task :kugou:compileKotlin UP-TO-DATE
> Task :kizzy:processResources NO-SOURCE
> Task :canvas:processResources NO-SOURCE
> Task :betterlyrics:compileKotlin UP-TO-DATE
> Task :app:generateDebugBuildConfig UP-TO-DATE
> Task :app:generateDebugResources UP-TO-DATE
> Task :innertube:compileKotlin UP-TO-DATE
> Task :lastfm:compileJava NO-SOURCE
> Task :lastfm:classes UP-TO-DATE
> Task :betterlyrics:compileJava NO-SOURCE
> Task :lrclib:compileJava NO-SOURCE
> Task :simpmusic:compileJava NO-SOURCE
> Task :kugou:compileJava NO-SOURCE
> Task :betterlyrics:classes UP-TO-DATE
> Task :simpmusic:classes UP-TO-DATE
> Task :lrclib:classes UP-TO-DATE
> Task :kugou:classes UP-TO-DATE
> Task :betterlyrics:jar UP-TO-DATE
> Task :lrclib:jar UP-TO-DATE
> Task :app:packageDebugResources UP-TO-DATE
> Task :simpmusic:jar UP-TO-DATE
> Task :lastfm:jar UP-TO-DATE
> Task :canvas:compileKotlin UP-TO-DATE
> Task :innertube:compileJava NO-SOURCE
> Task :innertube:classes UP-TO-DATE
> Task :kizzy:compileKotlin UP-TO-DATE
> Task :kugou:jar UP-TO-DATE
> Task :app:processDebugNavigationResources UP-TO-DATE
> Task :kizzy:compileJava NO-SOURCE
> Task :canvas:compileJava NO-SOURCE
> Task :kizzy:classes UP-TO-DATE
> Task :canvas:classes UP-TO-DATE
> Task :innertube:jar UP-TO-DATE
> Task :kizzy:jar UP-TO-DATE
> Task :canvas:jar UP-TO-DATE
> Task :app:parseDebugLocalResources UP-TO-DATE
> Task :app:generateDebugRFile UP-TO-DATE
> Task :app:kspDebugKotlin UP-TO-DATE

> Task :app:compileDebugKotlin FAILED
24 actionable tasks: 1 executed, 23 up-to-date
Configuration cache entry stored.

e: file:///D:/code/omnitune/app/src/main/kotlin/com/omnitune/app/ui/component/VeluneCompatibility.kt:104:40 No value passed for parameter 'sortType'.
e: file:///D:/code/omnitune/app/src/main/kotlin/com/omnitune/app/ui/component/VeluneCompatibility.kt:104:40 No value passed for parameter 'descending'.
e: file:///D:/code/omnitune/app/src/main/kotlin/com/omnitune/app/ui/component/VeluneCompatibility.kt:113:21 Cannot infer type for type parameter 'T'. Specify it explicitly.
e: file:///D:/code/omnitune/app/src/main/kotlin/com/omnitune/app/ui/component/VeluneCompatibility.kt:117:33 No parameter with name 'playlistId' found.
e: file:///D:/code/omnitune/app/src/main/kotlin/com/omnitune/app/ui/component/VeluneCompatibility.kt:118:33 No parameter with name 'songId' found.
e: file:///D:/code/omnitune/app/src/main/kotlin/com/omnitune/app/ui/component/VeluneCompatibility.kt:119:33 No parameter with name 'position' found.
e: file:///D:/code/omnitune/app/src/main/kotlin/com/omnitune/app/ui/component/VeluneCompatibility.kt:119:33 No value passed for parameter 'map'.
e: file:///D:/code/omnitune/app/src/main/kotlin/com/omnitune/app/ui/component/VeluneCompatibility.kt:119:33 No value passed for parameter 'song'.
e: file:///D:/code/omnitune/app/src/main/kotlin/com/omnitune/app/ui/component/VeluneCompatibility.kt:122:34 None of the following candidates is applicable:

fun insert(mediaMetadata: MediaMetadata, block: (SongEntity) -> SongEntity): Unit:
  Argument type mismatch: actual type is 'List<PlaylistSong>', but 'MediaMetadata' was expected.

fun insert(albumPage: AlbumPage): Unit:
  Argument type mismatch: actual type is 'List<PlaylistSong>', but 'AlbumPage' was expected.

fun insert(searchHistory: SearchHistory): Unit:
  Argument type mismatch: actual type is 'List<PlaylistSong>', but 'SearchHistory' was expected.

fun insert(event: Event): Unit:
  Argument type mismatch: actual type is 'List<PlaylistSong>', but 'Event' was expected.

fun insert(song: SongEntity): Long:
  Argument type mismatch: actual type is 'List<PlaylistSong>', but 'SongEntity' was expected.

fun insert(setVideoIdEntity: SetVideoIdEntity): Unit:
  Argument type mismatch: actual type is 'List<PlaylistSong>', but 'SetVideoIdEntity' was expected.

fun insert(map: RelatedSongMap): Unit:
  Argument type mismatch: actual type is 'List<PlaylistSong>', but 'RelatedSongMap' was expected.

fun insert(playCountEntity: PlayCountEntity): Long:
  Argument type mismatch: actual type is 'List<PlaylistSong>', but 'PlayCountEntity' was expected.

fun insert(artist: ArtistEntity): Unit:
  Argument type mismatch: actual type is 'List<PlaylistSong>', but 'ArtistEntity' was expected.

fun insert(map: SongArtistMap): Unit:
  Argument type mismatch: actual type is 'List<PlaylistSong>', but 'SongArtistMap' was expected.

fun insert(map: AlbumArtistMap): Unit:
  Argument type mismatch: actual type is 'List<PlaylistSong>', but 'AlbumArtistMap' was expected.

fun insert(album: AlbumEntity): Long:
  Argument type mismatch: actual type is 'List<PlaylistSong>', but 'AlbumEntity' was expected.

fun insert(map: SongAlbumMap): Unit:
  Argument type mismatch: actual type is 'List<PlaylistSong>', but 'SongAlbumMap' was expected.

fun insert(playlist: PlaylistEntity): Unit:
  Argument type mismatch: actual type is 'List<PlaylistSong>', but 'PlaylistEntity' was expected.

fun insert(map: PlaylistSongMap): Unit:
  Argument type mismatch: actual type is 'List<PlaylistSong>', but 'PlaylistSongMap' was expected.

fun insert(tag: TagEntity): Unit:
  Argument type mismatch: actual type is 'List<PlaylistSong>', but 'TagEntity' was expected.

fun insert(map: PlaylistTagMap): Unit:
  Argument type mismatch: actual type is 'List<PlaylistSong>', but 'PlaylistTagMap' was expected.
e: file:///D:/code/omnitune/app/src/main/kotlin/com/omnitune/app/ui/component/VeluneCompatibility.kt:146:2 Syntax error: imports are only allowed in the beginning of file.
e: file:///D:/code/omnitune/app/src/main/kotlin/com/omnitune/app/ui/component/VeluneCompatibility.kt:181:40 No value passed for parameter 'sortType'.
e: file:///D:/code/omnitune/app/src/main/kotlin/com/omnitune/app/ui/component/VeluneCompatibility.kt:181:40 No value passed for parameter 'descending'.
e: file:///D:/code/omnitune/app/src/main/kotlin/com/omnitune/app/ui/menu/AlbumMenu.kt:128:22 Unresolved reference 'downloads'.
e: file:///D:/code/omnitune/app/src/main/kotlin/com/omnitune/app/ui/menu/AlbumMenu.kt:128:42 Cannot infer type for value parameter 'downloads'. Specify it explicitly.
e: file:///D:/code/omnitune/app/src/main/kotlin/com/omnitune/app/ui/menu/AlbumMenu.kt:130:51 Unresolved reference 'state'.
e: file:///D:/code/omnitune/app/src/main/kotlin/com/omnitune/app/ui/menu/AlbumMenu.kt:133:43 Unresolved reference 'state'.
e: file:///D:/code/omnitune/app/src/main/kotlin/com/omnitune/app/ui/menu/AlbumMenu.kt:134:51 Unresolved reference 'state'.
e: file:///D:/code/omnitune/app/src/main/kotlin/com/omnitune/app/ui/menu/AlbumMenu.kt:135:51 Unresolved reference 'state'.
e: file:///D:/code/omnitune/app/src/main/kotlin/com/omnitune/app/ui/menu/AlbumMenu.kt:196:5 Unresolved reference 'AddToPlaylistDialog'.
e: file:///D:/code/omnitune/app/src/main/kotlin/com/omnitune/app/ui/menu/AlbumMenu.kt:198:23 Cannot infer type for value parameter 'playlist'. Specify it explicitly.
e: file:///D:/code/omnitune/app/src/main/kotlin/com/omnitune/app/ui/menu/AlbumMenu.kt:200:26 Unresolved reference 'playlist'.
e: file:///D:/code/omnitune/app/src/main/kotlin/com/omnitune/app/ui/menu/AlbumMenu.kt:200:45 Cannot infer type for type parameter 'T'. Specify it explicitly.
e: file:///D:/code/omnitune/app/src/main/kotlin/com/omnitune/app/ui/menu/AlbumMenu.kt:200:45 Cannot infer type for type parameter 'R'. Specify it explicitly.
e: file:///D:/code/omnitune/app/src/main/kotlin/com/omnitune/app/ui/menu/AlbumMenu.kt:200:51 Cannot infer type for type parameter 'T'. Specify it explicitly.
e: file:///D:/code/omnitune/app/src/main/kotlin/com/omnitune/app/ui/menu/AlbumMenu.kt:211:27 Cannot infer type for value parameter 'songCount'. Specify it explicitly.
e: file:///D:/code/omnitune/app/src/main/kotlin/com/omnitune/app/ui/menu/AlbumMenu.kt:211:38 Cannot infer type for value parameter 'playlistNames'. Specify it explicitly.
e: file:///D:/code/omnitune/app/src/main/kotlin/com/omnitune/app/ui/menu/AlbumMenu.kt:213:49 Function invocation 'size(...)' expected.
e: file:///D:/code/omnitune/app/src/main/kotlin/com/omnitune/app/ui/menu/AlbumMenu.kt:213:89 Unresolved reference 'added_to_playlist'.
e: file:///D:/code/omnitune/app/src/main/kotlin/com/omnitune/app/ui/menu/AlbumMenu.kt:214:27 'operator' modifier is required on 'fun <T> Comparable<T>.compareTo(other: T): Int'.
e: file:///D:/code/omnitune/app/src/main/kotlin/com/omnitune/app/ui/menu/AlbumMenu.kt:214:48 Function invocation 'size(...)' expected.
e: file:///D:/code/omnitune/app/src/main/kotlin/com/omnitune/app/ui/menu/AlbumMenu.kt:214:88 Unresolved reference 'added_n_songs_to_playlist'.
e: file:///D:/code/omnitune/app/src/main/kotlin/com/omnitune/app/ui/menu/AlbumMenu.kt:215:62 Unresolved reference 'added_to_n_playlists'.
e: file:///D:/code/omnitune/app/src/main/kotlin/com/omnitune/app/ui/menu/AlbumMenu.kt:215:98 Function invocation 'size(...)' expected.
e: file:///D:/code/omnitune/app/src/main/kotlin/com/omnitune/app/ui/menu/AlbumMenu.kt:216:52 Unresolved reference 'added_n_songs_to_n_playlists'.
e: file:///D:/code/omnitune/app/src/main/kotlin/com/omnitune/app/ui/menu/AlbumMenu.kt:216:107 Function invocation 'size(...)' expected.
e: file:///D:/code/omnitune/app/src/main/kotlin/com/omnitune/app/ui/menu/AlbumMenu.kt:231:53 Unresolved reference 'already_in_playlist'.
e: file:///D:/code/omnitune/app/src/main/kotlin/com/omnitune/app/ui/menu/AlbumMenu.kt:234:66 Unresolved reference 'close'.
e: file:///D:/code/omnitune/app/src/main/kotlin/com/omnitune/app/ui/menu/AlbumMenu.kt:316:96 Unresolved reference 'favorite'.
e: file:///D:/code/omnitune/app/src/main/kotlin/com/omnitune/app/ui/menu/AlbumMenu.kt:316:121 Unresolved reference 'favorite_border'.
e: file:///D:/code/omnitune/app/src/main/kotlin/com/omnitune/app/ui/menu/AlbumMenu.kt:347:70 Unresolved reference 'play'.
e: file:///D:/code/omnitune/app/src/main/kotlin/com/omnitune/app/ui/menu/AlbumMenu.kt:353:56 Unresolved reference 'play'.
e: file:///D:/code/omnitune/app/src/main/kotlin/com/omnitune/app/ui/menu/AlbumMenu.kt:369:70 Unresolved reference 'shuffle'.
e: file:///D:/code/omnitune/app/src/main/kotlin/com/omnitune/app/ui/menu/AlbumMenu.kt:375:56 Unresolved reference 'shuffle'.
e: file:///D:/code/omnitune/app/src/main/kotlin/com/omnitune/app/ui/menu/AlbumMenu.kt:379:57 Cannot infer type for type parameter 'R'. Specify it explicitly.
e: file:///D:/code/omnitune/app/src/main/kotlin/com/omnitune/app/ui/menu/AlbumMenu.kt:380:62 Unresolved reference 'getAutomix'.
e: file:///D:/code/omnitune/app/src/main/kotlin/com/omnitune/app/ui/menu/AlbumMenu.kt:394:70 Unresolved reference 'share'.
e: file:///D:/code/omnitune/app/src/main/kotlin/com/omnitune/app/ui/menu/AlbumMenu.kt:400:56 Unresolved reference 'share'.
e: file:///D:/code/omnitune/app/src/main/kotlin/com/omnitune/app/ui/menu/AlbumMenu.kt:417:73 Unresolved reference 'play_next'.
e: file:///D:/code/omnitune/app/src/main/kotlin/com/omnitune/app/ui/menu/AlbumMenu.kt:420:62 Unresolved reference 'playlist_play'.
e: file:///D:/code/omnitune/app/src/main/kotlin/com/omnitune/app/ui/menu/AlbumMenu.kt:432:73 Unresolved reference 'add_to_queue'.
e: file:///D:/code/omnitune/app/src/main/kotlin/com/omnitune/app/ui/menu/AlbumMenu.kt:435:62 Unresolved reference 'queue_music'.
e: file:///D:/code/omnitune/app/src/main/kotlin/com/omnitune/app/ui/menu/AlbumMenu.kt:447:73 Unresolved reference 'add_to_playlist'.
e: file:///D:/code/omnitune/app/src/main/kotlin/com/omnitune/app/ui/menu/AlbumMenu.kt:450:62 Unresolved reference 'playlist_add'.
e: file:///D:/code/omnitune/app/src/main/kotlin/com/omnitune/app/ui/menu/AlbumMenu.kt:465:64 Unresolved reference 'remove_download'.
e: file:///D:/code/omnitune/app/src/main/kotlin/com/omnitune/app/ui/menu/AlbumMenu.kt:471:70 Unresolved reference 'offline'.
e: file:///D:/code/omnitune/app/src/main/kotlin/com/omnitune/app/ui/menu/AlbumMenu.kt:489:81 Unresolved reference 'downloading'.
e: file:///D:/code/omnitune/app/src/main/kotlin/com/omnitune/app/ui/menu/AlbumMenu.kt:507:81 Unresolved reference 'action_download'.
e: file:///D:/code/omnitune/app/src/main/kotlin/com/omnitune/app/ui/menu/AlbumMenu.kt:510:70 Unresolved reference 'download'.
e: file:///D:/code/omnitune/app/src/main/kotlin/com/omnitune/app/ui/menu/AlbumMenu.kt:536:73 Unresolved reference 'view_artist'.
e: file:///D:/code/omnitune/app/src/main/kotlin/com/omnitune/app/ui/menu/AlbumMenu.kt:539:62 Unresolved reference 'artist'.
e: file:///D:/code/omnitune/app/src/main/kotlin/com/omnitune/app/ui/menu/AlbumMenu.kt:555:73 Unresolved reference 'refetch'.
e: file:///D:/code/omnitune/app/src/main/kotlin/com/omnitune/app/ui/menu/AlbumMenu.kt:558:62 Unresolved reference 'sync'.
e: file:///D:/code/omnitune/app/src/main/kotlin/com/omnitune/app/ui/menu/ArtistMenu.kt:107:78 Unresolved reference 'play'.
e: file:///D:/code/omnitune/app/src/main/kotlin/com/omnitune/app/ui/menu/ArtistMenu.kt:113:64 Unresolved reference 'play'.
e: file:///D:/code/omnitune/app/src/main/kotlin/com/omnitune/app/ui/menu/ArtistMenu.kt:138:78 Unresolved reference 'shuffle'.
e: file:///D:/code/omnitune/app/src/main/kotlin/com/omnitune/app/ui/menu/ArtistMenu.kt:144:64 Unresolved reference 'shuffle'.
e: file:///D:/code/omnitune/app/src/main/kotlin/com/omnitune/app/ui/menu/ArtistMenu.kt:172:78 Unresolved reference 'share'.
e: file:///D:/code/omnitune/app/src/main/kotlin/com/omnitune/app/ui/menu/ArtistMenu.kt:178:64 Unresolved reference 'share'.
e: file:///D:/code/omnitune/app/src/main/kotlin/com/omnitune/app/ui/menu/ArtistMenu.kt:203:97 Unresolved reference 'subscribed'.
e: file:///D:/code/omnitune/app/src/main/kotlin/com/omnitune/app/ui/menu/ArtistMenu.kt:203:138 Unresolved reference 'subscribe'.
e: file:///D:/code/omnitune/app/src/main/kotlin/com/omnitune/app/ui/menu/ArtistMenu.kt:207:102 Unresolved reference 'subscribed'.
e: file:///D:/code/omnitune/app/src/main/kotlin/com/omnitune/app/ui/menu/ArtistMenu.kt:207:129 Unresolved reference 'subscribe'.
e: file:///D:/code/omnitune/app/src/main/kotlin/com/omnitune/app/ui/menu/LyricsMenu.kt:55:11 Unresolved reference 'bush'.
e: file:///D:/code/omnitune/app/src/main/kotlin/com/omnitune/app/ui/menu/LyricsMenu.kt:56:11 Unresolved reference 'bush'.
e: file:///D:/code/omnitune/app/src/main/kotlin/com/omnitune/app/ui/menu/LyricsMenu.kt:57:31 Unresolved reference 'TranslatorLanguages'.
e: file:///D:/code/omnitune/app/src/main/kotlin/com/omnitune/app/ui/menu/LyricsMenu.kt:58:31 Unresolved reference 'TranslatorLang'.
e: file:///D:/code/omnitune/app/src/main/kotlin/com/omnitune/app/ui/menu/LyricsMenu.kt:79:36 Unresolved reference 'LyricsMenuViewModel'.
e: file:///D:/code/omnitune/app/src/main/kotlin/com/omnitune/app/ui/menu/LyricsMenu.kt:89:16 Unresolved reference 'LyricsMenuViewModel'.
e: file:///D:/code/omnitune/app/src/main/kotlin/com/omnitune/app/ui/menu/LyricsMenu.kt:89:38 Cannot infer type for type parameter 'VM'. Specify it explicitly.
e: file:///D:/code/omnitune/app/src/main/kotlin/com/omnitune/app/ui/menu/LyricsMenu.kt:104:64 Unresolved reference 'edit'.
e: file:///D:/code/omnitune/app/src/main/kotlin/com/omnitune/app/ui/menu/LyricsMenu.kt:106:13 No parameter with name 'initialTextFieldValue' found.
e: file:///D:/code/omnitune/app/src/main/kotlin/com/omnitune/app/ui/menu/LyricsMenu.kt:109:27 Unresolved reference 'updateLyrics'.
e: file:///D:/code/omnitune/app/src/main/kotlin/com/omnitune/app/ui/menu/LyricsMenu.kt:142:28 Property delegate must have a 'getValue(Nothing?, KProperty0<ERROR CLASS: Cannot infer argument for type parameter T>)' method. None of the following functions is applicable:
fun <T> State<T>.getValue(thisObj: Any?, property: KProperty<*>): T
e: file:///D:/code/omnitune/app/src/main/kotlin/com/omnitune/app/ui/menu/LyricsMenu.kt:142:31 Cannot infer type for type parameter 'T'. Specify it explicitly.
e: file:///D:/code/omnitune/app/src/main/kotlin/com/omnitune/app/ui/menu/LyricsMenu.kt:142:41 Unresolved reference 'isNetworkAvailable'.
e: file:///D:/code/omnitune/app/src/main/kotlin/com/omnitune/app/ui/menu/LyricsMenu.kt:142:60 Cannot infer type for type parameter 'T'. Specify it explicitly.
e: file:///D:/code/omnitune/app/src/main/kotlin/com/omnitune/app/ui/menu/LyricsMenu.kt:150:58 Unresolved reference 'search'.
e: file:///D:/code/omnitune/app/src/main/kotlin/com/omnitune/app/ui/menu/LyricsMenu.kt:154:52 Unresolved reference 'search_lyrics'.
e: file:///D:/code/omnitune/app/src/main/kotlin/com/omnitune/app/ui/menu/LyricsMenu.kt:181:50 Unresolved reference 'search_online'.
e: file:///D:/code/omnitune/app/src/main/kotlin/com/omnitune/app/ui/menu/LyricsMenu.kt:190:35 Unresolved reference 'search'.
e: file:///D:/code/omnitune/app/src/main/kotlin/com/omnitune/app/ui/menu/LyricsMenu.kt:199:29 Cannot access 'fun WideNavigationRailValue.not(): WideNavigationRailValue': it is internal in file.
e: file:///D:/code/omnitune/app/src/main/kotlin/com/omnitune/app/ui/menu/LyricsMenu.kt:199:29 Condition type mismatch: inferred type is 'WideNavigationRailValue' but 'Boolean' was expected.
e: file:///D:/code/omnitune/app/src/main/kotlin/com/omnitune/app/ui/menu/LyricsMenu.kt:200:80 Unresolved reference 'error_no_internet'.
e: file:///D:/code/omnitune/app/src/main/kotlin/com/omnitune/app/ui/menu/LyricsMenu.kt:212:56 Unresolved reference 'song_title'.
e: file:///D:/code/omnitune/app/src/main/kotlin/com/omnitune/app/ui/menu/LyricsMenu.kt:221:56 Unresolved reference 'song_artists'.
e: file:///D:/code/omnitune/app/src/main/kotlin/com/omnitune/app/ui/menu/LyricsMenu.kt:227:21 Property delegate must have a 'getValue(Nothing?, KProperty0<ERROR CLASS: Cannot infer argument for type parameter T>)' method. None of the following functions is applicable:
fun <T> State<T>.getValue(thisObj: Any?, property: KProperty<*>): T
e: file:///D:/code/omnitune/app/src/main/kotlin/com/omnitune/app/ui/menu/LyricsMenu.kt:227:24 Cannot infer type for type parameter 'T'. Specify it explicitly.
e: file:///D:/code/omnitune/app/src/main/kotlin/com/omnitune/app/ui/menu/LyricsMenu.kt:227:34 Unresolved reference 'results'.
e: file:///D:/code/omnitune/app/src/main/kotlin/com/omnitune/app/ui/menu/LyricsMenu.kt:227:42 Cannot infer type for type parameter 'T'. Specify it explicitly.
e: file:///D:/code/omnitune/app/src/main/kotlin/com/omnitune/app/ui/menu/LyricsMenu.kt:228:23 Property delegate must have a 'getValue(Nothing?, KProperty0<ERROR CLASS: Cannot infer argument for type parameter T>)' method. None of the following functions is applicable:
fun <T> State<T>.getValue(thisObj: Any?, property: KProperty<*>): T
e: file:///D:/code/omnitune/app/src/main/kotlin/com/omnitune/app/ui/menu/LyricsMenu.kt:228:26 Cannot infer type for type parameter 'T'. Specify it explicitly.
e: file:///D:/code/omnitune/app/src/main/kotlin/com/omnitune/app/ui/menu/LyricsMenu.kt:228:36 Unresolved reference 'isLoading'.
e: file:///D:/code/omnitune/app/src/main/kotlin/com/omnitune/app/ui/menu/LyricsMenu.kt:228:46 Cannot infer type for type parameter 'T'. Specify it explicitly.
e: file:///D:/code/omnitune/app/src/main/kotlin/com/omnitune/app/ui/menu/LyricsMenu.kt:237:37 Cannot infer type for value parameter 'index'. Specify it explicitly.
e: file:///D:/code/omnitune/app/src/main/kotlin/com/omnitune/app/ui/menu/LyricsMenu.kt:237:44 Cannot infer type for value parameter 'result'. Specify it explicitly.
e: file:///D:/code/omnitune/app/src/main/kotlin/com/omnitune/app/ui/menu/LyricsMenu.kt:238:17 @Composable invocations can only happen from the context of a @Composable function
e: file:///D:/code/omnitune/app/src/main/kotlin/com/omnitune/app/ui/menu/LyricsMenu.kt:244:39 Unresolved reference 'cancelSearch'.
e: file:///D:/code/omnitune/app/src/main/kotlin/com/omnitune/app/ui/menu/LyricsMenu.kt:245:39 Unresolved reference 'updateLyrics'.
e: file:///D:/code/omnitune/app/src/main/kotlin/com/omnitune/app/ui/menu/LyricsMenu.kt:245:80 Unresolved reference 'lyrics'.
e: file:///D:/code/omnitune/app/src/main/kotlin/com/omnitune/app/ui/menu/LyricsMenu.kt:253:61 Unresolved reference 'lyrics'.
e: file:///D:/code/omnitune/app/src/main/kotlin/com/omnitune/app/ui/menu/LyricsMenu.kt:254:46 Unresolved reference 'lyrics'.
e: file:///D:/code/omnitune/app/src/main/kotlin/com/omnitune/app/ui/menu/LyricsMenu.kt:274:47 Unresolved reference 'providerName'.
e: file:///D:/code/omnitune/app/src/main/kotlin/com/omnitune/app/ui/menu/LyricsMenu.kt:279:40 Unresolved reference 'lyrics'.
e: file:///D:/code/omnitune/app/src/main/kotlin/com/omnitune/app/ui/menu/LyricsMenu.kt:279:80 Unresolved reference 'lyrics'.
e: file:///D:/code/omnitune/app/src/main/kotlin/com/omnitune/app/ui/menu/LyricsMenu.kt:281:74 Unresolved reference 'sync'.
e: file:///D:/code/omnitune/app/src/main/kotlin/com/omnitune/app/ui/menu/LyricsMenu.kt:299:98 Unresolved reference 'expand_less'.
e: file:///D:/code/omnitune/app/src/main/kotlin/com/omnitune/app/ui/menu/LyricsMenu.kt:299:126 Unresolved reference 'expand_more'.
e: file:///D:/code/omnitune/app/src/main/kotlin/com/omnitune/app/ui/menu/LyricsMenu.kt:317:17 Cannot access 'fun WideNavigationRailValue.not(): WideNavigationRailValue': it is internal in file.
e: file:///D:/code/omnitune/app/src/main/kotlin/com/omnitune/app/ui/menu/LyricsMenu.kt:317:17 Condition type mismatch: inferred type is 'WideNavigationRailValue' but 'Boolean' was expected.
e: file:///D:/code/omnitune/app/src/main/kotlin/com/omnitune/app/ui/menu/LyricsMenu.kt:344:27 Property delegate must have a 'getValue(Nothing?, KProperty0<*>)' method. None of the following functions is applicable:
fun FloatState.getValue(thisObj: Any?, property: KProperty<*>): Float
fun DoubleState.getValue(thisObj: Any?, property: KProperty<*>): Double
fun IntState.getValue(thisObj: Any?, property: KProperty<*>): Int
fun LongState.getValue(thisObj: Any?, property: KProperty<*>): Long
fun <T> State<T>.getValue(thisObj: Any?, property: KProperty<*>): T
e: file:///D:/code/omnitune/app/src/main/kotlin/com/omnitune/app/ui/menu/LyricsMenu.kt:344:30 Cannot infer type for type parameter 'T'. Specify it explicitly.
e: file:///D:/code/omnitune/app/src/main/kotlin/com/omnitune/app/ui/menu/LyricsMenu.kt:344:68 Unresolved reference 'TranslatorLang'.
e: file:///D:/code/omnitune/app/src/main/kotlin/com/omnitune/app/ui/menu/LyricsMenu.kt:344:87 Argument type mismatch: actual type is 'SuspendFunction1<ProduceStateScope<uninferred T (of fun <T> produceState)>, Unit>', but 'SuspendFunction1<ProduceStateScope<uninferred T (of fun <T> produceState)>, Unit>' was expected.
e: file:///D:/code/omnitune/app/src/main/kotlin/com/omnitune/app/ui/menu/LyricsMenu.kt:345:17 Cannot infer type for type parameter 'T'. Specify it explicitly.
e: file:///D:/code/omnitune/app/src/main/kotlin/com/omnitune/app/ui/menu/LyricsMenu.kt:345:29 Argument type mismatch: actual type is 'CoroutineDispatcher', but 'CoroutineContext' was expected.
e: file:///D:/code/omnitune/app/src/main/kotlin/com/omnitune/app/ui/menu/LyricsMenu.kt:345:45 Argument type mismatch: actual type is 'SuspendFunction1<CoroutineScope, Unit>', but 'SuspendFunction1<CoroutineScope, uninferred T (of fun <T> withContext)>' was expected.
e: file:///D:/code/omnitune/app/src/main/kotlin/com/omnitune/app/ui/menu/LyricsMenu.kt:346:29 Unresolved reference 'TranslatorLanguages'.
e: file:///D:/code/omnitune/app/src/main/kotlin/com/omnitune/app/ui/menu/LyricsMenu.kt:353:41 Unresolved reference 'it'.
e: file:///D:/code/omnitune/app/src/main/kotlin/com/omnitune/app/ui/menu/LyricsMenu.kt:353:41 Operator '==' cannot be applied to 'Int' and 'String'.
e: file:///D:/code/omnitune/app/src/main/kotlin/com/omnitune/app/ui/menu/LyricsMenu.kt:353:76 Unresolved reference 'name'.
e: file:///D:/code/omnitune/app/src/main/kotlin/com/omnitune/app/ui/menu/LyricsMenu.kt:358:63 Unresolved reference 'translate'.
e: file:///D:/code/omnitune/app/src/main/kotlin/com/omnitune/app/ui/menu/LyricsMenu.kt:360:56 Unresolved reference 'translate'.
e: file:///D:/code/omnitune/app/src/main/kotlin/com/omnitune/app/ui/menu/LyricsMenu.kt:377:41 Unresolved reference 'Language'.
e: file:///D:/code/omnitune/app/src/main/kotlin/com/omnitune/app/ui/menu/LyricsMenu.kt:379:47 Unresolved reference 'Language'.
e: file:///D:/code/omnitune/app/src/main/kotlin/com/omnitune/app/ui/menu/LyricsMenu.kt:392:58 Unresolved reference 'Translator'.
e: file:///D:/code/omnitune/app/src/main/kotlin/com/omnitune/app/ui/menu/LyricsMenu.kt:455:80 Cannot infer type for type parameter 'R'. Specify it explicitly.
e: file:///D:/code/omnitune/app/src/main/kotlin/com/omnitune/app/ui/menu/LyricsMenu.kt:478:47 Unresolved reference 'updateLyrics'.
e: file:///D:/code/omnitune/app/src/main/kotlin/com/omnitune/app/ui/menu/LyricsMenu.kt:483:68 Unresolved reference 'translation_failed'.
e: file:///D:/code/omnitune/app/src/main/kotlin/com/omnitune/app/ui/menu/LyricsMenu.kt:491:58 Unresolved reference 'translate'.
e: file:///D:/code/omnitune/app/src/main/kotlin/com/omnitune/app/ui/menu/LyricsMenu.kt:501:64 Unresolved reference 'lyrics'.
e: file:///D:/code/omnitune/app/src/main/kotlin/com/omnitune/app/ui/menu/LyricsMenu.kt:511:60 Unresolved reference 'language_label'.
e: file:///D:/code/omnitune/app/src/main/kotlin/com/omnitune/app/ui/menu/LyricsMenu.kt:537:53 Cannot infer type for value parameter 'lang'. Specify it explicitly.
e: file:///D:/code/omnitune/app/src/main/kotlin/com/omnitune/app/ui/menu/LyricsMenu.kt:538:37 @Composable invocations can only happen from the context of a @Composable function
e: file:///D:/code/omnitune/app/src/main/kotlin/com/omnitune/app/ui/menu/LyricsMenu.kt:539:60 Unresolved reference 'name'.
e: file:///D:/code/omnitune/app/src/main/kotlin/com/omnitune/app/ui/menu/LyricsMenu.kt:541:68 Assignment type mismatch: actual type is 'Int', but 'String' was expected.
e: file:///D:/code/omnitune/app/src/main/kotlin/com/omnitune/app/ui/menu/LyricsMenu.kt:570:70 Unresolved reference 'edit'.
e: file:///D:/code/omnitune/app/src/main/kotlin/com/omnitune/app/ui/menu/LyricsMenu.kt:576:56 Unresolved reference 'edit'.
e: file:///D:/code/omnitune/app/src/main/kotlin/com/omnitune/app/ui/menu/LyricsMenu.kt:582:70 Unresolved reference 'cached'.
e: file:///D:/code/omnitune/app/src/main/kotlin/com/omnitune/app/ui/menu/LyricsMenu.kt:588:56 Unresolved reference 'refetch'.
e: file:///D:/code/omnitune/app/src/main/kotlin/com/omnitune/app/ui/menu/LyricsMenu.kt:590:39 Unresolved reference 'refetchLyrics'.
e: file:///D:/code/omnitune/app/src/main/kotlin/com/omnitune/app/ui/menu/LyricsMenu.kt:597:70 Unresolved reference 'translate'.
e: file:///D:/code/omnitune/app/src/main/kotlin/com/omnitune/app/ui/menu/LyricsMenu.kt:603:56 Unresolved reference 'translate'.
e: file:///D:/code/omnitune/app/src/main/kotlin/com/omnitune/app/ui/menu/LyricsMenu.kt:609:70 Unresolved reference 'search'.
e: file:///D:/code/omnitune/app/src/main/kotlin/com/omnitune/app/ui/menu/LyricsMenu.kt:615:56 Unresolved reference 'search'.
e: file:///D:/code/omnitune/app/src/main/kotlin/com/omnitune/app/ui/menu/PlaylistMenu.kt:65:38 Unresolved reference 'EditPlaylistDialog'.
e: file:///D:/code/omnitune/app/src/main/kotlin/com/omnitune/app/ui/menu/PlaylistMenu.kt:113:22 Unresolved reference 'downloads'.
e: file:///D:/code/omnitune/app/src/main/kotlin/com/omnitune/app/ui/menu/PlaylistMenu.kt:113:42 Cannot infer type for value parameter 'downloads'. Specify it explicitly.
e: file:///D:/code/omnitune/app/src/main/kotlin/com/omnitune/app/ui/menu/PlaylistMenu.kt:115:51 Unresolved reference 'state'.
e: file:///D:/code/omnitune/app/src/main/kotlin/com/omnitune/app/ui/menu/PlaylistMenu.kt:118:43 Unresolved reference 'state'.
e: file:///D:/code/omnitune/app/src/main/kotlin/com/omnitune/app/ui/menu/PlaylistMenu.kt:119:51 Unresolved reference 'state'.
e: file:///D:/code/omnitune/app/src/main/kotlin/com/omnitune/app/ui/menu/PlaylistMenu.kt:120:51 Unresolved reference 'state'.
e: file:///D:/code/omnitune/app/src/main/kotlin/com/omnitune/app/ui/menu/PlaylistMenu.kt:135:9 Unresolved reference 'EditPlaylistDialog'.
e: file:///D:/code/omnitune/app/src/main/kotlin/com/omnitune/app/ui/menu/PlaylistMenu.kt:140:24 Cannot infer type for value parameter 'name'. Specify it explicitly.
e: file:///D:/code/omnitune/app/src/main/kotlin/com/omnitune/app/ui/menu/PlaylistMenu.kt:140:30 Cannot infer type for value parameter 'thumbnailUrl'. Specify it explicitly.
e: file:///D:/code/omnitune/app/src/main/kotlin/com/omnitune/app/ui/menu/PlaylistMenu.kt:168:34 Unresolved reference 'remove_download_playlist_confirm'.
e: file:///D:/code/omnitune/app/src/main/kotlin/com/omnitune/app/ui/menu/PlaylistMenu.kt:227:52 Unresolved reference 'delete_playlist_confirm'.
e: file:///D:/code/omnitune/app/src/main/kotlin/com/omnitune/app/ui/menu/PlaylistMenu.kt:278:110 Unresolved reference 'favorite'.
e: file:///D:/code/omnitune/app/src/main/kotlin/com/omnitune/app/ui/menu/PlaylistMenu.kt:278:135 Unresolved reference 'favorite_border'.
e: file:///D:/code/omnitune/app/src/main/kotlin/com/omnitune/app/ui/menu/PlaylistMenu.kt:310:70 Unresolved reference 'play'.
e: file:///D:/code/omnitune/app/src/main/kotlin/com/omnitune/app/ui/menu/PlaylistMenu.kt:316:56 Unresolved reference 'play'.
e: file:///D:/code/omnitune/app/src/main/kotlin/com/omnitune/app/ui/menu/PlaylistMenu.kt:332:70 Unresolved reference 'shuffle'.
e: file:///D:/code/omnitune/app/src/main/kotlin/com/omnitune/app/ui/menu/PlaylistMenu.kt:338:56 Unresolved reference 'shuffle'.
e: file:///D:/code/omnitune/app/src/main/kotlin/com/omnitune/app/ui/menu/PlaylistMenu.kt:354:70 Unresolved reference 'share'.
e: file:///D:/code/omnitune/app/src/main/kotlin/com/omnitune/app/ui/menu/PlaylistMenu.kt:360:56 Unresolved reference 'share'.
e: file:///D:/code/omnitune/app/src/main/kotlin/com/omnitune/app/ui/menu/PlaylistMenu.kt:379:77 Unresolved reference 'start_radio'.
e: file:///D:/code/omnitune/app/src/main/kotlin/com/omnitune/app/ui/menu/PlaylistMenu.kt:382:66 Unresolved reference 'radio'.
e: file:///D:/code/omnitune/app/src/main/kotlin/com/omnitune/app/ui/menu/PlaylistMenu.kt:404:73 Unresolved reference 'play_next'.
e: file:///D:/code/omnitune/app/src/main/kotlin/com/omnitune/app/ui/menu/PlaylistMenu.kt:407:62 Unresolved reference 'playlist_play'.
e: file:///D:/code/omnitune/app/src/main/kotlin/com/omnitune/app/ui/menu/PlaylistMenu.kt:421:73 Unresolved reference 'add_to_queue'.
e: file:///D:/code/omnitune/app/src/main/kotlin/com/omnitune/app/ui/menu/PlaylistMenu.kt:424:62 Unresolved reference 'queue_music'.
e: file:///D:/code/omnitune/app/src/main/kotlin/com/omnitune/app/ui/menu/PlaylistMenu.kt:438:77 Unresolved reference 'edit'.
e: file:///D:/code/omnitune/app/src/main/kotlin/com/omnitune/app/ui/menu/PlaylistMenu.kt:441:66 Unresolved reference 'edit'.
e: file:///D:/code/omnitune/app/src/main/kotlin/com/omnitune/app/ui/menu/PlaylistMenu.kt:458:66 Unresolved reference 'style'.
e: file:///D:/code/omnitune/app/src/main/kotlin/com/omnitune/app/ui/menu/PlaylistMenu.kt:475:68 Unresolved reference 'remove_download'.
e: file:///D:/code/omnitune/app/src/main/kotlin/com/omnitune/app/ui/menu/PlaylistMenu.kt:481:74 Unresolved reference 'offline'.
e: file:///D:/code/omnitune/app/src/main/kotlin/com/omnitune/app/ui/menu/PlaylistMenu.kt:492:85 Unresolved reference 'downloading'.
e: file:///D:/code/omnitune/app/src/main/kotlin/com/omnitune/app/ui/menu/PlaylistMenu.kt:503:85 Unresolved reference 'action_download'.
e: file:///D:/code/omnitune/app/src/main/kotlin/com/omnitune/app/ui/menu/PlaylistMenu.kt:506:74 Unresolved reference 'download'.
e: file:///D:/code/omnitune/app/src/main/kotlin/com/omnitune/app/ui/menu/PlaylistMenu.kt:534:77 Unresolved reference 'delete'.
e: file:///D:/code/omnitune/app/src/main/kotlin/com/omnitune/app/ui/menu/PlaylistMenu.kt:537:66 Unresolved reference 'delete'.
e: file:///D:/code/omnitune/app/src/main/kotlin/com/omnitune/app/ui/menu/PlaylistMenu.kt:550:77 Unresolved reference 'share'.
e: file:///D:/code/omnitune/app/src/main/kotlin/com/omnitune/app/ui/menu/PlaylistMenu.kt:553:66 Unresolved reference 'share'.
e: file:///D:/code/omnitune/app/src/main/kotlin/com/omnitune/app/ui/menu/SelectionSongsMenu.kt:110:22 Unresolved reference 'downloads'.
e: file:///D:/code/omnitune/app/src/main/kotlin/com/omnitune/app/ui/menu/SelectionSongsMenu.kt:110:42 Cannot infer type for value parameter 'downloads'. Specify it explicitly.
e: file:///D:/code/omnitune/app/src/main/kotlin/com/omnitune/app/ui/menu/SelectionSongsMenu.kt:112:59 Unresolved reference 'state'.
e: file:///D:/code/omnitune/app/src/main/kotlin/com/omnitune/app/ui/menu/SelectionSongsMenu.kt:115:43 Unresolved reference 'state'.
e: file:///D:/code/omnitune/app/src/main/kotlin/com/omnitune/app/ui/menu/SelectionSongsMenu.kt:116:51 Unresolved reference 'state'.
e: file:///D:/code/omnitune/app/src/main/kotlin/com/omnitune/app/ui/menu/SelectionSongsMenu.kt:117:51 Unresolved reference 'state'.
e: file:///D:/code/omnitune/app/src/main/kotlin/com/omnitune/app/ui/menu/SelectionSongsMenu.kt:135:5 Unresolved reference 'AddToPlaylistDialog'.
e: file:///D:/code/omnitune/app/src/main/kotlin/com/omnitune/app/ui/menu/SelectionSongsMenu.kt:143:27 Cannot infer type for value parameter 'songCount'. Specify it explicitly.
e: file:///D:/code/omnitune/app/src/main/kotlin/com/omnitune/app/ui/menu/SelectionSongsMenu.kt:143:38 Cannot infer type for value parameter 'playlistNames'. Specify it explicitly.
e: file:///D:/code/omnitune/app/src/main/kotlin/com/omnitune/app/ui/menu/SelectionSongsMenu.kt:145:49 Function invocation 'size(...)' expected.
e: file:///D:/code/omnitune/app/src/main/kotlin/com/omnitune/app/ui/menu/SelectionSongsMenu.kt:145:89 Unresolved reference 'added_to_playlist'.
e: file:///D:/code/omnitune/app/src/main/kotlin/com/omnitune/app/ui/menu/SelectionSongsMenu.kt:146:27 'operator' modifier is required on 'fun <T> Comparable<T>.compareTo(other: T): Int'.
e: file:///D:/code/omnitune/app/src/main/kotlin/com/omnitune/app/ui/menu/SelectionSongsMenu.kt:146:48 Function invocation 'size(...)' expected.
e: file:///D:/code/omnitune/app/src/main/kotlin/com/omnitune/app/ui/menu/SelectionSongsMenu.kt:146:88 Unresolved reference 'added_n_songs_to_playlist'.
e: file:///D:/code/omnitune/app/src/main/kotlin/com/omnitune/app/ui/menu/SelectionSongsMenu.kt:147:62 Unresolved reference 'added_to_n_playlists'.
e: file:///D:/code/omnitune/app/src/main/kotlin/com/omnitune/app/ui/menu/SelectionSongsMenu.kt:147:98 Function invocation 'size(...)' expected.
e: file:///D:/code/omnitune/app/src/main/kotlin/com/omnitune/app/ui/menu/SelectionSongsMenu.kt:148:52 Unresolved reference 'added_n_songs_to_n_playlists'.
e: file:///D:/code/omnitune/app/src/main/kotlin/com/omnitune/app/ui/menu/SelectionSongsMenu.kt:148:107 Function invocation 'size(...)' expected.
e: file:///D:/code/omnitune/app/src/main/kotlin/com/omnitune/app/ui/menu/SelectionSongsMenu.kt:163:52 Unresolved reference 'remove_download_playlist_confirm'.
e: file:///D:/code/omnitune/app/src/main/kotlin/com/omnitune/app/ui/menu/SelectionSongsMenu.kt:217:70 Unresolved reference 'play'.
e: file:///D:/code/omnitune/app/src/main/kotlin/com/omnitune/app/ui/menu/SelectionSongsMenu.kt:223:56 Unresolved reference 'play'.
e: file:///D:/code/omnitune/app/src/main/kotlin/com/omnitune/app/ui/menu/SelectionSongsMenu.kt:238:70 Unresolved reference 'shuffle'.
e: file:///D:/code/omnitune/app/src/main/kotlin/com/omnitune/app/ui/menu/SelectionSongsMenu.kt:244:56 Unresolved reference 'shuffle'.
e: file:///D:/code/omnitune/app/src/main/kotlin/com/omnitune/app/ui/menu/SelectionSongsMenu.kt:259:70 Unresolved reference 'playlist_add'.
e: file:///D:/code/omnitune/app/src/main/kotlin/com/omnitune/app/ui/menu/SelectionSongsMenu.kt:265:56 Unresolved reference 'add_to_playlist'.
e: file:///D:/code/omnitune/app/src/main/kotlin/com/omnitune/app/ui/menu/SelectionSongsMenu.kt:276:73 Unresolved reference 'play'.
e: file:///D:/code/omnitune/app/src/main/kotlin/com/omnitune/app/ui/menu/SelectionSongsMenu.kt:279:62 Unresolved reference 'play'.
e: file:///D:/code/omnitune/app/src/main/kotlin/com/omnitune/app/ui/menu/SelectionSongsMenu.kt:297:73 Unresolved reference 'shuffle'.
e: file:///D:/code/omnitune/app/src/main/kotlin/com/omnitune/app/ui/menu/SelectionSongsMenu.kt:300:62 Unresolved reference 'shuffle'.
e: file:///D:/code/omnitune/app/src/main/kotlin/com/omnitune/app/ui/menu/SelectionSongsMenu.kt:318:73 Unresolved reference 'add_to_queue'.
e: file:///D:/code/omnitune/app/src/main/kotlin/com/omnitune/app/ui/menu/SelectionSongsMenu.kt:321:62 Unresolved reference 'queue_music'.
e: file:///D:/code/omnitune/app/src/main/kotlin/com/omnitune/app/ui/menu/SelectionSongsMenu.kt:334:73 Unresolved reference 'add_to_playlist'.
e: file:///D:/code/omnitune/app/src/main/kotlin/com/omnitune/app/ui/menu/SelectionSongsMenu.kt:337:62 Unresolved reference 'playlist_add'.
e: file:///D:/code/omnitune/app/src/main/kotlin/com/omnitune/app/ui/menu/SelectionSongsMenu.kt:351:56 Unresolved reference 'remove_from_library'.
e: file:///D:/code/omnitune/app/src/main/kotlin/com/omnitune/app/ui/menu/SelectionSongsMenu.kt:351:90 Unresolved reference 'add_to_library'.
e: file:///D:/code/omnitune/app/src/main/kotlin/com/omnitune/app/ui/menu/SelectionSongsMenu.kt:358:58 Unresolved reference 'library_add_check'.
e: file:///D:/code/omnitune/app/src/main/kotlin/com/omnitune/app/ui/menu/SelectionSongsMenu.kt:358:92 Unresolved reference 'library_add'.
e: file:///D:/code/omnitune/app/src/main/kotlin/com/omnitune/app/ui/menu/SelectionSongsMenu.kt:389:64 Unresolved reference 'remove_download'.
e: file:///D:/code/omnitune/app/src/main/kotlin/com/omnitune/app/ui/menu/SelectionSongsMenu.kt:395:70 Unresolved reference 'offline'.
e: file:///D:/code/omnitune/app/src/main/kotlin/com/omnitune/app/ui/menu/SelectionSongsMenu.kt:406:81 Unresolved reference 'downloading'.
e: file:///D:/code/omnitune/app/src/main/kotlin/com/omnitune/app/ui/menu/SelectionSongsMenu.kt:417:81 Unresolved reference 'action_download'.
e: file:///D:/code/omnitune/app/src/main/kotlin/com/omnitune/app/ui/menu/SelectionSongsMenu.kt:420:70 Unresolved reference 'download'.
e: file:///D:/code/omnitune/app/src/main/kotlin/com/omnitune/app/ui/menu/SelectionSongsMenu.kt:449:52 Unresolved reference 'dislike_all'.
e: file:///D:/code/omnitune/app/src/main/kotlin/com/omnitune/app/ui/menu/SelectionSongsMenu.kt:449:78 Unresolved reference 'like_all'.
e: file:///D:/code/omnitune/app/src/main/kotlin/com/omnitune/app/ui/menu/SelectionSongsMenu.kt:456:54 Unresolved reference 'favorite'.
e: file:///D:/code/omnitune/app/src/main/kotlin/com/omnitune/app/ui/menu/SelectionSongsMenu.kt:456:79 Unresolved reference 'favorite_border'.
e: file:///D:/code/omnitune/app/src/main/kotlin/com/omnitune/app/ui/menu/SelectionSongsMenu.kt:469:43 Unresolved reference 'likeSong'.
e: file:///D:/code/omnitune/app/src/main/kotlin/com/omnitune/app/ui/menu/SelectionSongsMenu.kt:479:77 Unresolved reference 'delete'.
e: file:///D:/code/omnitune/app/src/main/kotlin/com/omnitune/app/ui/menu/SelectionSongsMenu.kt:482:66 Unresolved reference 'delete'.
e: file:///D:/code/omnitune/app/src/main/kotlin/com/omnitune/app/ui/menu/SelectionSongsMenu.kt:534:5 Unresolved reference 'AddToPlaylistDialog'.
e: file:///D:/code/omnitune/app/src/main/kotlin/com/omnitune/app/ui/menu/SelectionSongsMenu.kt:543:27 Cannot infer type for value parameter 'songCount'. Specify it explicitly.
e: file:///D:/code/omnitune/app/src/main/kotlin/com/omnitune/app/ui/menu/SelectionSongsMenu.kt:543:38 Cannot infer type for value parameter 'playlistNames'. Specify it explicitly.
e: file:///D:/code/omnitune/app/src/main/kotlin/com/omnitune/app/ui/menu/SelectionSongsMenu.kt:545:49 Function invocation 'size(...)' expected.
e: file:///D:/code/omnitune/app/src/main/kotlin/com/omnitune/app/ui/menu/SelectionSongsMenu.kt:545:89 Unresolved reference 'added_to_playlist'.
e: file:///D:/code/omnitune/app/src/main/kotlin/com/omnitune/app/ui/menu/SelectionSongsMenu.kt:546:27 'operator' modifier is required on 'fun <T> Comparable<T>.compareTo(other: T): Int'.
e: file:///D:/code/omnitune/app/src/main/kotlin/com/omnitune/app/ui/menu/SelectionSongsMenu.kt:546:48 Function invocation 'size(...)' expected.
e: file:///D:/code/omnitune/app/src/main/kotlin/com/omnitune/app/ui/menu/SelectionSongsMenu.kt:546:88 Unresolved reference 'added_n_songs_to_playlist'.
e: file:///D:/code/omnitune/app/src/main/kotlin/com/omnitune/app/ui/menu/SelectionSongsMenu.kt:547:62 Unresolved reference 'added_to_n_playlists'.
e: file:///D:/code/omnitune/app/src/main/kotlin/com/omnitune/app/ui/menu/SelectionSongsMenu.kt:547:98 Function invocation 'size(...)' expected.
e: file:///D:/code/omnitune/app/src/main/kotlin/com/omnitune/app/ui/menu/SelectionSongsMenu.kt:548:52 Unresolved reference 'added_n_songs_to_n_playlists'.
e: file:///D:/code/omnitune/app/src/main/kotlin/com/omnitune/app/ui/menu/SelectionSongsMenu.kt:548:107 Function invocation 'size(...)' expected.
e: file:///D:/code/omnitune/app/src/main/kotlin/com/omnitune/app/ui/menu/SelectionSongsMenu.kt:560:22 Unresolved reference 'downloads'.
e: file:///D:/code/omnitune/app/src/main/kotlin/com/omnitune/app/ui/menu/SelectionSongsMenu.kt:560:42 Cannot infer type for value parameter 'downloads'. Specify it explicitly.
e: file:///D:/code/omnitune/app/src/main/kotlin/com/omnitune/app/ui/menu/SelectionSongsMenu.kt:562:59 Unresolved reference 'state'.
e: file:///D:/code/omnitune/app/src/main/kotlin/com/omnitune/app/ui/menu/SelectionSongsMenu.kt:565:43 Unresolved reference 'state'.
e: file:///D:/code/omnitune/app/src/main/kotlin/com/omnitune/app/ui/menu/SelectionSongsMenu.kt:566:51 Unresolved reference 'state'.
e: file:///D:/code/omnitune/app/src/main/kotlin/com/omnitune/app/ui/menu/SelectionSongsMenu.kt:567:51 Unresolved reference 'state'.
e: file:///D:/code/omnitune/app/src/main/kotlin/com/omnitune/app/ui/menu/SelectionSongsMenu.kt:586:52 Unresolved reference 'remove_download_playlist_confirm'.
e: file:///D:/code/omnitune/app/src/main/kotlin/com/omnitune/app/ui/menu/SelectionSongsMenu.kt:630:77 Unresolved reference 'delete'.
e: file:///D:/code/omnitune/app/src/main/kotlin/com/omnitune/app/ui/menu/SelectionSongsMenu.kt:633:66 Unresolved reference 'delete'.
e: file:///D:/code/omnitune/app/src/main/kotlin/com/omnitune/app/ui/menu/SelectionSongsMenu.kt:652:73 Unresolved reference 'play'.
e: file:///D:/code/omnitune/app/src/main/kotlin/com/omnitune/app/ui/menu/SelectionSongsMenu.kt:655:62 Unresolved reference 'play'.
e: file:///D:/code/omnitune/app/src/main/kotlin/com/omnitune/app/ui/menu/SelectionSongsMenu.kt:673:73 Unresolved reference 'shuffle'.
e: file:///D:/code/omnitune/app/src/main/kotlin/com/omnitune/app/ui/menu/SelectionSongsMenu.kt:676:62 Unresolved reference 'shuffle'.
e: file:///D:/code/omnitune/app/src/main/kotlin/com/omnitune/app/ui/menu/SelectionSongsMenu.kt:694:73 Unresolved reference 'add_to_queue'.
e: file:///D:/code/omnitune/app/src/main/kotlin/com/omnitune/app/ui/menu/SelectionSongsMenu.kt:697:62 Unresolved reference 'queue_music'.
e: file:///D:/code/omnitune/app/src/main/kotlin/com/omnitune/app/ui/menu/SelectionSongsMenu.kt:710:73 Unresolved reference 'add_to_playlist'.
e: file:///D:/code/omnitune/app/src/main/kotlin/com/omnitune/app/ui/menu/SelectionSongsMenu.kt:713:62 Unresolved reference 'playlist_add'.
e: file:///D:/code/omnitune/app/src/main/kotlin/com/omnitune/app/ui/menu/SelectionSongsMenu.kt:726:56 Unresolved reference 'like_all'.
e: file:///D:/code/omnitune/app/src/main/kotlin/com/omnitune/app/ui/menu/SelectionSongsMenu.kt:732:54 Unresolved reference 'favorite'.
e: file:///D:/code/omnitune/app/src/main/kotlin/com/omnitune/app/ui/menu/SelectionSongsMenu.kt:732:79 Unresolved reference 'favorite_border'.
e: file:///D:/code/omnitune/app/src/main/kotlin/com/omnitune/app/ui/menu/SelectionSongsMenu.kt:758:64 Unresolved reference 'remove_download'.
e: file:///D:/code/omnitune/app/src/main/kotlin/com/omnitune/app/ui/menu/SelectionSongsMenu.kt:764:70 Unresolved reference 'offline'.
e: file:///D:/code/omnitune/app/src/main/kotlin/com/omnitune/app/ui/menu/SelectionSongsMenu.kt:775:81 Unresolved reference 'downloading'.
e: file:///D:/code/omnitune/app/src/main/kotlin/com/omnitune/app/ui/menu/SelectionSongsMenu.kt:786:81 Unresolved reference 'action_download'.
e: file:///D:/code/omnitune/app/src/main/kotlin/com/omnitune/app/ui/menu/SelectionSongsMenu.kt:789:70 Unresolved reference 'download'.
e: file:///D:/code/omnitune/app/src/main/kotlin/com/omnitune/app/ui/menu/SongMenu.kt:100:38 Unresolved reference 'LocalBottomSheetPageState'.
e: file:///D:/code/omnitune/app/src/main/kotlin/com/omnitune/app/ui/menu/SongMenu.kt:101:38 Unresolved reference 'MenuSurfaceSection'.
e: file:///D:/code/omnitune/app/src/main/kotlin/com/omnitune/app/ui/menu/SongMenu.kt:129:47 Unresolved reference 'getDownload'.
e: file:///D:/code/omnitune/app/src/main/kotlin/com/omnitune/app/ui/menu/SongMenu.kt:203:58 Unresolved reference 'edit'.
e: file:///D:/code/omnitune/app/src/main/kotlin/com/omnitune/app/ui/menu/SongMenu.kt:208:53 Unresolved reference 'edit_song'.
e: file:///D:/code/omnitune/app/src/main/kotlin/com/omnitune/app/ui/menu/SongMenu.kt:211:41 Unresolved reference 'song_title'.
e: file:///D:/code/omnitune/app/src/main/kotlin/com/omnitune/app/ui/menu/SongMenu.kt:212:41 Unresolved reference 'artist_name'.
e: file:///D:/code/omnitune/app/src/main/kotlin/com/omnitune/app/ui/menu/SongMenu.kt:247:5 Unresolved reference 'AddToPlaylistDialog'.
e: file:///D:/code/omnitune/app/src/main/kotlin/com/omnitune/app/ui/menu/SongMenu.kt:249:23 Cannot infer type for value parameter 'playlist'. Specify it explicitly.
e: file:///D:/code/omnitune/app/src/main/kotlin/com/omnitune/app/ui/menu/SongMenu.kt:251:26 Unresolved reference 'playlist'.
e: file:///D:/code/omnitune/app/src/main/kotlin/com/omnitune/app/ui/menu/SongMenu.kt:251:45 Cannot infer type for type parameter 'T'. Specify it explicitly.
e: file:///D:/code/omnitune/app/src/main/kotlin/com/omnitune/app/ui/menu/SongMenu.kt:251:45 Cannot infer type for type parameter 'R'. Specify it explicitly.
e: file:///D:/code/omnitune/app/src/main/kotlin/com/omnitune/app/ui/menu/SongMenu.kt:251:51 Cannot infer type for type parameter 'T'. Specify it explicitly.
e: file:///D:/code/omnitune/app/src/main/kotlin/com/omnitune/app/ui/menu/SongMenu.kt:260:27 Cannot infer type for value parameter 'songCount'. Specify it explicitly.
e: file:///D:/code/omnitune/app/src/main/kotlin/com/omnitune/app/ui/menu/SongMenu.kt:260:38 Cannot infer type for value parameter 'playlistNames'. Specify it explicitly.
e: file:///D:/code/omnitune/app/src/main/kotlin/com/omnitune/app/ui/menu/SongMenu.kt:262:31 Function invocation 'size(...)' expected.
e: file:///D:/code/omnitune/app/src/main/kotlin/com/omnitune/app/ui/menu/SongMenu.kt:262:71 Unresolved reference 'added_to_playlist'.
e: file:///D:/code/omnitune/app/src/main/kotlin/com/omnitune/app/ui/menu/SongMenu.kt:263:52 Unresolved reference 'added_to_n_playlists'.
e: file:///D:/code/omnitune/app/src/main/kotlin/com/omnitune/app/ui/menu/SongMenu.kt:263:88 Function invocation 'size(...)' expected.
e: file:///D:/code/omnitune/app/src/main/kotlin/com/omnitune/app/ui/menu/SongMenu.kt:278:77 Unresolved reference 'already_in_playlist'.
e: file:///D:/code/omnitune/app/src/main/kotlin/com/omnitune/app/ui/menu/SongMenu.kt:281:66 Unresolved reference 'close'.
e: file:///D:/code/omnitune/app/src/main/kotlin/com/omnitune/app/ui/menu/SongMenu.kt:350:13 No parameter with name 'badges' found.
e: file:///D:/code/omnitune/app/src/main/kotlin/com/omnitune/app/ui/menu/SongMenu.kt:359:35 Unresolved reference 'likeSong'.
e: file:///D:/code/omnitune/app/src/main/kotlin/com/omnitune/app/ui/menu/SongMenu.kt:363:83 Unresolved reference 'favorite'.
e: file:///D:/code/omnitune/app/src/main/kotlin/com/omnitune/app/ui/menu/SongMenu.kt:363:108 Unresolved reference 'favorite_border'.
e: file:///D:/code/omnitune/app/src/main/kotlin/com/omnitune/app/ui/menu/SongMenu.kt:374:32 Unresolved reference 'LocalBottomSheetPageState'.
e: file:///D:/code/omnitune/app/src/main/kotlin/com/omnitune/app/ui/menu/SongMenu.kt:379:50 Unresolved reference 'start_radio'.
e: file:///D:/code/omnitune/app/src/main/kotlin/com/omnitune/app/ui/menu/SongMenu.kt:380:48 Unresolved reference 'play_next'.
e: file:///D:/code/omnitune/app/src/main/kotlin/com/omnitune/app/ui/menu/SongMenu.kt:381:50 Unresolved reference 'add_to_queue'.
e: file:///D:/code/omnitune/app/src/main/kotlin/com/omnitune/app/ui/menu/SongMenu.kt:382:53 Unresolved reference 'add_to_playlist'.
e: file:///D:/code/omnitune/app/src/main/kotlin/com/omnitune/app/ui/menu/SongMenu.kt:383:45 Unresolved reference 'share'.
e: file:///D:/code/omnitune/app/src/main/kotlin/com/omnitune/app/ui/menu/SongMenu.kt:384:44 Unresolved reference 'edit'.
e: file:///D:/code/omnitune/app/src/main/kotlin/com/omnitune/app/ui/menu/SongMenu.kt:401:62 Unresolved reference 'radio'.
e: file:///D:/code/omnitune/app/src/main/kotlin/com/omnitune/app/ui/menu/SongMenu.kt:416:62 Unresolved reference 'playlist_play'.
e: file:///D:/code/omnitune/app/src/main/kotlin/com/omnitune/app/ui/menu/SongMenu.kt:431:62 Unresolved reference 'queue_music'.
e: file:///D:/code/omnitune/app/src/main/kotlin/com/omnitune/app/ui/menu/SongMenu.kt:446:62 Unresolved reference 'playlist_add'.
e: file:///D:/code/omnitune/app/src/main/kotlin/com/omnitune/app/ui/menu/SongMenu.kt:458:62 Unresolved reference 'share'.
e: file:///D:/code/omnitune/app/src/main/kotlin/com/omnitune/app/ui/menu/SongMenu.kt:479:62 Unresolved reference 'edit'.
e: file:///D:/code/omnitune/app/src/main/kotlin/com/omnitune/app/ui/menu/SongMenu.kt:505:13 Unresolved reference 'MenuSurfaceSection'.
e: file:///D:/code/omnitune/app/src/main/kotlin/com/omnitune/app/ui/menu/SongMenu.kt:506:17 @Composable invocations can only happen from the context of a @Composable function
e: file:///D:/code/omnitune/app/src/main/kotlin/com/omnitune/app/ui/menu/SongMenu.kt:518:13 Unresolved reference 'MenuSurfaceSection'.
e: file:///D:/code/omnitune/app/src/main/kotlin/com/omnitune/app/ui/menu/SongMenu.kt:519:17 @Composable invocations can only happen from the context of a @Composable function
e: file:///D:/code/omnitune/app/src/main/kotlin/com/omnitune/app/ui/menu/SongMenu.kt:524:79 Unresolved reference 'add_to_library'.
e: file:///D:/code/omnitune/app/src/main/kotlin/com/omnitune/app/ui/menu/SongMenu.kt:525:51 Unresolved reference 'remove_from_library'.
e: file:///D:/code/omnitune/app/src/main/kotlin/com/omnitune/app/ui/menu/SongMenu.kt:533:81 Unresolved reference 'library_add'.
e: file:///D:/code/omnitune/app/src/main/kotlin/com/omnitune/app/ui/menu/SongMenu.kt:534:53 Unresolved reference 'library_add_check'.
e: file:///D:/code/omnitune/app/src/main/kotlin/com/omnitune/app/ui/menu/SongMenu.kt:546:47 @Composable invocations can only happen from the context of a @Composable function
e: file:///D:/code/omnitune/app/src/main/kotlin/com/omnitune/app/ui/menu/SongMenu.kt:556:13 Unresolved reference 'MenuSurfaceSection'.
e: file:///D:/code/omnitune/app/src/main/kotlin/com/omnitune/app/ui/menu/SongMenu.kt:558:17 @Composable invocations can only happen from the context of a @Composable function
e: file:///D:/code/omnitune/app/src/main/kotlin/com/omnitune/app/ui/menu/SongMenu.kt:563:68 Unresolved reference 'remove_from_history'.
e: file:///D:/code/omnitune/app/src/main/kotlin/com/omnitune/app/ui/menu/SongMenu.kt:569:74 Unresolved reference 'delete'.
e: file:///D:/code/omnitune/app/src/main/kotlin/com/omnitune/app/ui/menu/SongMenu.kt:596:68 Unresolved reference 'remove_from_playlist'.
e: file:///D:/code/omnitune/app/src/main/kotlin/com/omnitune/app/ui/menu/SongMenu.kt:602:74 Unresolved reference 'delete'.
e: file:///D:/code/omnitune/app/src/main/kotlin/com/omnitune/app/ui/menu/SongMenu.kt:643:68 Unresolved reference 'remove_from_cache'.
e: file:///D:/code/omnitune/app/src/main/kotlin/com/omnitune/app/ui/menu/SongMenu.kt:649:74 Unresolved reference 'delete'.
e: file:///D:/code/omnitune/app/src/main/kotlin/com/omnitune/app/ui/menu/SongMenu.kt:657:52 Unresolved reference 'removeSongFromCache'.
e: file:///D:/code/omnitune/app/src/main/kotlin/com/omnitune/app/ui/menu/SongMenu.kt:668:37 Unresolved reference 'state'.
e: file:///D:/code/omnitune/app/src/main/kotlin/com/omnitune/app/ui/menu/SongMenu.kt:673:72 Unresolved reference 'remove_download'.
e: file:///D:/code/omnitune/app/src/main/kotlin/com/omnitune/app/ui/menu/SongMenu.kt:679:78 Unresolved reference 'offline'.
e: file:///D:/code/omnitune/app/src/main/kotlin/com/omnitune/app/ui/menu/SongMenu.kt:698:89 Unresolved reference 'downloading'.
e: file:///D:/code/omnitune/app/src/main/kotlin/com/omnitune/app/ui/menu/SongMenu.kt:716:89 Unresolved reference 'action_download'.
e: file:///D:/code/omnitune/app/src/main/kotlin/com/omnitune/app/ui/menu/SongMenu.kt:719:78 Unresolved reference 'download'.
e: file:///D:/code/omnitune/app/src/main/kotlin/com/omnitune/app/ui/menu/SongMenu.kt:751:13 Unresolved reference 'MenuSurfaceSection'.
e: file:///D:/code/omnitune/app/src/main/kotlin/com/omnitune/app/ui/menu/SongMenu.kt:752:17 @Composable invocations can only happen from the context of a @Composable function
e: file:///D:/code/omnitune/app/src/main/kotlin/com/omnitune/app/ui/menu/SongMenu.kt:754:81 Unresolved reference 'view_artist'.
e: file:///D:/code/omnitune/app/src/main/kotlin/com/omnitune/app/ui/menu/SongMenu.kt:757:70 Unresolved reference 'artist'.
e: file:///D:/code/omnitune/app/src/main/kotlin/com/omnitune/app/ui/menu/SongMenu.kt:780:85 Unresolved reference 'view_album'.
e: file:///D:/code/omnitune/app/src/main/kotlin/com/omnitune/app/ui/menu/SongMenu.kt:783:74 Unresolved reference 'album'.
e: file:///D:/code/omnitune/app/src/main/kotlin/com/omnitune/app/ui/menu/SongMenu.kt:804:13 Unresolved reference 'MenuSurfaceSection'.
e: file:///D:/code/omnitune/app/src/main/kotlin/com/omnitune/app/ui/menu/SongMenu.kt:805:17 @Composable invocations can only happen from the context of a @Composable function
e: file:///D:/code/omnitune/app/src/main/kotlin/com/omnitune/app/ui/menu/SongMenu.kt:807:81 Unresolved reference 'refetch'.
e: file:///D:/code/omnitune/app/src/main/kotlin/com/omnitune/app/ui/menu/SongMenu.kt:810:70 Unresolved reference 'sync'.
e: file:///D:/code/omnitune/app/src/main/kotlin/com/omnitune/app/ui/menu/SongMenu.kt:838:81 Unresolved reference 'details'.
e: file:///D:/code/omnitune/app/src/main/kotlin/com/omnitune/app/ui/menu/SongMenu.kt:841:70 Unresolved reference 'info'.
e: file:///D:/code/omnitune/app/src/main/kotlin/com/omnitune/app/ui/menu/SongMenu.kt:849:37 @Composable invocations can only happen from the context of a @Composable function
e: file:///D:/code/omnitune/app/src/main/kotlin/com/omnitune/app/ui/menu/YouTubeAlbumMenu.kt:124:22 Unresolved reference 'downloads'.
e: file:///D:/code/omnitune/app/src/main/kotlin/com/omnitune/app/ui/menu/YouTubeAlbumMenu.kt:124:42 Cannot infer type for value parameter 'downloads'. Specify it explicitly.
e: file:///D:/code/omnitune/app/src/main/kotlin/com/omnitune/app/ui/menu/YouTubeAlbumMenu.kt:126:48 Unresolved reference 'state'.
e: file:///D:/code/omnitune/app/src/main/kotlin/com/omnitune/app/ui/menu/YouTubeAlbumMenu.kt:129:40 Unresolved reference 'state'.
e: file:///D:/code/omnitune/app/src/main/kotlin/com/omnitune/app/ui/menu/YouTubeAlbumMenu.kt:130:48 Unresolved reference 'state'.
e: file:///D:/code/omnitune/app/src/main/kotlin/com/omnitune/app/ui/menu/YouTubeAlbumMenu.kt:131:48 Unresolved reference 'state'.
e: file:///D:/code/omnitune/app/src/main/kotlin/com/omnitune/app/ui/menu/YouTubeAlbumMenu.kt:181:5 Unresolved reference 'AddToPlaylistDialog'.
e: file:///D:/code/omnitune/app/src/main/kotlin/com/omnitune/app/ui/menu/YouTubeAlbumMenu.kt:183:23 Cannot infer type for value parameter 'playlist'. Specify it explicitly.
e: file:///D:/code/omnitune/app/src/main/kotlin/com/omnitune/app/ui/menu/YouTubeAlbumMenu.kt:185:26 Unresolved reference 'playlist'.
e: file:///D:/code/omnitune/app/src/main/kotlin/com/omnitune/app/ui/menu/YouTubeAlbumMenu.kt:185:45 Cannot infer type for type parameter 'T'. Specify it explicitly.
e: file:///D:/code/omnitune/app/src/main/kotlin/com/omnitune/app/ui/menu/YouTubeAlbumMenu.kt:185:45 Cannot infer type for type parameter 'R'. Specify it explicitly.
e: file:///D:/code/omnitune/app/src/main/kotlin/com/omnitune/app/ui/menu/YouTubeAlbumMenu.kt:185:51 Cannot infer type for type parameter 'T'. Specify it explicitly.
e: file:///D:/code/omnitune/app/src/main/kotlin/com/omnitune/app/ui/menu/YouTubeAlbumMenu.kt:194:27 Cannot infer type for value parameter 'songCount'. Specify it explicitly.
e: file:///D:/code/omnitune/app/src/main/kotlin/com/omnitune/app/ui/menu/YouTubeAlbumMenu.kt:194:38 Cannot infer type for value parameter 'playlistNames'. Specify it explicitly.
e: file:///D:/code/omnitune/app/src/main/kotlin/com/omnitune/app/ui/menu/YouTubeAlbumMenu.kt:196:49 Function invocation 'size(...)' expected.
e: file:///D:/code/omnitune/app/src/main/kotlin/com/omnitune/app/ui/menu/YouTubeAlbumMenu.kt:196:89 Unresolved reference 'added_to_playlist'.
e: file:///D:/code/omnitune/app/src/main/kotlin/com/omnitune/app/ui/menu/YouTubeAlbumMenu.kt:197:27 'operator' modifier is required on 'fun <T> Comparable<T>.compareTo(other: T): Int'.
e: file:///D:/code/omnitune/app/src/main/kotlin/com/omnitune/app/ui/menu/YouTubeAlbumMenu.kt:197:48 Function invocation 'size(...)' expected.
e: file:///D:/code/omnitune/app/src/main/kotlin/com/omnitune/app/ui/menu/YouTubeAlbumMenu.kt:197:88 Unresolved reference 'added_n_songs_to_playlist'.
e: file:///D:/code/omnitune/app/src/main/kotlin/com/omnitune/app/ui/menu/YouTubeAlbumMenu.kt:198:62 Unresolved reference 'added_to_n_playlists'.
e: file:///D:/code/omnitune/app/src/main/kotlin/com/omnitune/app/ui/menu/YouTubeAlbumMenu.kt:198:98 Function invocation 'size(...)' expected.
e: file:///D:/code/omnitune/app/src/main/kotlin/com/omnitune/app/ui/menu/YouTubeAlbumMenu.kt:199:52 Unresolved reference 'added_n_songs_to_n_playlists'.
e: file:///D:/code/omnitune/app/src/main/kotlin/com/omnitune/app/ui/menu/YouTubeAlbumMenu.kt:199:107 Function invocation 'size(...)' expected.
e: file:///D:/code/omnitune/app/src/main/kotlin/com/omnitune/app/ui/menu/YouTubeAlbumMenu.kt:214:77 Unresolved reference 'already_in_playlist'.
e: file:///D:/code/omnitune/app/src/main/kotlin/com/omnitune/app/ui/menu/YouTubeAlbumMenu.kt:217:66 Unresolved reference 'close'.
e: file:///D:/code/omnitune/app/src/main/kotlin/com/omnitune/app/ui/menu/YouTubeAlbumMenu.kt:290:98 Unresolved reference 'favorite'.
e: file:///D:/code/omnitune/app/src/main/kotlin/com/omnitune/app/ui/menu/YouTubeAlbumMenu.kt:290:123 Unresolved reference 'favorite_border'.
e: file:///D:/code/omnitune/app/src/main/kotlin/com/omnitune/app/ui/menu/YouTubeAlbumMenu.kt:321:70 Unresolved reference 'play'.
e: file:///D:/code/omnitune/app/src/main/kotlin/com/omnitune/app/ui/menu/YouTubeAlbumMenu.kt:327:56 Unresolved reference 'play'.
e: file:///D:/code/omnitune/app/src/main/kotlin/com/omnitune/app/ui/menu/YouTubeAlbumMenu.kt:340:70 Unresolved reference 'shuffle'.
e: file:///D:/code/omnitune/app/src/main/kotlin/com/omnitune/app/ui/menu/YouTubeAlbumMenu.kt:346:56 Unresolved reference 'shuffle'.
e: file:///D:/code/omnitune/app/src/main/kotlin/com/omnitune/app/ui/menu/YouTubeAlbumMenu.kt:359:70 Unresolved reference 'share'.
e: file:///D:/code/omnitune/app/src/main/kotlin/com/omnitune/app/ui/menu/YouTubeAlbumMenu.kt:365:56 Unresolved reference 'share'.
e: file:///D:/code/omnitune/app/src/main/kotlin/com/omnitune/app/ui/menu/YouTubeAlbumMenu.kt:382:73 Unresolved reference 'play_next'.
e: file:///D:/code/omnitune/app/src/main/kotlin/com/omnitune/app/ui/menu/YouTubeAlbumMenu.kt:385:62 Unresolved reference 'playlist_play'.
e: file:///D:/code/omnitune/app/src/main/kotlin/com/omnitune/app/ui/menu/YouTubeAlbumMenu.kt:400:73 Unresolved reference 'add_to_queue'.
e: file:///D:/code/omnitune/app/src/main/kotlin/com/omnitune/app/ui/menu/YouTubeAlbumMenu.kt:403:62 Unresolved reference 'queue_music'.
e: file:///D:/code/omnitune/app/src/main/kotlin/com/omnitune/app/ui/menu/YouTubeAlbumMenu.kt:418:73 Unresolved reference 'add_to_playlist'.
e: file:///D:/code/omnitune/app/src/main/kotlin/com/omnitune/app/ui/menu/YouTubeAlbumMenu.kt:421:62 Unresolved reference 'playlist_add'.
e: file:///D:/code/omnitune/app/src/main/kotlin/com/omnitune/app/ui/menu/YouTubeAlbumMenu.kt:436:64 Unresolved reference 'remove_download'.
e: file:///D:/code/omnitune/app/src/main/kotlin/com/omnitune/app/ui/menu/YouTubeAlbumMenu.kt:442:70 Unresolved reference 'offline'.
e: file:///D:/code/omnitune/app/src/main/kotlin/com/omnitune/app/ui/menu/YouTubeAlbumMenu.kt:460:81 Unresolved reference 'downloading'.
e: file:///D:/code/omnitune/app/src/main/kotlin/com/omnitune/app/ui/menu/YouTubeAlbumMenu.kt:478:81 Unresolved reference 'action_download'.
e: file:///D:/code/omnitune/app/src/main/kotlin/com/omnitune/app/ui/menu/YouTubeAlbumMenu.kt:481:70 Unresolved reference 'download'.
e: file:///D:/code/omnitune/app/src/main/kotlin/com/omnitune/app/ui/menu/YouTubeAlbumMenu.kt:508:77 Unresolved reference 'view_artist'.
e: file:///D:/code/omnitune/app/src/main/kotlin/com/omnitune/app/ui/menu/YouTubeAlbumMenu.kt:511:66 Unresolved reference 'artist'.
e: file:///D:/code/omnitune/app/src/main/kotlin/com/omnitune/app/ui/menu/YouTubeArtistMenu.kt:101:78 Unresolved reference 'radio'.
e: file:///D:/code/omnitune/app/src/main/kotlin/com/omnitune/app/ui/menu/YouTubeArtistMenu.kt:107:64 Unresolved reference 'start_radio'.
e: file:///D:/code/omnitune/app/src/main/kotlin/com/omnitune/app/ui/menu/YouTubeArtistMenu.kt:122:78 Unresolved reference 'shuffle'.
e: file:///D:/code/omnitune/app/src/main/kotlin/com/omnitune/app/ui/menu/YouTubeArtistMenu.kt:128:64 Unresolved reference 'shuffle'.
e: file:///D:/code/omnitune/app/src/main/kotlin/com/omnitune/app/ui/menu/YouTubeArtistMenu.kt:142:74 Unresolved reference 'share'.
e: file:///D:/code/omnitune/app/src/main/kotlin/com/omnitune/app/ui/menu/YouTubeArtistMenu.kt:148:60 Unresolved reference 'share'.
e: file:///D:/code/omnitune/app/src/main/kotlin/com/omnitune/app/ui/menu/YouTubeArtistMenu.kt:169:106 Unresolved reference 'subscribed'.
e: file:///D:/code/omnitune/app/src/main/kotlin/com/omnitune/app/ui/menu/YouTubeArtistMenu.kt:169:147 Unresolved reference 'subscribe'.
e: file:///D:/code/omnitune/app/src/main/kotlin/com/omnitune/app/ui/menu/YouTubeArtistMenu.kt:175:44 Unresolved reference 'subscribed'.
e: file:///D:/code/omnitune/app/src/main/kotlin/com/omnitune/app/ui/menu/YouTubeArtistMenu.kt:177:44 Unresolved reference 'subscribe'.
e: file:///D:/code/omnitune/app/src/main/kotlin/com/omnitune/app/ui/menu/YouTubePlaylistMenu.kt:120:5 Unresolved reference 'AddToPlaylistDialog'.
e: file:///D:/code/omnitune/app/src/main/kotlin/com/omnitune/app/ui/menu/YouTubePlaylistMenu.kt:122:23 Cannot infer type for value parameter 'targetPlaylist'. Specify it explicitly.
e: file:///D:/code/omnitune/app/src/main/kotlin/com/omnitune/app/ui/menu/YouTubePlaylistMenu.kt:125:29 Suspend function 'suspend fun playlist(playlistId: String): Result<PlaylistPage>' can only be called from a coroutine or another suspend function.
e: file:///D:/code/omnitune/app/src/main/kotlin/com/omnitune/app/ui/menu/YouTubePlaylistMenu.kt:125:51 Suspend function 'suspend fun Result<PlaylistPage>.completed(): Result<PlaylistPage>' can only be called from a coroutine or another suspend function.
e: file:///D:/code/omnitune/app/src/main/kotlin/com/omnitune/app/ui/menu/YouTubePlaylistMenu.kt:135:27 Cannot infer type for value parameter 'songCount'. Specify it explicitly.
e: file:///D:/code/omnitune/app/src/main/kotlin/com/omnitune/app/ui/menu/YouTubePlaylistMenu.kt:135:38 Cannot infer type for value parameter 'playlistNames'. Specify it explicitly.
e: file:///D:/code/omnitune/app/src/main/kotlin/com/omnitune/app/ui/menu/YouTubePlaylistMenu.kt:137:49 Function invocation 'size(...)' expected.
e: file:///D:/code/omnitune/app/src/main/kotlin/com/omnitune/app/ui/menu/YouTubePlaylistMenu.kt:137:89 Unresolved reference 'added_to_playlist'.
e: file:///D:/code/omnitune/app/src/main/kotlin/com/omnitune/app/ui/menu/YouTubePlaylistMenu.kt:138:27 'operator' modifier is required on 'fun <T> Comparable<T>.compareTo(other: T): Int'.
e: file:///D:/code/omnitune/app/src/main/kotlin/com/omnitune/app/ui/menu/YouTubePlaylistMenu.kt:138:48 Function invocation 'size(...)' expected.
e: file:///D:/code/omnitune/app/src/main/kotlin/com/omnitune/app/ui/menu/YouTubePlaylistMenu.kt:138:88 Unresolved reference 'added_n_songs_to_playlist'.
e: file:///D:/code/omnitune/app/src/main/kotlin/com/omnitune/app/ui/menu/YouTubePlaylistMenu.kt:139:62 Unresolved reference 'added_to_n_playlists'.
e: file:///D:/code/omnitune/app/src/main/kotlin/com/omnitune/app/ui/menu/YouTubePlaylistMenu.kt:139:98 Function invocation 'size(...)' expected.
e: file:///D:/code/omnitune/app/src/main/kotlin/com/omnitune/app/ui/menu/YouTubePlaylistMenu.kt:140:52 Unresolved reference 'added_n_songs_to_n_playlists'.
e: file:///D:/code/omnitune/app/src/main/kotlin/com/omnitune/app/ui/menu/YouTubePlaylistMenu.kt:140:107 Function invocation 'size(...)' expected.
e: file:///D:/code/omnitune/app/src/main/kotlin/com/omnitune/app/ui/menu/YouTubePlaylistMenu.kt:194:110 Unresolved reference 'favorite'.
e: file:///D:/code/omnitune/app/src/main/kotlin/com/omnitune/app/ui/menu/YouTubePlaylistMenu.kt:194:135 Unresolved reference 'favorite_border'.
e: file:///D:/code/omnitune/app/src/main/kotlin/com/omnitune/app/ui/menu/YouTubePlaylistMenu.kt:212:22 Unresolved reference 'downloads'.
e: file:///D:/code/omnitune/app/src/main/kotlin/com/omnitune/app/ui/menu/YouTubePlaylistMenu.kt:212:42 Cannot infer type for value parameter 'downloads'. Specify it explicitly.
e: file:///D:/code/omnitune/app/src/main/kotlin/com/omnitune/app/ui/menu/YouTubePlaylistMenu.kt:214:51 Unresolved reference 'state'.
e: file:///D:/code/omnitune/app/src/main/kotlin/com/omnitune/app/ui/menu/YouTubePlaylistMenu.kt:217:43 Unresolved reference 'state'.
e: file:///D:/code/omnitune/app/src/main/kotlin/com/omnitune/app/ui/menu/YouTubePlaylistMenu.kt:218:54 Unresolved reference 'state'.
e: file:///D:/code/omnitune/app/src/main/kotlin/com/omnitune/app/ui/menu/YouTubePlaylistMenu.kt:219:54 Unresolved reference 'state'.
e: file:///D:/code/omnitune/app/src/main/kotlin/com/omnitune/app/ui/menu/YouTubePlaylistMenu.kt:235:34 Unresolved reference 'remove_download_playlist_confirm'.
e: file:///D:/code/omnitune/app/src/main/kotlin/com/omnitune/app/ui/menu/YouTubePlaylistMenu.kt:267:5 Unresolved reference 'ImportPlaylistDialog'.
e: file:///D:/code/omnitune/app/src/main/kotlin/com/omnitune/app/ui/menu/YouTubePlaylistMenu.kt:272:29 Suspend function 'suspend fun playlist(playlistId: String): Result<PlaylistPage>' can only be called from a coroutine or another suspend function.
e: file:///D:/code/omnitune/app/src/main/kotlin/com/omnitune/app/ui/menu/YouTubePlaylistMenu.kt:272:51 Suspend function 'suspend fun Result<PlaylistPage>.completed(): Result<PlaylistPage>' can only be called from a coroutine or another suspend function.
e: file:///D:/code/omnitune/app/src/main/kotlin/com/omnitune/app/ui/menu/YouTubePlaylistMenu.kt:296:77 Unresolved reference 'already_in_playlist'.
e: file:///D:/code/omnitune/app/src/main/kotlin/com/omnitune/app/ui/menu/YouTubePlaylistMenu.kt:299:66 Unresolved reference 'close'.
e: file:///D:/code/omnitune/app/src/main/kotlin/com/omnitune/app/ui/menu/YouTubePlaylistMenu.kt:362:78 Unresolved reference 'play'.
e: file:///D:/code/omnitune/app/src/main/kotlin/com/omnitune/app/ui/menu/YouTubePlaylistMenu.kt:368:64 Unresolved reference 'play'.
e: file:///D:/code/omnitune/app/src/main/kotlin/com/omnitune/app/ui/menu/YouTubePlaylistMenu.kt:381:78 Unresolved reference 'shuffle'.
e: file:///D:/code/omnitune/app/src/main/kotlin/com/omnitune/app/ui/menu/YouTubePlaylistMenu.kt:387:64 Unresolved reference 'shuffle'.
e: file:///D:/code/omnitune/app/src/main/kotlin/com/omnitune/app/ui/menu/YouTubePlaylistMenu.kt:400:78 Unresolved reference 'radio'.
e: file:///D:/code/omnitune/app/src/main/kotlin/com/omnitune/app/ui/menu/YouTubePlaylistMenu.kt:406:64 Unresolved reference 'start_radio'.
e: file:///D:/code/omnitune/app/src/main/kotlin/com/omnitune/app/ui/menu/YouTubePlaylistMenu.kt:421:73 Unresolved reference 'play_next'.
e: file:///D:/code/omnitune/app/src/main/kotlin/com/omnitune/app/ui/menu/YouTubePlaylistMenu.kt:424:62 Unresolved reference 'playlist_play'.
e: file:///D:/code/omnitune/app/src/main/kotlin/com/omnitune/app/ui/menu/YouTubePlaylistMenu.kt:450:73 Unresolved reference 'add_to_queue'.
e: file:///D:/code/omnitune/app/src/main/kotlin/com/omnitune/app/ui/menu/YouTubePlaylistMenu.kt:453:62 Unresolved reference 'queue_music'.
e: file:///D:/code/omnitune/app/src/main/kotlin/com/omnitune/app/ui/menu/YouTubePlaylistMenu.kt:479:73 Unresolved reference 'add_to_playlist'.
e: file:///D:/code/omnitune/app/src/main/kotlin/com/omnitune/app/ui/menu/YouTubePlaylistMenu.kt:482:62 Unresolved reference 'playlist_add'.
e: file:///D:/code/omnitune/app/src/main/kotlin/com/omnitune/app/ui/menu/YouTubePlaylistMenu.kt:493:73 Unresolved reference 'import_playlist'.
e: file:///D:/code/omnitune/app/src/main/kotlin/com/omnitune/app/ui/menu/YouTubePlaylistMenu.kt:496:62 Unresolved reference 'add'.
e: file:///D:/code/omnitune/app/src/main/kotlin/com/omnitune/app/ui/menu/YouTubePlaylistMenu.kt:507:73 Unresolved reference 'yt_sync'.
e: file:///D:/code/omnitune/app/src/main/kotlin/com/omnitune/app/ui/menu/YouTubePlaylistMenu.kt:510:62 Unresolved reference 'sync'.
e: file:///D:/code/omnitune/app/src/main/kotlin/com/omnitune/app/ui/menu/YouTubePlaylistMenu.kt:529:111 Unresolved reference 'import_failed'.
e: file:///D:/code/omnitune/app/src/main/kotlin/com/omnitune/app/ui/menu/YouTubePlaylistMenu.kt:531:119 Unresolved reference 'import_failed'.
e: file:///D:/code/omnitune/app/src/main/kotlin/com/omnitune/app/ui/menu/YouTubePlaylistMenu.kt:565:111 Unresolved reference 'playlist_synced'.
e: file:///D:/code/omnitune/app/src/main/kotlin/com/omnitune/app/ui/menu/YouTubePlaylistMenu.kt:567:119 Unresolved reference 'playlist_synced'.
e: file:///D:/code/omnitune/app/src/main/kotlin/com/omnitune/app/ui/menu/YouTubePlaylistMenu.kt:578:55 Unresolved reference 'syncAutoSyncPlaylists'.
e: file:///D:/code/omnitune/app/src/main/kotlin/com/omnitune/app/ui/menu/YouTubePlaylistMenu.kt:581:111 Unresolved reference 'playlist_synced'.
e: file:///D:/code/omnitune/app/src/main/kotlin/com/omnitune/app/ui/menu/YouTubePlaylistMenu.kt:583:119 Unresolved reference 'playlist_synced'.
e: file:///D:/code/omnitune/app/src/main/kotlin/com/omnitune/app/ui/menu/YouTubePlaylistMenu.kt:591:83 Unresolved reference 'import_failed'.
e: file:///D:/code/omnitune/app/src/main/kotlin/com/omnitune/app/ui/menu/YouTubePlaylistMenu.kt:611:64 Unresolved reference 'remove_download'.
e: file:///D:/code/omnitune/app/src/main/kotlin/com/omnitune/app/ui/menu/YouTubePlaylistMenu.kt:617:70 Unresolved reference 'offline'.
e: file:///D:/code/omnitune/app/src/main/kotlin/com/omnitune/app/ui/menu/YouTubePlaylistMenu.kt:628:81 Unresolved reference 'downloading'.
e: file:///D:/code/omnitune/app/src/main/kotlin/com/omnitune/app/ui/menu/YouTubePlaylistMenu.kt:639:81 Unresolved reference 'action_download'.
e: file:///D:/code/omnitune/app/src/main/kotlin/com/omnitune/app/ui/menu/YouTubePlaylistMenu.kt:642:70 Unresolved reference 'download'.
e: file:///D:/code/omnitune/app/src/main/kotlin/com/omnitune/app/ui/menu/YouTubePlaylistMenu.kt:678:73 Unresolved reference 'share'.
e: file:///D:/code/omnitune/app/src/main/kotlin/com/omnitune/app/ui/menu/YouTubePlaylistMenu.kt:681:62 Unresolved reference 'share'.
e: file:///D:/code/omnitune/app/src/main/kotlin/com/omnitune/app/ui/menu/YouTubePlaylistMenu.kt:699:77 Unresolved reference 'select'.
e: file:///D:/code/omnitune/app/src/main/kotlin/com/omnitune/app/ui/menu/YouTubePlaylistMenu.kt:702:66 Unresolved reference 'select_all'.
e: file:///D:/code/omnitune/app/src/main/kotlin/com/omnitune/app/ui/menu/YouTubeSongMenu.kt:85:38 Unresolved reference 'LocalBottomSheetPageState'.
e: file:///D:/code/omnitune/app/src/main/kotlin/com/omnitune/app/ui/menu/YouTubeSongMenu.kt:107:47 Unresolved reference 'getDownload'.
e: file:///D:/code/omnitune/app/src/main/kotlin/com/omnitune/app/ui/menu/YouTubeSongMenu.kt:149:5 Unresolved reference 'AddToPlaylistDialog'.
e: file:///D:/code/omnitune/app/src/main/kotlin/com/omnitune/app/ui/menu/YouTubeSongMenu.kt:151:23 Cannot infer type for value parameter 'playlist'. Specify it explicitly.
e: file:///D:/code/omnitune/app/src/main/kotlin/com/omnitune/app/ui/menu/YouTubeSongMenu.kt:156:26 Unresolved reference 'playlist'.
e: file:///D:/code/omnitune/app/src/main/kotlin/com/omnitune/app/ui/menu/YouTubeSongMenu.kt:156:45 Cannot infer type for type parameter 'T'. Specify it explicitly.
e: file:///D:/code/omnitune/app/src/main/kotlin/com/omnitune/app/ui/menu/YouTubeSongMenu.kt:156:45 Cannot infer type for type parameter 'R'. Specify it explicitly.
e: file:///D:/code/omnitune/app/src/main/kotlin/com/omnitune/app/ui/menu/YouTubeSongMenu.kt:156:51 Cannot infer type for type parameter 'T'. Specify it explicitly.
e: file:///D:/code/omnitune/app/src/main/kotlin/com/omnitune/app/ui/menu/YouTubeSongMenu.kt:163:27 Cannot infer type for implicit value parameter 'it'. Specify it explicitly.
e: file:///D:/code/omnitune/app/src/main/kotlin/com/omnitune/app/ui/menu/YouTubeSongMenu.kt:163:30 Cannot infer type for value parameter 'playlistNames'. Specify it explicitly.
e: file:///D:/code/omnitune/app/src/main/kotlin/com/omnitune/app/ui/menu/YouTubeSongMenu.kt:165:31 Function invocation 'size(...)' expected.
e: file:///D:/code/omnitune/app/src/main/kotlin/com/omnitune/app/ui/menu/YouTubeSongMenu.kt:165:71 Unresolved reference 'added_to_playlist'.
e: file:///D:/code/omnitune/app/src/main/kotlin/com/omnitune/app/ui/menu/YouTubeSongMenu.kt:166:52 Unresolved reference 'added_to_n_playlists'.
e: file:///D:/code/omnitune/app/src/main/kotlin/com/omnitune/app/ui/menu/YouTubeSongMenu.kt:166:88 Function invocation 'size(...)' expected.
e: file:///D:/code/omnitune/app/src/main/kotlin/com/omnitune/app/ui/menu/YouTubeSongMenu.kt:262:39 Unresolved reference 'likeSong'.
e: file:///D:/code/omnitune/app/src/main/kotlin/com/omnitune/app/ui/menu/YouTubeSongMenu.kt:268:96 Unresolved reference 'favorite'.
e: file:///D:/code/omnitune/app/src/main/kotlin/com/omnitune/app/ui/menu/YouTubeSongMenu.kt:268:121 Unresolved reference 'favorite_border'.
e: file:///D:/code/omnitune/app/src/main/kotlin/com/omnitune/app/ui/menu/YouTubeSongMenu.kt:281:32 Unresolved reference 'LocalBottomSheetPageState'.
e: file:///D:/code/omnitune/app/src/main/kotlin/com/omnitune/app/ui/menu/YouTubeSongMenu.kt:305:70 Unresolved reference 'playlist_play'.
e: file:///D:/code/omnitune/app/src/main/kotlin/com/omnitune/app/ui/menu/YouTubeSongMenu.kt:311:56 Unresolved reference 'play_next'.
e: file:///D:/code/omnitune/app/src/main/kotlin/com/omnitune/app/ui/menu/YouTubeSongMenu.kt:320:70 Unresolved reference 'playlist_add'.
e: file:///D:/code/omnitune/app/src/main/kotlin/com/omnitune/app/ui/menu/YouTubeSongMenu.kt:326:56 Unresolved reference 'add_to_playlist'.
e: file:///D:/code/omnitune/app/src/main/kotlin/com/omnitune/app/ui/menu/YouTubeSongMenu.kt:334:70 Unresolved reference 'share'.
e: file:///D:/code/omnitune/app/src/main/kotlin/com/omnitune/app/ui/menu/YouTubeSongMenu.kt:340:56 Unresolved reference 'share'.
e: file:///D:/code/omnitune/app/src/main/kotlin/com/omnitune/app/ui/menu/YouTubeSongMenu.kt:357:73 Unresolved reference 'start_radio'.
e: file:///D:/code/omnitune/app/src/main/kotlin/com/omnitune/app/ui/menu/YouTubeSongMenu.kt:360:62 Unresolved reference 'radio'.
e: file:///D:/code/omnitune/app/src/main/kotlin/com/omnitune/app/ui/menu/YouTubeSongMenu.kt:372:73 Unresolved reference 'add_to_queue'.
e: file:///D:/code/omnitune/app/src/main/kotlin/com/omnitune/app/ui/menu/YouTubeSongMenu.kt:375:62 Unresolved reference 'queue_music'.
e: file:///D:/code/omnitune/app/src/main/kotlin/com/omnitune/app/ui/menu/YouTubeSongMenu.kt:388:99 Unresolved reference 'remove_from_library'.
e: file:///D:/code/omnitune/app/src/main/kotlin/com/omnitune/app/ui/menu/YouTubeSongMenu.kt:388:149 Unresolved reference 'add_to_library'.
e: file:///D:/code/omnitune/app/src/main/kotlin/com/omnitune/app/ui/menu/YouTubeSongMenu.kt:392:104 Unresolved reference 'library_add_check'.
e: file:///D:/code/omnitune/app/src/main/kotlin/com/omnitune/app/ui/menu/YouTubeSongMenu.kt:392:138 Unresolved reference 'library_add'.
e: file:///D:/code/omnitune/app/src/main/kotlin/com/omnitune/app/ui/menu/YouTubeSongMenu.kt:411:29 Unresolved reference 'state'.
e: file:///D:/code/omnitune/app/src/main/kotlin/com/omnitune/app/ui/menu/YouTubeSongMenu.kt:416:64 Unresolved reference 'remove_download'.
e: file:///D:/code/omnitune/app/src/main/kotlin/com/omnitune/app/ui/menu/YouTubeSongMenu.kt:422:70 Unresolved reference 'offline'.
e: file:///D:/code/omnitune/app/src/main/kotlin/com/omnitune/app/ui/menu/YouTubeSongMenu.kt:438:81 Unresolved reference 'downloading'.
e: file:///D:/code/omnitune/app/src/main/kotlin/com/omnitune/app/ui/menu/YouTubeSongMenu.kt:454:81 Unresolved reference 'action_download'.
e: file:///D:/code/omnitune/app/src/main/kotlin/com/omnitune/app/ui/menu/YouTubeSongMenu.kt:457:70 Unresolved reference 'download'.
e: file:///D:/code/omnitune/app/src/main/kotlin/com/omnitune/app/ui/menu/YouTubeSongMenu.kt:484:77 Unresolved reference 'view_artist'.
e: file:///D:/code/omnitune/app/src/main/kotlin/com/omnitune/app/ui/menu/YouTubeSongMenu.kt:487:66 Unresolved reference 'artist'.
e: file:///D:/code/omnitune/app/src/main/kotlin/com/omnitune/app/ui/menu/YouTubeSongMenu.kt:505:77 Unresolved reference 'view_album'.
e: file:///D:/code/omnitune/app/src/main/kotlin/com/omnitune/app/ui/menu/YouTubeSongMenu.kt:508:66 Unresolved reference 'album'.
e: file:///D:/code/omnitune/app/src/main/kotlin/com/omnitune/app/ui/menu/YouTubeSongMenu.kt:521:74 Unresolved reference 'details'.
e: file:///D:/code/omnitune/app/src/main/kotlin/com/omnitune/app/ui/menu/YouTubeSongMenu.kt:524:63 Unresolved reference 'info'.
e: file:///D:/code/omnitune/app/src/main/kotlin/com/omnitune/app/ui/menu/YouTubeSongMenu.kt:531:27 @Composable invocations can only happen from the context of a @Composable function
e: file:///D:/code/omnitune/app/src/main/kotlin/com/omnitune/app/ui/screens/PlaylistDetailViewModel.kt:66:40 Argument type mismatch: actual type is 'PlaylistEntity', but 'Playlist' was expected.
e: file:///D:/code/omnitune/app/src/main/kotlin/com/omnitune/app/ui/screens/library/LibraryMixScreen.kt:61:35 Unresolved reference 'GridItemsSizeKey'.
e: file:///D:/code/omnitune/app/src/main/kotlin/com/omnitune/app/ui/screens/library/LibraryMixScreen.kt:82:38 Unresolved reference 'AlbumGridItem'.
e: file:///D:/code/omnitune/app/src/main/kotlin/com/omnitune/app/ui/screens/library/LibraryMixScreen.kt:84:38 Unresolved reference 'ArtistGridItem'.
e: file:///D:/code/omnitune/app/src/main/kotlin/com/omnitune/app/ui/screens/library/LibraryMixScreen.kt:86:38 Unresolved reference 'LibraryPlaylistGridItem'.
e: file:///D:/code/omnitune/app/src/main/kotlin/com/omnitune/app/ui/screens/library/LibraryMixScreen.kt:89:38 Unresolved reference 'PlaylistGridItem'.
e: file:///D:/code/omnitune/app/src/main/kotlin/com/omnitune/app/ui/screens/library/LibraryMixScreen.kt:91:38 Unresolved reference 'SortHeader'.
e: file:///D:/code/omnitune/app/src/main/kotlin/com/omnitune/app/ui/screens/library/LibraryMixScreen.kt:97:36 Unresolved reference 'LibraryMixViewModel'.
e: file:///D:/code/omnitune/app/src/main/kotlin/com/omnitune/app/ui/screens/library/LibraryMixScreen.kt:100:8 Unresolved reference 'sh'.
e: file:///D:/code/omnitune/app/src/main/kotlin/com/omnitune/app/ui/screens/library/LibraryMixScreen.kt:101:8 Unresolved reference 'sh'.
e: file:///D:/code/omnitune/app/src/main/kotlin/com/omnitune/app/ui/screens/library/LibraryMixScreen.kt:112:16 Unresolved reference 'LibraryMixViewModel'.
e: file:///D:/code/omnitune/app/src/main/kotlin/com/omnitune/app/ui/screens/library/LibraryMixScreen.kt:112:38 Cannot infer type for type parameter 'VM'. Specify it explicitly.
e: file:///D:/code/omnitune/app/src/main/kotlin/com/omnitune/app/ui/screens/library/LibraryMixScreen.kt:126:48 Unresolved reference 'GridItemsSizeKey'.
e: file:///D:/code/omnitune/app/src/main/kotlin/com/omnitune/app/ui/screens/library/LibraryMixScreen.kt:140:30 Unresolved reference 'topValue'.
e: file:///D:/code/omnitune/app/src/main/kotlin/com/omnitune/app/ui/screens/library/LibraryMixScreen.kt:145:48 Unresolved reference 'liked'.
e: file:///D:/code/omnitune/app/src/main/kotlin/com/omnitune/app/ui/screens/library/LibraryMixScreen.kt:155:48 Unresolved reference 'offline'.
e: file:///D:/code/omnitune/app/src/main/kotlin/com/omnitune/app/ui/screens/library/LibraryMixScreen.kt:165:48 Unresolved reference 'my_top'.
e: file:///D:/code/omnitune/app/src/main/kotlin/com/omnitune/app/ui/screens/library/LibraryMixScreen.kt:175:48 Unresolved reference 'cached_playlist'.
e: file:///D:/code/omnitune/app/src/main/kotlin/com/omnitune/app/ui/screens/library/LibraryMixScreen.kt:187:28 Unresolved reference 'albums'.
e: file:///D:/code/omnitune/app/src/main/kotlin/com/omnitune/app/ui/screens/library/LibraryMixScreen.kt:187:35 Cannot infer type for type parameter 'T'. Specify it explicitly.
e: file:///D:/code/omnitune/app/src/main/kotlin/com/omnitune/app/ui/screens/library/LibraryMixScreen.kt:188:28 Unresolved reference 'artists'.
e: file:///D:/code/omnitune/app/src/main/kotlin/com/omnitune/app/ui/screens/library/LibraryMixScreen.kt:188:36 Cannot infer type for type parameter 'T'. Specify it explicitly.
e: file:///D:/code/omnitune/app/src/main/kotlin/com/omnitune/app/ui/screens/library/LibraryMixScreen.kt:189:30 Unresolved reference 'playlists'.
e: file:///D:/code/omnitune/app/src/main/kotlin/com/omnitune/app/ui/screens/library/LibraryMixScreen.kt:189:40 Cannot infer type for type parameter 'T'. Specify it explicitly.
e: file:///D:/code/omnitune/app/src/main/kotlin/com/omnitune/app/ui/screens/library/LibraryMixScreen.kt:198:24 Cannot infer type for type parameter 'T'. Specify it explicitly.
e: file:///D:/code/omnitune/app/src/main/kotlin/com/omnitune/app/ui/screens/library/LibraryMixScreen.kt:198:24 Cannot infer type for type parameter 'R'. Specify it explicitly.
e: file:///D:/code/omnitune/app/src/main/kotlin/com/omnitune/app/ui/screens/library/LibraryMixScreen.kt:198:30 Cannot infer type for type parameter 'T'. Specify it explicitly.
e: file:///D:/code/omnitune/app/src/main/kotlin/com/omnitune/app/ui/screens/library/LibraryMixScreen.kt:199:77 Unresolved reference 'it'.
e: file:///D:/code/omnitune/app/src/main/kotlin/com/omnitune/app/ui/screens/library/LibraryMixScreen.kt:206:39 Cannot infer type for value parameter 'item'. Specify it explicitly.
e: file:///D:/code/omnitune/app/src/main/kotlin/com/omnitune/app/ui/screens/library/LibraryMixScreen.kt:216:21 Cannot infer type for type parameter 'T'. Specify it explicitly.
e: file:///D:/code/omnitune/app/src/main/kotlin/com/omnitune/app/ui/screens/library/LibraryMixScreen.kt:216:43 Cannot infer type for type parameter 'T'. Specify it explicitly.
e: file:///D:/code/omnitune/app/src/main/kotlin/com/omnitune/app/ui/screens/library/LibraryMixScreen.kt:226:39 Cannot infer type for value parameter 'item'. Specify it explicitly.
e: file:///D:/code/omnitune/app/src/main/kotlin/com/omnitune/app/ui/screens/library/LibraryMixScreen.kt:233:11 Cannot infer type for type parameter 'T'. Specify it explicitly.
e: file:///D:/code/omnitune/app/src/main/kotlin/com/omnitune/app/ui/screens/library/LibraryMixScreen.kt:233:11 Cannot infer type for type parameter 'R'. Specify it explicitly.
e: file:///D:/code/omnitune/app/src/main/kotlin/com/omnitune/app/ui/screens/library/LibraryMixScreen.kt:233:17 Cannot infer type for type parameter 'T'. Specify it explicitly.
e: file:///D:/code/omnitune/app/src/main/kotlin/com/omnitune/app/ui/screens/library/LibraryMixScreen.kt:234:38 Cannot infer type for type parameter 'T'. Specify it explicitly.
e: file:///D:/code/omnitune/app/src/main/kotlin/com/omnitune/app/ui/screens/library/LibraryMixScreen.kt:249:28 Unresolved reference 'rememberReorderableLazyListState'.
e: file:///D:/code/omnitune/app/src/main/kotlin/com/omnitune/app/ui/screens/library/LibraryMixScreen.kt:252:9 Cannot infer type for value parameter 'from'. Specify it explicitly.
e: file:///D:/code/omnitune/app/src/main/kotlin/com/omnitune/app/ui/screens/library/LibraryMixScreen.kt:252:15 Cannot infer type for value parameter 'to'. Specify it explicitly.
e: file:///D:/code/omnitune/app/src/main/kotlin/com/omnitune/app/ui/screens/library/LibraryMixScreen.kt:253:35 Return type mismatch: expected 'ERROR CLASS: Cannot infer type variable TypeVariable(_L)', actual 'Unit'.
e: file:///D:/code/omnitune/app/src/main/kotlin/com/omnitune/app/ui/screens/library/LibraryMixScreen.kt:254:18 Unresolved reference 'index'.
e: file:///D:/code/omnitune/app/src/main/kotlin/com/omnitune/app/ui/screens/library/LibraryMixScreen.kt:254:48 Unresolved reference 'index'.
e: file:///D:/code/omnitune/app/src/main/kotlin/com/omnitune/app/ui/screens/library/LibraryMixScreen.kt:254:73 Return type mismatch: expected 'ERROR CLASS: Cannot infer type variable TypeVariable(_L)', actual 'Unit'.
e: file:///D:/code/omnitune/app/src/main/kotlin/com/omnitune/app/ui/screens/library/LibraryMixScreen.kt:256:30 Unresolved reference 'index'.
e: file:///D:/code/omnitune/app/src/main/kotlin/com/omnitune/app/ui/screens/library/LibraryMixScreen.kt:257:26 Unresolved reference 'index'.
e: file:///D:/code/omnitune/app/src/main/kotlin/com/omnitune/app/ui/screens/library/LibraryMixScreen.kt:258:107 Return type mismatch: expected 'ERROR CLASS: Cannot infer type variable TypeVariable(_L)', actual 'Unit'.
e: file:///D:/code/omnitune/app/src/main/kotlin/com/omnitune/app/ui/screens/library/LibraryMixScreen.kt:262:13 Inapplicable candidate(s): fun <K> WHEN_CALL(vararg branches: K): K
e: file:///D:/code/omnitune/app/src/main/kotlin/com/omnitune/app/ui/screens/library/LibraryMixScreen.kt:263:27 Cannot infer type for type parameter 'A'. Specify it explicitly.
e: file:///D:/code/omnitune/app/src/main/kotlin/com/omnitune/app/ui/screens/library/LibraryMixScreen.kt:263:27 Cannot infer type for type parameter 'B'. Specify it explicitly.
e: file:///D:/code/omnitune/app/src/main/kotlin/com/omnitune/app/ui/screens/library/LibraryMixScreen.kt:263:27 Unresolved reference. None of the following candidates is applicable because of a receiver type mismatch:
fun <A, B> A.to(that: B): Pair<A, B>
e: file:///D:/code/omnitune/app/src/main/kotlin/com/omnitune/app/ui/screens/library/LibraryMixScreen.kt:302:64 Unresolved reference 'it'.
e: file:///D:/code/omnitune/app/src/main/kotlin/com/omnitune/app/ui/screens/library/LibraryMixScreen.kt:304:95 Unresolved reference 'it'.
e: file:///D:/code/omnitune/app/src/main/kotlin/com/omnitune/app/ui/screens/library/LibraryMixScreen.kt:307:46 Cannot infer type for value parameter 'item'. Specify it explicitly.
e: file:///D:/code/omnitune/app/src/main/kotlin/com/omnitune/app/ui/screens/library/LibraryMixScreen.kt:318:25 Cannot infer type for type parameter 'T'. Specify it explicitly.
e: file:///D:/code/omnitune/app/src/main/kotlin/com/omnitune/app/ui/screens/library/LibraryMixScreen.kt:318:47 Cannot infer type for type parameter 'T'. Specify it explicitly.
e: file:///D:/code/omnitune/app/src/main/kotlin/com/omnitune/app/ui/screens/library/LibraryMixScreen.kt:329:46 Cannot infer type for value parameter 'item'. Specify it explicitly.
e: file:///D:/code/omnitune/app/src/main/kotlin/com/omnitune/app/ui/screens/library/LibraryMixScreen.kt:337:15 Cannot infer type for type parameter 'T'. Specify it explicitly.
e: file:///D:/code/omnitune/app/src/main/kotlin/com/omnitune/app/ui/screens/library/LibraryMixScreen.kt:337:15 Cannot infer type for type parameter 'R'. Specify it explicitly.
e: file:///D:/code/omnitune/app/src/main/kotlin/com/omnitune/app/ui/screens/library/LibraryMixScreen.kt:337:21 Cannot infer type for type parameter 'T'. Specify it explicitly.
e: file:///D:/code/omnitune/app/src/main/kotlin/com/omnitune/app/ui/screens/library/LibraryMixScreen.kt:338:42 Cannot infer type for type parameter 'T'. Specify it explicitly.
e: file:///D:/code/omnitune/app/src/main/kotlin/com/omnitune/app/ui/screens/library/LibraryMixScreen.kt:359:28 Unresolved reference 'syncAllLibrary'.
e: file:///D:/code/omnitune/app/src/main/kotlin/com/omnitune/app/ui/screens/library/LibraryMixScreen.kt:369:13 Unresolved reference 'SortHeader'.
e: file:///D:/code/omnitune/app/src/main/kotlin/com/omnitune/app/ui/screens/library/LibraryMixScreen.kt:374:34 Cannot infer type for value parameter 'sortType'. Specify it explicitly.
e: file:///D:/code/omnitune/app/src/main/kotlin/com/omnitune/app/ui/screens/library/LibraryMixScreen.kt:376:61 Unresolved reference 'sort_by_create_date'.
e: file:///D:/code/omnitune/app/src/main/kotlin/com/omnitune/app/ui/screens/library/LibraryMixScreen.kt:377:62 Unresolved reference 'sort_by_last_updated'.
e: file:///D:/code/omnitune/app/src/main/kotlin/com/omnitune/app/ui/screens/library/LibraryMixScreen.kt:378:54 Unresolved reference 'sort_by_name'.
e: file:///D:/code/omnitune/app/src/main/kotlin/com/omnitune/app/ui/screens/library/LibraryMixScreen.kt:391:82 Unresolved reference 'lock_open'.
e: file:///D:/code/omnitune/app/src/main/kotlin/com/omnitune/app/ui/screens/library/LibraryMixScreen.kt:391:108 Unresolved reference 'lock'.
e: file:///D:/code/omnitune/app/src/main/kotlin/com/omnitune/app/ui/screens/library/LibraryMixScreen.kt:407:64 Unresolved reference 'list'.
e: file:///D:/code/omnitune/app/src/main/kotlin/com/omnitune/app/ui/screens/library/LibraryMixScreen.kt:408:64 Unresolved reference 'grid_view'.
e: file:///D:/code/omnitune/app/src/main/kotlin/com/omnitune/app/ui/screens/library/LibraryMixScreen.kt:447:33 No parameter with name 'autoPlaylist' found.
e: file:///D:/code/omnitune/app/src/main/kotlin/com/omnitune/app/ui/screens/library/LibraryMixScreen.kt:448:33 No parameter with name 'modifier' found.
e: file:///D:/code/omnitune/app/src/main/kotlin/com/omnitune/app/ui/screens/library/LibraryMixScreen.kt:466:33 No parameter with name 'autoPlaylist' found.
e: file:///D:/code/omnitune/app/src/main/kotlin/com/omnitune/app/ui/screens/library/LibraryMixScreen.kt:467:33 No parameter with name 'modifier' found.
e: file:///D:/code/omnitune/app/src/main/kotlin/com/omnitune/app/ui/screens/library/LibraryMixScreen.kt:485:33 No parameter with name 'autoPlaylist' found.
e: file:///D:/code/omnitune/app/src/main/kotlin/com/omnitune/app/ui/screens/library/LibraryMixScreen.kt:486:33 No parameter with name 'modifier' found.
e: file:///D:/code/omnitune/app/src/main/kotlin/com/omnitune/app/ui/screens/library/LibraryMixScreen.kt:504:33 No parameter with name 'autoPlaylist' found.
e: file:///D:/code/omnitune/app/src/main/kotlin/com/omnitune/app/ui/screens/library/LibraryMixScreen.kt:505:33 No parameter with name 'modifier' found.
e: file:///D:/code/omnitune/app/src/main/kotlin/com/omnitune/app/ui/screens/library/LibraryMixScreen.kt:523:33 Unresolved reference 'ReorderableItem'.
e: file:///D:/code/omnitune/app/src/main/kotlin/com/omnitune/app/ui/screens/library/LibraryMixScreen.kt:527:37 @Composable invocations can only happen from the context of a @Composable function
e: file:///D:/code/omnitune/app/src/main/kotlin/com/omnitune/app/ui/screens/library/LibraryMixScreen.kt:528:41 No parameter with name 'navController' found.
e: file:///D:/code/omnitune/app/src/main/kotlin/com/omnitune/app/ui/screens/library/LibraryMixScreen.kt:529:41 No parameter with name 'menuState' found.
e: file:///D:/code/omnitune/app/src/main/kotlin/com/omnitune/app/ui/screens/library/LibraryMixScreen.kt:530:41 No parameter with name 'coroutineScope' found.
e: file:///D:/code/omnitune/app/src/main/kotlin/com/omnitune/app/ui/screens/library/LibraryMixScreen.kt:532:41 No parameter with name 'useNewDesign' found.
e: file:///D:/code/omnitune/app/src/main/kotlin/com/omnitune/app/ui/screens/library/LibraryMixScreen.kt:533:41 No parameter with name 'showDragHandle' found.
e: file:///D:/code/omnitune/app/src/main/kotlin/com/omnitune/app/ui/screens/library/LibraryMixScreen.kt:534:41 No parameter with name 'dragHandleModifier' found.
e: file:///D:/code/omnitune/app/src/main/kotlin/com/omnitune/app/ui/screens/library/LibraryMixScreen.kt:534:71 Unresolved reference 'draggableHandle'.
e: file:///D:/code/omnitune/app/src/main/kotlin/com/omnitune/app/ui/screens/library/LibraryMixScreen.kt:535:41 No value passed for parameter 'onClick'.
e: file:///D:/code/omnitune/app/src/main/kotlin/com/omnitune/app/ui/screens/library/LibraryMixScreen.kt:542:41 Unresolved reference 'it'.
e: file:///D:/code/omnitune/app/src/main/kotlin/com/omnitune/app/ui/screens/library/LibraryMixScreen.kt:544:33 Cannot infer type for value parameter 'item'. Specify it explicitly.
e: file:///D:/code/omnitune/app/src/main/kotlin/com/omnitune/app/ui/screens/library/LibraryMixScreen.kt:545:33 @Composable invocations can only happen from the context of a @Composable function
e: file:///D:/code/omnitune/app/src/main/kotlin/com/omnitune/app/ui/screens/library/LibraryMixScreen.kt:546:37 No parameter with name 'navController' found.
e: file:///D:/code/omnitune/app/src/main/kotlin/com/omnitune/app/ui/screens/library/LibraryMixScreen.kt:547:37 No parameter with name 'menuState' found.
e: file:///D:/code/omnitune/app/src/main/kotlin/com/omnitune/app/ui/screens/library/LibraryMixScreen.kt:548:37 No parameter with name 'coroutineScope' found.
e: file:///D:/code/omnitune/app/src/main/kotlin/com/omnitune/app/ui/screens/library/LibraryMixScreen.kt:550:37 No parameter with name 'useNewDesign' found.
e: file:///D:/code/omnitune/app/src/main/kotlin/com/omnitune/app/ui/screens/library/LibraryMixScreen.kt:551:37 No value passed for parameter 'onClick'.
e: file:///D:/code/omnitune/app/src/main/kotlin/com/omnitune/app/ui/screens/library/LibraryMixScreen.kt:551:57 Unresolved reference 'animateItem'.
e: file:///D:/code/omnitune/app/src/main/kotlin/com/omnitune/app/ui/screens/library/LibraryMixScreen.kt:557:67 Unresolved reference 'it'.
e: file:///D:/code/omnitune/app/src/main/kotlin/com/omnitune/app/ui/screens/library/LibraryMixScreen.kt:558:37 Unresolved reference 'it'.
e: file:///D:/code/omnitune/app/src/main/kotlin/com/omnitune/app/ui/screens/library/LibraryMixScreen.kt:560:29 Cannot infer type for value parameter 'item'. Specify it explicitly.
e: file:///D:/code/omnitune/app/src/main/kotlin/com/omnitune/app/ui/screens/library/LibraryMixScreen.kt:563:37 @Composable invocations can only happen from the context of a @Composable function
e: file:///D:/code/omnitune/app/src/main/kotlin/com/omnitune/app/ui/screens/library/LibraryMixScreen.kt:578:90 Unresolved reference 'more_vert'.
e: file:///D:/code/omnitune/app/src/main/kotlin/com/omnitune/app/ui/screens/library/LibraryMixScreen.kt:583:41 No parameter with name 'modifier' found.
e: file:///D:/code/omnitune/app/src/main/kotlin/com/omnitune/app/ui/screens/library/LibraryMixScreen.kt:601:46 Unresolved reference 'animateItem'.
e: file:///D:/code/omnitune/app/src/main/kotlin/com/omnitune/app/ui/screens/library/LibraryMixScreen.kt:606:37 @Composable invocations can only happen from the context of a @Composable function
e: file:///D:/code/omnitune/app/src/main/kotlin/com/omnitune/app/ui/screens/library/LibraryMixScreen.kt:608:41 No parameter with name 'isActive' found.
e: file:///D:/code/omnitune/app/src/main/kotlin/com/omnitune/app/ui/screens/library/LibraryMixScreen.kt:609:41 No parameter with name 'isPlaying' found.
e: file:///D:/code/omnitune/app/src/main/kotlin/com/omnitune/app/ui/screens/library/LibraryMixScreen.kt:623:90 Unresolved reference 'more_vert'.
e: file:///D:/code/omnitune/app/src/main/kotlin/com/omnitune/app/ui/screens/library/LibraryMixScreen.kt:628:41 No parameter with name 'modifier' found.
e: file:///D:/code/omnitune/app/src/main/kotlin/com/omnitune/app/ui/screens/library/LibraryMixScreen.kt:646:46 Unresolved reference 'animateItem'.
e: file:///D:/code/omnitune/app/src/main/kotlin/com/omnitune/app/ui/screens/library/LibraryMixScreen.kt:656:37 Unresolved reference 'it'.
e: file:///D:/code/omnitune/app/src/main/kotlin/com/omnitune/app/ui/screens/library/LibraryMixScreen.kt:658:29 Cannot infer type for value parameter 'item'. Specify it explicitly.
e: file:///D:/code/omnitune/app/src/main/kotlin/com/omnitune/app/ui/screens/library/LibraryMixScreen.kt:661:37 @Composable invocations can only happen from the context of a @Composable function
e: file:///D:/code/omnitune/app/src/main/kotlin/com/omnitune/app/ui/screens/library/LibraryMixScreen.kt:662:41 No parameter with name 'navController' found.
e: file:///D:/code/omnitune/app/src/main/kotlin/com/omnitune/app/ui/screens/library/LibraryMixScreen.kt:663:41 No parameter with name 'menuState' found.
e: file:///D:/code/omnitune/app/src/main/kotlin/com/omnitune/app/ui/screens/library/LibraryMixScreen.kt:664:41 No parameter with name 'coroutineScope' found.
e: file:///D:/code/omnitune/app/src/main/kotlin/com/omnitune/app/ui/screens/library/LibraryMixScreen.kt:666:41 No parameter with name 'useNewDesign' found.
e: file:///D:/code/omnitune/app/src/main/kotlin/com/omnitune/app/ui/screens/library/LibraryMixScreen.kt:667:41 No value passed for parameter 'onClick'.
e: file:///D:/code/omnitune/app/src/main/kotlin/com/omnitune/app/ui/screens/library/LibraryMixScreen.kt:667:61 Unresolved reference 'animateItem'.
e: file:///D:/code/omnitune/app/src/main/kotlin/com/omnitune/app/ui/screens/library/LibraryMixScreen.kt:672:37 @Composable invocations can only happen from the context of a @Composable function
e: file:///D:/code/omnitune/app/src/main/kotlin/com/omnitune/app/ui/screens/library/LibraryMixScreen.kt:687:90 Unresolved reference 'more_vert'.
e: file:///D:/code/omnitune/app/src/main/kotlin/com/omnitune/app/ui/screens/library/LibraryMixScreen.kt:692:41 No parameter with name 'modifier' found.
e: file:///D:/code/omnitune/app/src/main/kotlin/com/omnitune/app/ui/screens/library/LibraryMixScreen.kt:710:46 Unresolved reference 'animateItem'.
e: file:///D:/code/omnitune/app/src/main/kotlin/com/omnitune/app/ui/screens/library/LibraryMixScreen.kt:715:37 @Composable invocations can only happen from the context of a @Composable function
e: file:///D:/code/omnitune/app/src/main/kotlin/com/omnitune/app/ui/screens/library/LibraryMixScreen.kt:717:41 No parameter with name 'isActive' found.
e: file:///D:/code/omnitune/app/src/main/kotlin/com/omnitune/app/ui/screens/library/LibraryMixScreen.kt:718:41 No parameter with name 'isPlaying' found.
e: file:///D:/code/omnitune/app/src/main/kotlin/com/omnitune/app/ui/screens/library/LibraryMixScreen.kt:732:90 Unresolved reference 'more_vert'.
e: file:///D:/code/omnitune/app/src/main/kotlin/com/omnitune/app/ui/screens/library/LibraryMixScreen.kt:737:41 No parameter with name 'modifier' found.
e: file:///D:/code/omnitune/app/src/main/kotlin/com/omnitune/app/ui/screens/library/LibraryMixScreen.kt:755:46 Unresolved reference 'animateItem'.
e: file:///D:/code/omnitune/app/src/main/kotlin/com/omnitune/app/ui/screens/library/LibraryMixScreen.kt:795:29 Unresolved reference 'PlaylistGridItem'.
e: file:///D:/code/omnitune/app/src/main/kotlin/com/omnitune/app/ui/screens/library/LibraryMixScreen.kt:817:29 Unresolved reference 'PlaylistGridItem'.
e: file:///D:/code/omnitune/app/src/main/kotlin/com/omnitune/app/ui/screens/library/LibraryMixScreen.kt:839:29 Unresolved reference 'PlaylistGridItem'.
e: file:///D:/code/omnitune/app/src/main/kotlin/com/omnitune/app/ui/screens/library/LibraryMixScreen.kt:861:29 Unresolved reference 'PlaylistGridItem'.
e: file:///D:/code/omnitune/app/src/main/kotlin/com/omnitune/app/ui/screens/library/LibraryMixScreen.kt:880:33 Unresolved reference 'it'.
e: file:///D:/code/omnitune/app/src/main/kotlin/com/omnitune/app/ui/screens/library/LibraryMixScreen.kt:882:25 Cannot infer type for value parameter 'item'. Specify it explicitly.
e: file:///D:/code/omnitune/app/src/main/kotlin/com/omnitune/app/ui/screens/library/LibraryMixScreen.kt:885:33 Unresolved reference 'LibraryPlaylistGridItem'.
e: file:///D:/code/omnitune/app/src/main/kotlin/com/omnitune/app/ui/screens/library/LibraryMixScreen.kt:890:57 Unresolved reference 'animateItem'.
e: file:///D:/code/omnitune/app/src/main/kotlin/com/omnitune/app/ui/screens/library/LibraryMixScreen.kt:895:33 Unresolved reference 'ArtistGridItem'.
e: file:///D:/code/omnitune/app/src/main/kotlin/com/omnitune/app/ui/screens/library/LibraryMixScreen.kt:916:42 Unresolved reference 'animateItem'.
e: file:///D:/code/omnitune/app/src/main/kotlin/com/omnitune/app/ui/screens/library/LibraryMixScreen.kt:921:33 Unresolved reference 'AlbumGridItem'.
e: file:///D:/code/omnitune/app/src/main/kotlin/com/omnitune/app/ui/screens/library/LibraryMixScreen.kt:945:42 Unresolved reference 'animateItem'.
e: file:///D:/code/omnitune/app/src/main/kotlin/com/omnitune/app/ui/screens/playlist/CachePlaylistScreen.kt:93:25 Unresolved reference 'LocalPlayerAwareWindowInsets'.
e: file:///D:/code/omnitune/app/src/main/kotlin/com/omnitune/app/ui/screens/playlist/CachePlaylistScreen.kt:96:35 Unresolved reference 'DisableBlurKey'.
e: file:///D:/code/omnitune/app/src/main/kotlin/com/omnitune/app/ui/screens/playlist/CachePlaylistScreen.kt:97:35 Unresolved reference 'HideExplicitKey'.
e: file:///D:/code/omnitune/app/src/main/kotlin/com/omnitune/app/ui/screens/playlist/CachePlaylistScreen.kt:107:38 Unresolved reference 'IconButton'.
e: file:///D:/code/omnitune/app/src/main/kotlin/com/omnitune/app/ui/screens/playlist/CachePlaylistScreen.kt:110:38 Unresolved reference 'SortHeader'.
e: file:///D:/code/omnitune/app/src/main/kotlin/com/omnitune/app/ui/screens/playlist/CachePlaylistScreen.kt:143:50 Unresolved reference 'HideExplicitKey'.
e: file:///D:/code/omnitune/app/src/main/kotlin/com/omnitune/app/ui/screens/playlist/CachePlaylistScreen.kt:144:44 Unresolved reference 'DisableBlurKey'.
e: file:///D:/code/omnitune/app/src/main/kotlin/com/omnitune/app/ui/screens/playlist/CachePlaylistScreen.kt:204:51 Unresolved reference 'IMAGE_SIZE'.
e: file:///D:/code/omnitune/app/src/main/kotlin/com/omnitune/app/ui/screens/playlist/CachePlaylistScreen.kt:204:91 Unresolved reference 'IMAGE_SIZE'.
e: file:///D:/code/omnitune/app/src/main/kotlin/com/omnitune/app/ui/screens/playlist/CachePlaylistScreen.kt:206:18 Unresolved reference 'build'.
e: file:///D:/code/omnitune/app/src/main/kotlin/com/omnitune/app/ui/screens/playlist/CachePlaylistScreen.kt:224:25 No parameter with name 'fallbackColor' found.
e: file:///D:/code/omnitune/app/src/main/kotlin/com/omnitune/app/ui/screens/playlist/CachePlaylistScreen.kt:224:25 No value passed for parameter 'fallbackArgb'.
e: file:///D:/code/omnitune/app/src/main/kotlin/com/omnitune/app/ui/screens/playlist/CachePlaylistScreen.kt:382:30 Unresolved reference 'LocalPlayerAwareWindowInsets'.
e: file:///D:/code/omnitune/app/src/main/kotlin/com/omnitune/app/ui/screens/playlist/CachePlaylistScreen.kt:387:43 Unresolved reference 'music_note'.
e: file:///D:/code/omnitune/app/src/main/kotlin/com/omnitune/app/ui/screens/playlist/CachePlaylistScreen.kt:388:56 Unresolved reference 'playlist_is_empty'.
e: file:///D:/code/omnitune/app/src/main/kotlin/com/omnitune/app/ui/screens/playlist/CachePlaylistScreen.kt:396:43 Unresolved reference 'search'.
e: file:///D:/code/omnitune/app/src/main/kotlin/com/omnitune/app/ui/screens/playlist/CachePlaylistScreen.kt:397:56 Unresolved reference 'no_results_found'.
e: file:///D:/code/omnitune/app/src/main/kotlin/com/omnitune/app/ui/screens/playlist/CachePlaylistScreen.kt:437:64 Unresolved reference 'cached_playlist'.
e: file:///D:/code/omnitune/app/src/main/kotlin/com/omnitune/app/ui/screens/playlist/CachePlaylistScreen.kt:459:55 Unresolved reference 'n_song'.
e: file:///D:/code/omnitune/app/src/main/kotlin/com/omnitune/app/ui/screens/playlist/CachePlaylistScreen.kt:493:78 Unresolved reference 'play'.
e: file:///D:/code/omnitune/app/src/main/kotlin/com/omnitune/app/ui/screens/playlist/CachePlaylistScreen.kt:494:86 Unresolved reference 'play'.
e: file:///D:/code/omnitune/app/src/main/kotlin/com/omnitune/app/ui/screens/playlist/CachePlaylistScreen.kt:515:78 Unresolved reference 'shuffle'.
e: file:///D:/code/omnitune/app/src/main/kotlin/com/omnitune/app/ui/screens/playlist/CachePlaylistScreen.kt:516:86 Unresolved reference 'shuffle'.
e: file:///D:/code/omnitune/app/src/main/kotlin/com/omnitune/app/ui/screens/playlist/CachePlaylistScreen.kt:537:82 Unresolved reference 'queue_music'.
e: file:///D:/code/omnitune/app/src/main/kotlin/com/omnitune/app/ui/screens/playlist/CachePlaylistScreen.kt:558:29 Unresolved reference 'SortHeader'.
e: file:///D:/code/omnitune/app/src/main/kotlin/com/omnitune/app/ui/screens/playlist/CachePlaylistScreen.kt:563:50 Cannot infer type for value parameter 'sortType'. Specify it explicitly.
e: file:///D:/code/omnitune/app/src/main/kotlin/com/omnitune/app/ui/screens/playlist/CachePlaylistScreen.kt:565:78 Unresolved reference 'sort_by_create_date'.
e: file:///D:/code/omnitune/app/src/main/kotlin/com/omnitune/app/ui/screens/playlist/CachePlaylistScreen.kt:566:71 Unresolved reference 'sort_by_name'.
e: file:///D:/code/omnitune/app/src/main/kotlin/com/omnitune/app/ui/screens/playlist/CachePlaylistScreen.kt:567:73 Unresolved reference 'sort_by_artist'.
e: file:///D:/code/omnitune/app/src/main/kotlin/com/omnitune/app/ui/screens/playlist/CachePlaylistScreen.kt:568:76 Unresolved reference 'sort_by_play_time'.
e: file:///D:/code/omnitune/app/src/main/kotlin/com/omnitune/app/ui/screens/playlist/CachePlaylistScreen.kt:584:25 No parameter with name 'showInLibraryIcon' found.
e: file:///D:/code/omnitune/app/src/main/kotlin/com/omnitune/app/ui/screens/playlist/CachePlaylistScreen.kt:597:74 Unresolved reference 'more_vert'.
e: file:///D:/code/omnitune/app/src/main/kotlin/com/omnitune/app/ui/screens/playlist/CachePlaylistScreen.kt:640:21 Unresolved reference 'LocalPlayerAwareWindowInsets'.
e: file:///D:/code/omnitune/app/src/main/kotlin/com/omnitune/app/ui/screens/playlist/CachePlaylistScreen.kt:658:67 Unresolved reference 'n_song'.
e: file:///D:/code/omnitune/app/src/main/kotlin/com/omnitune/app/ui/screens/playlist/CachePlaylistScreen.kt:668:68 Unresolved reference 'search'.
e: file:///D:/code/omnitune/app/src/main/kotlin/com/omnitune/app/ui/screens/playlist/CachePlaylistScreen.kt:689:60 Unresolved reference 'cached_playlist'.
e: file:///D:/code/omnitune/app/src/main/kotlin/com/omnitune/app/ui/screens/playlist/CachePlaylistScreen.kt:696:17 Unresolved reference 'IconButton'.
e: file:///D:/code/omnitune/app/src/main/kotlin/com/omnitune/app/ui/screens/playlist/CachePlaylistScreen.kt:715:21 @Composable invocations can only happen from the context of a @Composable function
e: file:///D:/code/omnitune/app/src/main/kotlin/com/omnitune/app/ui/screens/playlist/CachePlaylistScreen.kt:716:35 @Composable invocations can only happen from the context of a @Composable function
e: file:///D:/code/omnitune/app/src/main/kotlin/com/omnitune/app/ui/screens/playlist/CachePlaylistScreen.kt:717:55 Unresolved reference 'close'.
e: file:///D:/code/omnitune/app/src/main/kotlin/com/omnitune/app/ui/screens/playlist/CachePlaylistScreen.kt:717:77 Unresolved reference 'arrow_back'.
e: file:///D:/code/omnitune/app/src/main/kotlin/com/omnitune/app/ui/screens/playlist/CachePlaylistScreen.kt:735:76 Unresolved reference 'deselect'.
e: file:///D:/code/omnitune/app/src/main/kotlin/com/omnitune/app/ui/screens/playlist/CachePlaylistScreen.kt:735:101 Unresolved reference 'select_all'.
e: file:///D:/code/omnitune/app/src/main/kotlin/com/omnitune/app/ui/screens/playlist/CachePlaylistScreen.kt:751:66 Unresolved reference 'more_vert'.
e: file:///D:/code/omnitune/app/src/main/kotlin/com/omnitune/app/ui/screens/playlist/CachePlaylistScreen.kt:758:66 Unresolved reference 'search'.
e: file:///D:/code/omnitune/app/src/main/kotlin/com/omnitune/app/ui/screens/playlist/PlaylistSuggestionSection.kt:83:52 Unresolved reference 'duplicates'.
e: file:///D:/code/omnitune/app/src/main/kotlin/com/omnitune/app/ui/screens/playlist/PlaylistSuggestionSection.kt:102:60 Unresolved reference 'added_to_playlist'.
e: file:///D:/code/omnitune/app/src/main/kotlin/com/omnitune/app/ui/screens/playlist/PlaylistSuggestionSection.kt:104:60 Unresolved reference 'add_to_playlist'.
e: file:///D:/code/omnitune/app/src/main/kotlin/com/omnitune/app/ui/screens/playlist/PlaylistSuggestionSection.kt:112:50 Unresolved reference 'add_anyway'.
e: file:///D:/code/omnitune/app/src/main/kotlin/com/omnitune/app/ui/screens/playlist/PlaylistSuggestionSection.kt:120:49 Unresolved reference 'duplicates_description_single'.
e: file:///D:/code/omnitune/app/src/main/kotlin/com/omnitune/app/ui/screens/playlist/PlaylistSuggestionSection.kt:133:49 Unresolved reference 'you_might_like'.
e: file:///D:/code/omnitune/app/src/main/kotlin/com/omnitune/app/ui/screens/playlist/PlaylistSuggestionSection.kt:174:76 Unresolved reference 'added_to_playlist'.
e: file:///D:/code/omnitune/app/src/main/kotlin/com/omnitune/app/ui/screens/playlist/PlaylistSuggestionSection.kt:176:76 Unresolved reference 'add_to_playlist'.
e: file:///D:/code/omnitune/app/src/main/kotlin/com/omnitune/app/ui/screens/playlist/PlaylistSuggestionSection.kt:180:78 Unresolved reference 'error_unknown'.
e: file:///D:/code/omnitune/app/src/main/kotlin/com/omnitune/app/ui/screens/playlist/PlaylistSuggestionSection.kt:180:113 Unresolved reference 'show'.
e: file:///D:/code/omnitune/app/src/main/kotlin/com/omnitune/app/ui/screens/playlist/PlaylistSuggestionSection.kt:187:70 Unresolved reference 'playlist_add'.
e: file:///D:/code/omnitune/app/src/main/kotlin/com/omnitune/app/ui/screens/playlist/PlaylistSuggestionSection.kt:188:78 Unresolved reference 'add_to_playlist'.
e: file:///D:/code/omnitune/app/src/main/kotlin/com/omnitune/app/ui/screens/playlist/PlaylistSuggestionSection.kt:196:61 Unresolved label.
e: file:///D:/code/omnitune/app/src/main/kotlin/com/omnitune/app/ui/screens/playlist/PlaylistSuggestionSection.kt:205:76 Unresolved reference 'you_might_like'.
e: file:///D:/code/omnitune/app/src/main/kotlin/com/omnitune/app/ui/screens/playlist/PlaylistSuggestionSection.kt:230:70 Unresolved reference 'sync'.
e: file:///D:/code/omnitune/app/src/main/kotlin/com/omnitune/app/ui/screens/playlist/PlaylistSuggestionSection.kt:235:65 Unresolved reference 'refresh_suggestions'.
e: file:///D:/code/omnitune/app/src/main/kotlin/com/omnitune/app/ui/screens/playlist/TopPlaylistScreen.kt:118:38 Unresolved reference 'SortHeader'.
e: file:///D:/code/omnitune/app/src/main/kotlin/com/omnitune/app/ui/screens/playlist/TopPlaylistScreen.kt:126:36 Unresolved reference 'TopPlaylistViewModel'.
e: file:///D:/code/omnitune/app/src/main/kotlin/com/omnitune/app/ui/screens/playlist/TopPlaylistScreen.kt:133:16 Unresolved reference 'TopPlaylistViewModel'.
e: file:///D:/code/omnitune/app/src/main/kotlin/com/omnitune/app/ui/screens/playlist/TopPlaylistScreen.kt:133:39 Cannot infer type for type parameter 'VM'. Specify it explicitly.
e: file:///D:/code/omnitune/app/src/main/kotlin/com/omnitune/app/ui/screens/playlist/TopPlaylistScreen.kt:142:29 Unresolved reference 'top'.
e: file:///D:/code/omnitune/app/src/main/kotlin/com/omnitune/app/ui/screens/playlist/TopPlaylistScreen.kt:144:28 Unresolved reference 'topSongs'.
e: file:///D:/code/omnitune/app/src/main/kotlin/com/omnitune/app/ui/screens/playlist/TopPlaylistScreen.kt:148:16 Cannot infer type for type parameter 'T'. Specify it explicitly.
e: file:///D:/code/omnitune/app/src/main/kotlin/com/omnitune/app/ui/screens/playlist/TopPlaylistScreen.kt:148:26 Cannot infer type for type parameter 'T'. Specify it explicitly.
e: file:///D:/code/omnitune/app/src/main/kotlin/com/omnitune/app/ui/screens/playlist/TopPlaylistScreen.kt:148:31 Unresolved reference 'song'.
e: file:///D:/code/omnitune/app/src/main/kotlin/com/omnitune/app/ui/screens/playlist/TopPlaylistScreen.kt:151:24 Cannot infer type for type parameter 'T'. Specify it explicitly.
e: file:///D:/code/omnitune/app/src/main/kotlin/com/omnitune/app/ui/screens/playlist/TopPlaylistScreen.kt:152:16 Overload resolution ambiguity between candidates:
fun <R, T> Result<T>.map(transform: (T) -> R): Result<R>
fun <T, R> Array<out T>.map(transform: (T) -> R): List<R>
fun <R> ByteArray.map(transform: (Byte) -> R): List<R>
fun <R> ShortArray.map(transform: (Short) -> R): List<R>
fun <R> IntArray.map(transform: (Int) -> R): List<R>
fun <R> LongArray.map(transform: (Long) -> R): List<R>
fun <R> FloatArray.map(transform: (Float) -> R): List<R>
fun <R> DoubleArray.map(transform: (Double) -> R): List<R>
fun <R> BooleanArray.map(transform: (Boolean) -> R): List<R>
fun <R> CharArray.map(transform: (Char) -> R): List<R>
fun <T, R> Iterable<T>.map(transform: (T) -> R): List<R>
fun <K, V, R> Map<out K, V>.map(transform: (Map.Entry<K, V>) -> R): List<R>
fun <R> UIntArray.map(transform: (UInt) -> R): List<R>
fun <R> ULongArray.map(transform: (ULong) -> R): List<R>
fun <R> UByteArray.map(transform: (UByte) -> R): List<R>
fun <R> UShortArray.map(transform: (UShort) -> R): List<R>
fun <T, R> Sequence<T>.map(transform: (T) -> R): Sequence<R>
fun <R> CharSequence.map(transform: (Char) -> R): List<R>
e: file:///D:/code/omnitune/app/src/main/kotlin/com/omnitune/app/ui/screens/playlist/TopPlaylistScreen.kt:152:22 Cannot infer type for value parameter 'item'. Specify it explicitly.
e: file:///D:/code/omnitune/app/src/main/kotlin/com/omnitune/app/ui/screens/playlist/TopPlaylistScreen.kt:152:30 Cannot infer type for type parameter 'T'. Specify it explicitly.
e: file:///D:/code/omnitune/app/src/main/kotlin/com/omnitune/app/ui/screens/playlist/TopPlaylistScreen.kt:152:51 Cannot infer type for type parameter 'T'. Specify it explicitly.
e: file:///D:/code/omnitune/app/src/main/kotlin/com/omnitune/app/ui/screens/playlist/TopPlaylistScreen.kt:152:75 Cannot infer type for type parameter 'T'. Specify it explicitly.
e: file:///D:/code/omnitune/app/src/main/kotlin/com/omnitune/app/ui/screens/playlist/TopPlaylistScreen.kt:179:18 Property delegate must have a 'getValue(Nothing?, KProperty0<ERROR CLASS: Cannot infer argument for type parameter T>)' method. None of the following functions is applicable:
fun <T> State<T>.getValue(thisObj: Any?, property: KProperty<*>): T
e: file:///D:/code/omnitune/app/src/main/kotlin/com/omnitune/app/ui/screens/playlist/TopPlaylistScreen.kt:179:21 Cannot infer type for type parameter 'T'. Specify it explicitly.
e: file:///D:/code/omnitune/app/src/main/kotlin/com/omnitune/app/ui/screens/playlist/TopPlaylistScreen.kt:179:31 Unresolved reference 'topPeriod'.
e: file:///D:/code/omnitune/app/src/main/kotlin/com/omnitune/app/ui/screens/playlist/TopPlaylistScreen.kt:179:41 Cannot infer type for type parameter 'T'. Specify it explicitly.
e: file:///D:/code/omnitune/app/src/main/kotlin/com/omnitune/app/ui/screens/playlist/TopPlaylistScreen.kt:180:40 Unresolved reference 'my_top'.
e: file:///D:/code/omnitune/app/src/main/kotlin/com/omnitune/app/ui/screens/playlist/TopPlaylistScreen.kt:190:20 Overload resolution ambiguity between candidates:
fun <T> Array<out T>.isEmpty(): Boolean
fun ByteArray.isEmpty(): Boolean
fun ShortArray.isEmpty(): Boolean
fun IntArray.isEmpty(): Boolean
fun LongArray.isEmpty(): Boolean
fun FloatArray.isEmpty(): Boolean
fun DoubleArray.isEmpty(): Boolean
fun BooleanArray.isEmpty(): Boolean
fun CharArray.isEmpty(): Boolean
fun CharSequence.isEmpty(): Boolean
e: file:///D:/code/omnitune/app/src/main/kotlin/com/omnitune/app/ui/screens/playlist/TopPlaylistScreen.kt:191:22 Unresolved reference 'downloads'.
e: file:///D:/code/omnitune/app/src/main/kotlin/com/omnitune/app/ui/screens/playlist/TopPlaylistScreen.kt:191:42 Cannot infer type for value parameter 'downloads'. Specify it explicitly.
e: file:///D:/code/omnitune/app/src/main/kotlin/com/omnitune/app/ui/screens/playlist/TopPlaylistScreen.kt:193:28 Overload resolution ambiguity between candidates:
fun <T> Array<out T>.all(predicate: (T) -> Boolean): Boolean
fun ByteArray.all(predicate: (Byte) -> Boolean): Boolean
fun ShortArray.all(predicate: (Short) -> Boolean): Boolean
fun IntArray.all(predicate: (Int) -> Boolean): Boolean
fun LongArray.all(predicate: (Long) -> Boolean): Boolean
fun FloatArray.all(predicate: (Float) -> Boolean): Boolean
fun DoubleArray.all(predicate: (Double) -> Boolean): Boolean
fun BooleanArray.all(predicate: (Boolean) -> Boolean): Boolean
fun CharArray.all(predicate: (Char) -> Boolean): Boolean
fun <T> Iterable<T>.all(predicate: (T) -> Boolean): Boolean
fun <K, V> Map<out K, V>.all(predicate: (Map.Entry<K, V>) -> Boolean): Boolean
fun UIntArray.all(predicate: (UInt) -> Boolean): Boolean
fun ULongArray.all(predicate: (ULong) -> Boolean): Boolean
fun UByteArray.all(predicate: (UByte) -> Boolean): Boolean
fun UShortArray.all(predicate: (UShort) -> Boolean): Boolean
fun <T> Sequence<T>.all(predicate: (T) -> Boolean): Boolean
fun CharSequence.all(predicate: (Char) -> Boolean): Boolean
e: file:///D:/code/omnitune/app/src/main/kotlin/com/omnitune/app/ui/screens/playlist/TopPlaylistScreen.kt:193:44 Unresolved reference 'it'.
e: file:///D:/code/omnitune/app/src/main/kotlin/com/omnitune/app/ui/screens/playlist/TopPlaylistScreen.kt:193:57 Unresolved reference 'state'.
e: file:///D:/code/omnitune/app/src/main/kotlin/com/omnitune/app/ui/screens/playlist/TopPlaylistScreen.kt:195:35 Overload resolution ambiguity between candidates:
fun <T> Array<out T>.all(predicate: (T) -> Boolean): Boolean
fun ByteArray.all(predicate: (Byte) -> Boolean): Boolean
fun ShortArray.all(predicate: (Short) -> Boolean): Boolean
fun IntArray.all(predicate: (Int) -> Boolean): Boolean
fun LongArray.all(predicate: (Long) -> Boolean): Boolean
fun FloatArray.all(predicate: (Float) -> Boolean): Boolean
fun DoubleArray.all(predicate: (Double) -> Boolean): Boolean
fun BooleanArray.all(predicate: (Boolean) -> Boolean): Boolean
fun CharArray.all(predicate: (Char) -> Boolean): Boolean
fun <T> Iterable<T>.all(predicate: (T) -> Boolean): Boolean
fun <K, V> Map<out K, V>.all(predicate: (Map.Entry<K, V>) -> Boolean): Boolean
fun UIntArray.all(predicate: (UInt) -> Boolean): Boolean
fun ULongArray.all(predicate: (ULong) -> Boolean): Boolean
fun UByteArray.all(predicate: (UByte) -> Boolean): Boolean
fun UShortArray.all(predicate: (UShort) -> Boolean): Boolean
fun <T> Sequence<T>.all(predicate: (T) -> Boolean): Boolean
fun CharSequence.all(predicate: (Char) -> Boolean): Boolean
e: file:///D:/code/omnitune/app/src/main/kotlin/com/omnitune/app/ui/screens/playlist/TopPlaylistScreen.kt:196:35 Unresolved reference 'it'.
e: file:///D:/code/omnitune/app/src/main/kotlin/com/omnitune/app/ui/screens/playlist/TopPlaylistScreen.kt:196:48 Unresolved reference 'state'.
e: file:///D:/code/omnitune/app/src/main/kotlin/com/omnitune/app/ui/screens/playlist/TopPlaylistScreen.kt:197:43 Unresolved reference 'it'.
e: file:///D:/code/omnitune/app/src/main/kotlin/com/omnitune/app/ui/screens/playlist/TopPlaylistScreen.kt:197:56 Unresolved reference 'state'.
e: file:///D:/code/omnitune/app/src/main/kotlin/com/omnitune/app/ui/screens/playlist/TopPlaylistScreen.kt:198:43 Unresolved reference 'it'.
e: file:///D:/code/omnitune/app/src/main/kotlin/com/omnitune/app/ui/screens/playlist/TopPlaylistScreen.kt:198:56 Unresolved reference 'state'.
e: file:///D:/code/omnitune/app/src/main/kotlin/com/omnitune/app/ui/screens/playlist/TopPlaylistScreen.kt:215:52 Unresolved reference 'remove_download_playlist_confirm'.
e: file:///D:/code/omnitune/app/src/main/kotlin/com/omnitune/app/ui/screens/playlist/TopPlaylistScreen.kt:230:33 Overload resolution ambiguity between candidates:
fun <T> Iterable<T>.forEach(action: (T) -> Unit): Unit
fun <K, V> Map<out K, V>.forEach(action: (Map.Entry<K, V>) -> Unit): Unit
e: file:///D:/code/omnitune/app/src/main/kotlin/com/omnitune/app/ui/screens/playlist/TopPlaylistScreen.kt:230:43 Cannot infer type for value parameter 'song'. Specify it explicitly.
e: file:///D:/code/omnitune/app/src/main/kotlin/com/omnitune/app/ui/screens/playlist/TopPlaylistScreen.kt:234:38 Unresolved reference 'song'.
e: file:///D:/code/omnitune/app/src/main/kotlin/com/omnitune/app/ui/screens/playlist/TopPlaylistScreen.kt:246:25 Cannot infer type for type parameter 'T'. Specify it explicitly.
e: file:///D:/code/omnitune/app/src/main/kotlin/com/omnitune/app/ui/screens/playlist/TopPlaylistScreen.kt:248:36 Cannot infer type for value parameter 'wrapper'. Specify it explicitly.
e: file:///D:/code/omnitune/app/src/main/kotlin/com/omnitune/app/ui/screens/playlist/TopPlaylistScreen.kt:249:32 Unresolved reference 'item'.
e: file:///D:/code/omnitune/app/src/main/kotlin/com/omnitune/app/ui/screens/playlist/TopPlaylistScreen.kt:251:40 Unresolved reference 'it'.
e: file:///D:/code/omnitune/app/src/main/kotlin/com/omnitune/app/ui/screens/playlist/TopPlaylistScreen.kt:266:35 Overload resolution ambiguity between candidates:
fun <T> Array<out T>.firstOrNull(): T?
fun ByteArray.firstOrNull(): Byte?
fun ShortArray.firstOrNull(): Short?
fun IntArray.firstOrNull(): Int?
fun LongArray.firstOrNull(): Long?
fun FloatArray.firstOrNull(): Float?
fun DoubleArray.firstOrNull(): Double?
fun BooleanArray.firstOrNull(): Boolean?
fun CharArray.firstOrNull(): Char?
fun <T> Iterable<T>.firstOrNull(): T?
fun <T> List<T>.firstOrNull(): T?
fun UIntArray.firstOrNull(): UInt?
fun ULongArray.firstOrNull(): ULong?
fun UByteArray.firstOrNull(): UByte?
fun UShortArray.firstOrNull(): UShort?
fun IntProgression.firstOrNull(): Int?
fun LongProgression.firstOrNull(): Long?
fun CharProgression.firstOrNull(): Char?
fun UIntProgression.firstOrNull(): UInt?
fun ULongProgression.firstOrNull(): ULong?
fun <T> Sequence<T>.firstOrNull(): T?
fun CharSequence.firstOrNull(): Char?
e: file:///D:/code/omnitune/app/src/main/kotlin/com/omnitune/app/ui/screens/playlist/TopPlaylistScreen.kt:266:50 Unresolved reference 'song'.
e: file:///D:/code/omnitune/app/src/main/kotlin/com/omnitune/app/ui/screens/playlist/TopPlaylistScreen.kt:270:51 Unresolved reference 'IMAGE_SIZE'.
e: file:///D:/code/omnitune/app/src/main/kotlin/com/omnitune/app/ui/screens/playlist/TopPlaylistScreen.kt:270:91 Unresolved reference 'IMAGE_SIZE'.
e: file:///D:/code/omnitune/app/src/main/kotlin/com/omnitune/app/ui/screens/playlist/TopPlaylistScreen.kt:272:18 Unresolved reference 'build'.
e: file:///D:/code/omnitune/app/src/main/kotlin/com/omnitune/app/ui/screens/playlist/TopPlaylistScreen.kt:290:25 No parameter with name 'fallbackColor' found.
e: file:///D:/code/omnitune/app/src/main/kotlin/com/omnitune/app/ui/screens/playlist/TopPlaylistScreen.kt:290:25 No value passed for parameter 'fallbackArgb'.
e: file:///D:/code/omnitune/app/src/main/kotlin/com/omnitune/app/ui/screens/playlist/TopPlaylistScreen.kt:327:54 Overload resolution ambiguity between candidates:
fun <T> Array<out T>.isNotEmpty(): Boolean
fun ByteArray.isNotEmpty(): Boolean
fun ShortArray.isNotEmpty(): Boolean
fun IntArray.isNotEmpty(): Boolean
fun LongArray.isNotEmpty(): Boolean
fun FloatArray.isNotEmpty(): Boolean
fun DoubleArray.isNotEmpty(): Boolean
fun BooleanArray.isNotEmpty(): Boolean
fun CharArray.isNotEmpty(): Boolean
fun <T> Collection<T>.isNotEmpty(): Boolean
fun <K, V> Map<out K, V>.isNotEmpty(): Boolean
fun CharSequence.isNotEmpty(): Boolean
e: file:///D:/code/omnitune/app/src/main/kotlin/com/omnitune/app/ui/screens/playlist/TopPlaylistScreen.kt:452:29 Overload resolution ambiguity between candidates:
fun <T> Array<out T>.isEmpty(): Boolean
fun ByteArray.isEmpty(): Boolean
fun ShortArray.isEmpty(): Boolean
fun IntArray.isEmpty(): Boolean
fun LongArray.isEmpty(): Boolean
fun FloatArray.isEmpty(): Boolean
fun DoubleArray.isEmpty(): Boolean
fun BooleanArray.isEmpty(): Boolean
fun CharArray.isEmpty(): Boolean
fun CharSequence.isEmpty(): Boolean
e: file:///D:/code/omnitune/app/src/main/kotlin/com/omnitune/app/ui/screens/playlist/TopPlaylistScreen.kt:455:47 Unresolved reference 'music_note'.
e: file:///D:/code/omnitune/app/src/main/kotlin/com/omnitune/app/ui/screens/playlist/TopPlaylistScreen.kt:456:60 Unresolved reference 'playlist_is_empty'.
e: file:///D:/code/omnitune/app/src/main/kotlin/com/omnitune/app/ui/screens/playlist/TopPlaylistScreen.kt:483:57 Overload resolution ambiguity between candidates:
fun <T> Array<out T>.firstOrNull(): T?
fun ByteArray.firstOrNull(): Byte?
fun ShortArray.firstOrNull(): Short?
fun IntArray.firstOrNull(): Int?
fun LongArray.firstOrNull(): Long?
fun FloatArray.firstOrNull(): Float?
fun DoubleArray.firstOrNull(): Double?
fun BooleanArray.firstOrNull(): Boolean?
fun CharArray.firstOrNull(): Char?
fun <T> Iterable<T>.firstOrNull(): T?
fun <T> List<T>.firstOrNull(): T?
fun UIntArray.firstOrNull(): UInt?
fun ULongArray.firstOrNull(): ULong?
fun UByteArray.firstOrNull(): UByte?
fun UShortArray.firstOrNull(): UShort?
fun IntProgression.firstOrNull(): Int?
fun LongProgression.firstOrNull(): Long?
fun CharProgression.firstOrNull(): Char?
fun UIntProgression.firstOrNull(): UInt?
fun ULongProgression.firstOrNull(): ULong?
fun <T> Sequence<T>.firstOrNull(): T?
fun CharSequence.firstOrNull(): Char?
e: file:///D:/code/omnitune/app/src/main/kotlin/com/omnitune/app/ui/screens/playlist/TopPlaylistScreen.kt:483:72 Unresolved reference 'song'.
e: file:///D:/code/omnitune/app/src/main/kotlin/com/omnitune/app/ui/screens/playlist/TopPlaylistScreen.kt:518:59 Unresolved reference 'n_song'.
e: file:///D:/code/omnitune/app/src/main/kotlin/com/omnitune/app/ui/screens/playlist/TopPlaylistScreen.kt:519:57 Function invocation 'size(...)' expected.
e: file:///D:/code/omnitune/app/src/main/kotlin/com/omnitune/app/ui/screens/playlist/TopPlaylistScreen.kt:520:57 Function invocation 'size(...)' expected.
e: file:///D:/code/omnitune/app/src/main/kotlin/com/omnitune/app/ui/screens/playlist/TopPlaylistScreen.kt:556:61 Overload resolution ambiguity between candidates:
fun <T> Iterable<T>.forEach(action: (T) -> Unit): Unit
fun <K, V> Map<out K, V>.forEach(action: (Map.Entry<K, V>) -> Unit): Unit
e: file:///D:/code/omnitune/app/src/main/kotlin/com/omnitune/app/ui/screens/playlist/TopPlaylistScreen.kt:556:71 Cannot infer type for value parameter 'song'. Specify it explicitly.
e: file:///D:/code/omnitune/app/src/main/kotlin/com/omnitune/app/ui/screens/playlist/TopPlaylistScreen.kt:560:66 Unresolved reference 'song'.
e: file:///D:/code/omnitune/app/src/main/kotlin/com/omnitune/app/ui/screens/playlist/TopPlaylistScreen.kt:566:61 Overload resolution ambiguity between candidates:
fun <T> Iterable<T>.forEach(action: (T) -> Unit): Unit
fun <K, V> Map<out K, V>.forEach(action: (Map.Entry<K, V>) -> Unit): Unit
e: file:///D:/code/omnitune/app/src/main/kotlin/com/omnitune/app/ui/screens/playlist/TopPlaylistScreen.kt:566:71 Cannot infer type for value parameter 'song'. Specify it explicitly.
e: file:///D:/code/omnitune/app/src/main/kotlin/com/omnitune/app/ui/screens/playlist/TopPlaylistScreen.kt:570:74 Unresolved reference 'song'.
e: file:///D:/code/omnitune/app/src/main/kotlin/com/omnitune/app/ui/screens/playlist/TopPlaylistScreen.kt:571:74 Unresolved reference 'song'.
e: file:///D:/code/omnitune/app/src/main/kotlin/com/omnitune/app/ui/screens/playlist/TopPlaylistScreen.kt:573:89 Unresolved reference 'song'.
e: file:///D:/code/omnitune/app/src/main/kotlin/com/omnitune/app/ui/screens/playlist/TopPlaylistScreen.kt:574:79 Unresolved reference 'song'.
e: file:///D:/code/omnitune/app/src/main/kotlin/com/omnitune/app/ui/screens/playlist/TopPlaylistScreen.kt:597:94 Unresolved reference 'offline'.
e: file:///D:/code/omnitune/app/src/main/kotlin/com/omnitune/app/ui/screens/playlist/TopPlaylistScreen.kt:608:94 Unresolved reference 'download'.
e: file:///D:/code/omnitune/app/src/main/kotlin/com/omnitune/app/ui/screens/playlist/TopPlaylistScreen.kt:624:69 Overload resolution ambiguity between candidates:
fun <R, T> Result<T>.map(transform: (T) -> R): Result<R>
fun <T, R> Array<out T>.map(transform: (T) -> R): List<R>
fun <R> ByteArray.map(transform: (Byte) -> R): List<R>
fun <R> ShortArray.map(transform: (Short) -> R): List<R>
fun <R> IntArray.map(transform: (Int) -> R): List<R>
fun <R> LongArray.map(transform: (Long) -> R): List<R>
fun <R> FloatArray.map(transform: (Float) -> R): List<R>
fun <R> DoubleArray.map(transform: (Double) -> R): List<R>
fun <R> BooleanArray.map(transform: (Boolean) -> R): List<R>
fun <R> CharArray.map(transform: (Char) -> R): List<R>
fun <T, R> Iterable<T>.map(transform: (T) -> R): List<R>
fun <K, V, R> Map<out K, V>.map(transform: (Map.Entry<K, V>) -> R): List<R>
fun <R> UIntArray.map(transform: (UInt) -> R): List<R>
fun <R> ULongArray.map(transform: (ULong) -> R): List<R>
fun <R> UByteArray.map(transform: (UByte) -> R): List<R>
fun <R> UShortArray.map(transform: (UShort) -> R): List<R>
fun <T, R> Sequence<T>.map(transform: (T) -> R): Sequence<R>
fun <R> CharSequence.map(transform: (Char) -> R): List<R>
e: file:///D:/code/omnitune/app/src/main/kotlin/com/omnitune/app/ui/screens/playlist/TopPlaylistScreen.kt:624:75 Unresolved reference 'it'.
e: file:///D:/code/omnitune/app/src/main/kotlin/com/omnitune/app/ui/screens/playlist/TopPlaylistScreen.kt:634:82 Unresolved reference 'play'.
e: file:///D:/code/omnitune/app/src/main/kotlin/com/omnitune/app/ui/screens/playlist/TopPlaylistScreen.kt:635:90 Unresolved reference 'play'.
e: file:///D:/code/omnitune/app/src/main/kotlin/com/omnitune/app/ui/screens/playlist/TopPlaylistScreen.kt:646:69 Overload resolution ambiguity between candidates:
fun <T> Iterable<T>.shuffled(): List<T>
fun <T> Sequence<T>.shuffled(): Sequence<T>
e: file:///D:/code/omnitune/app/src/main/kotlin/com/omnitune/app/ui/screens/playlist/TopPlaylistScreen.kt:646:86 Unresolved reference 'it'.
e: file:///D:/code/omnitune/app/src/main/kotlin/com/omnitune/app/ui/screens/playlist/TopPlaylistScreen.kt:656:82 Unresolved reference 'shuffle'.
e: file:///D:/code/omnitune/app/src/main/kotlin/com/omnitune/app/ui/screens/playlist/TopPlaylistScreen.kt:657:90 Unresolved reference 'shuffle'.
e: file:///D:/code/omnitune/app/src/main/kotlin/com/omnitune/app/ui/screens/playlist/TopPlaylistScreen.kt:666:65 Overload resolution ambiguity between candidates:
fun <R, T> Result<T>.map(transform: (T) -> R): Result<R>
fun <T, R> Array<out T>.map(transform: (T) -> R): List<R>
fun <R> ByteArray.map(transform: (Byte) -> R): List<R>
fun <R> ShortArray.map(transform: (Short) -> R): List<R>
fun <R> IntArray.map(transform: (Int) -> R): List<R>
fun <R> LongArray.map(transform: (Long) -> R): List<R>
fun <R> FloatArray.map(transform: (Float) -> R): List<R>
fun <R> DoubleArray.map(transform: (Double) -> R): List<R>
fun <R> BooleanArray.map(transform: (Boolean) -> R): List<R>
fun <R> CharArray.map(transform: (Char) -> R): List<R>
fun <T, R> Iterable<T>.map(transform: (T) -> R): List<R>
fun <K, V, R> Map<out K, V>.map(transform: (Map.Entry<K, V>) -> R): List<R>
fun <R> UIntArray.map(transform: (UInt) -> R): List<R>
fun <R> ULongArray.map(transform: (ULong) -> R): List<R>
fun <R> UByteArray.map(transform: (UByte) -> R): List<R>
fun <R> UShortArray.map(transform: (UShort) -> R): List<R>
fun <T, R> Sequence<T>.map(transform: (T) -> R): Sequence<R>
fun <R> CharSequence.map(transform: (Char) -> R): List<R>
e: file:///D:/code/omnitune/app/src/main/kotlin/com/omnitune/app/ui/screens/playlist/TopPlaylistScreen.kt:666:71 Unresolved reference 'it'.
e: file:///D:/code/omnitune/app/src/main/kotlin/com/omnitune/app/ui/screens/playlist/TopPlaylistScreen.kt:678:86 Unresolved reference 'queue_music'.
e: file:///D:/code/omnitune/app/src/main/kotlin/com/omnitune/app/ui/screens/playlist/TopPlaylistScreen.kt:698:29 Unresolved reference 'SortHeader'.
e: file:///D:/code/omnitune/app/src/main/kotlin/com/omnitune/app/ui/screens/playlist/TopPlaylistScreen.kt:702:47 Unresolved reference 'topPeriod'.
e: file:///D:/code/omnitune/app/src/main/kotlin/com/omnitune/app/ui/screens/playlist/TopPlaylistScreen.kt:702:65 Unresolved reference 'it'.
e: file:///D:/code/omnitune/app/src/main/kotlin/com/omnitune/app/ui/screens/playlist/TopPlaylistScreen.kt:705:50 Cannot infer type for value parameter 'sortType'. Specify it explicitly.
e: file:///D:/code/omnitune/app/src/main/kotlin/com/omnitune/app/ui/screens/playlist/TopPlaylistScreen.kt:707:74 Unresolved reference 'all_time'.
e: file:///D:/code/omnitune/app/src/main/kotlin/com/omnitune/app/ui/screens/playlist/TopPlaylistScreen.kt:708:69 Unresolved reference 'past_24_hours'.
e: file:///D:/code/omnitune/app/src/main/kotlin/com/omnitune/app/ui/screens/playlist/TopPlaylistScreen.kt:709:70 Unresolved reference 'past_week'.
e: file:///D:/code/omnitune/app/src/main/kotlin/com/omnitune/app/ui/screens/playlist/TopPlaylistScreen.kt:710:71 Unresolved reference 'past_month'.
e: file:///D:/code/omnitune/app/src/main/kotlin/com/omnitune/app/ui/screens/playlist/TopPlaylistScreen.kt:711:70 Unresolved reference 'past_year'.
e: file:///D:/code/omnitune/app/src/main/kotlin/com/omnitune/app/ui/screens/playlist/TopPlaylistScreen.kt:723:33 Cannot infer type for implicit value parameter 'it'. Specify it explicitly.
e: file:///D:/code/omnitune/app/src/main/kotlin/com/omnitune/app/ui/screens/playlist/TopPlaylistScreen.kt:723:36 Cannot infer type for value parameter 'song'. Specify it explicitly.
e: file:///D:/code/omnitune/app/src/main/kotlin/com/omnitune/app/ui/screens/playlist/TopPlaylistScreen.kt:723:49 Unresolved reference 'item'.
e: file:///D:/code/omnitune/app/src/main/kotlin/com/omnitune/app/ui/screens/playlist/TopPlaylistScreen.kt:724:25 Cannot infer type for value parameter 'index'. Specify it explicitly.
e: file:///D:/code/omnitune/app/src/main/kotlin/com/omnitune/app/ui/screens/playlist/TopPlaylistScreen.kt:724:32 Cannot infer type for value parameter 'songWrapper'. Specify it explicitly.
e: file:///D:/code/omnitune/app/src/main/kotlin/com/omnitune/app/ui/screens/playlist/TopPlaylistScreen.kt:725:25 @Composable invocations can only happen from the context of a @Composable function
e: file:///D:/code/omnitune/app/src/main/kotlin/com/omnitune/app/ui/screens/playlist/TopPlaylistScreen.kt:726:48 Unresolved reference 'item'.
e: file:///D:/code/omnitune/app/src/main/kotlin/com/omnitune/app/ui/screens/playlist/TopPlaylistScreen.kt:727:29 No parameter with name 'albumIndex' found.
e: file:///D:/code/omnitune/app/src/main/kotlin/com/omnitune/app/ui/screens/playlist/TopPlaylistScreen.kt:728:52 Unresolved reference 'item'.
e: file:///D:/code/omnitune/app/src/main/kotlin/com/omnitune/app/ui/screens/playlist/TopPlaylistScreen.kt:730:29 No parameter with name 'showInLibraryIcon' found.
e: file:///D:/code/omnitune/app/src/main/kotlin/com/omnitune/app/ui/screens/playlist/TopPlaylistScreen.kt:736:76 Unresolved reference 'item'.
e: file:///D:/code/omnitune/app/src/main/kotlin/com/omnitune/app/ui/screens/playlist/TopPlaylistScreen.kt:744:78 Unresolved reference 'more_vert'.
e: file:///D:/code/omnitune/app/src/main/kotlin/com/omnitune/app/ui/screens/playlist/TopPlaylistScreen.kt:749:54 Unresolved reference 'isSelected'.
e: file:///D:/code/omnitune/app/src/main/kotlin/com/omnitune/app/ui/screens/playlist/TopPlaylistScreen.kt:755:61 Unresolved reference 'item'.
e: file:///D:/code/omnitune/app/src/main/kotlin/com/omnitune/app/ui/screens/playlist/TopPlaylistScreen.kt:761:73 Overload resolution ambiguity between candidates:
fun <R, T> Result<T>.map(transform: (T) -> R): Result<R>
fun <T, R> Array<out T>.map(transform: (T) -> R): List<R>
fun <R> ByteArray.map(transform: (Byte) -> R): List<R>
fun <R> ShortArray.map(transform: (Short) -> R): List<R>
fun <R> IntArray.map(transform: (Int) -> R): List<R>
fun <R> LongArray.map(transform: (Long) -> R): List<R>
fun <R> FloatArray.map(transform: (Float) -> R): List<R>
fun <R> DoubleArray.map(transform: (Double) -> R): List<R>
fun <R> BooleanArray.map(transform: (Boolean) -> R): List<R>
fun <R> CharArray.map(transform: (Char) -> R): List<R>
fun <T, R> Iterable<T>.map(transform: (T) -> R): List<R>
fun <K, V, R> Map<out K, V>.map(transform: (Map.Entry<K, V>) -> R): List<R>
fun <R> UIntArray.map(transform: (UInt) -> R): List<R>
fun <R> ULongArray.map(transform: (ULong) -> R): List<R>
fun <R> UByteArray.map(transform: (UByte) -> R): List<R>
fun <R> UShortArray.map(transform: (UShort) -> R): List<R>
fun <T, R> Sequence<T>.map(transform: (T) -> R): Sequence<R>
fun <R> CharSequence.map(transform: (Char) -> R): List<R>
e: file:///D:/code/omnitune/app/src/main/kotlin/com/omnitune/app/ui/screens/playlist/TopPlaylistScreen.kt:761:79 Unresolved reference 'it'.
e: file:///D:/code/omnitune/app/src/main/kotlin/com/omnitune/app/ui/screens/playlist/TopPlaylistScreen.kt:762:78 Overload resolution ambiguity between candidates:
fun <T> Array<out T>.indexOfFirst(predicate: (T) -> Boolean): Int
fun ByteArray.indexOfFirst(predicate: (Byte) -> Boolean): Int
fun ShortArray.indexOfFirst(predicate: (Short) -> Boolean): Int
fun IntArray.indexOfFirst(predicate: (Int) -> Boolean): Int
fun LongArray.indexOfFirst(predicate: (Long) -> Boolean): Int
fun FloatArray.indexOfFirst(predicate: (Float) -> Boolean): Int
fun DoubleArray.indexOfFirst(predicate: (Double) -> Boolean): Int
fun BooleanArray.indexOfFirst(predicate: (Boolean) -> Boolean): Int
fun CharArray.indexOfFirst(predicate: (Char) -> Boolean): Int
fun <T> Iterable<T>.indexOfFirst(predicate: (T) -> Boolean): Int
fun <T> List<T>.indexOfFirst(predicate: (T) -> Boolean): Int
fun UIntArray.indexOfFirst(predicate: (UInt) -> Boolean): Int
fun ULongArray.indexOfFirst(predicate: (ULong) -> Boolean): Int
fun UByteArray.indexOfFirst(predicate: (UByte) -> Boolean): Int
fun UShortArray.indexOfFirst(predicate: (UShort) -> Boolean): Int
fun <T> Sequence<T>.indexOfFirst(predicate: (T) -> Boolean): Int
fun CharSequence.indexOfFirst(predicate: (Char) -> Boolean): Int
e: file:///D:/code/omnitune/app/src/main/kotlin/com/omnitune/app/ui/screens/playlist/TopPlaylistScreen.kt:762:93 Unresolved reference 'it'.
e: file:///D:/code/omnitune/app/src/main/kotlin/com/omnitune/app/ui/screens/playlist/TopPlaylistScreen.kt:762:114 Unresolved reference 'item'.
e: file:///D:/code/omnitune/app/src/main/kotlin/com/omnitune/app/ui/screens/playlist/TopPlaylistScreen.kt:767:57 Unresolved reference 'isSelected'.
e: file:///D:/code/omnitune/app/src/main/kotlin/com/omnitune/app/ui/screens/playlist/TopPlaylistScreen.kt:767:83 Unresolved reference 'isSelected'.
e: file:///D:/code/omnitune/app/src/main/kotlin/com/omnitune/app/ui/screens/playlist/TopPlaylistScreen.kt:774:68 Unresolved reference 'it'.
e: file:///D:/code/omnitune/app/src/main/kotlin/com/omnitune/app/ui/screens/playlist/TopPlaylistScreen.kt:775:57 Unresolved reference 'isSelected'.
e: file:///D:/code/omnitune/app/src/main/kotlin/com/omnitune/app/ui/screens/playlist/TopPlaylistScreen.kt:779:34 Unresolved reference 'animateItem'.
e: file:///D:/code/omnitune/app/src/main/kotlin/com/omnitune/app/ui/screens/playlist/TopPlaylistScreen.kt:805:58 Unresolved reference 'it'.
e: file:///D:/code/omnitune/app/src/main/kotlin/com/omnitune/app/ui/screens/playlist/TopPlaylistScreen.kt:807:67 Unresolved reference 'n_song'.
e: file:///D:/code/omnitune/app/src/main/kotlin/com/omnitune/app/ui/screens/playlist/TopPlaylistScreen.kt:817:68 Unresolved reference 'search'.
e: file:///D:/code/omnitune/app/src/main/kotlin/com/omnitune/app/ui/screens/playlist/TopPlaylistScreen.kt:845:17 This material3 API is experimental and is likely to change or to be removed in the future.
e: file:///D:/code/omnitune/app/src/main/kotlin/com/omnitune/app/ui/screens/playlist/TopPlaylistScreen.kt:861:21 No parameter with name 'onLongClick' found.
e: file:///D:/code/omnitune/app/src/main/kotlin/com/omnitune/app/ui/screens/playlist/TopPlaylistScreen.kt:861:21 No value passed for parameter 'shapes'.
e: file:///D:/code/omnitune/app/src/main/kotlin/com/omnitune/app/ui/screens/playlist/TopPlaylistScreen.kt:869:55 Unresolved reference 'close'.
e: file:///D:/code/omnitune/app/src/main/kotlin/com/omnitune/app/ui/screens/playlist/TopPlaylistScreen.kt:869:77 Unresolved reference 'arrow_back'.
e: file:///D:/code/omnitune/app/src/main/kotlin/com/omnitune/app/ui/screens/playlist/TopPlaylistScreen.kt:877:54 Unresolved reference 'it'.
e: file:///D:/code/omnitune/app/src/main/kotlin/com/omnitune/app/ui/screens/playlist/TopPlaylistScreen.kt:880:55 Function invocation 'size(...)' expected.
e: file:///D:/code/omnitune/app/src/main/kotlin/com/omnitune/app/ui/screens/playlist/TopPlaylistScreen.kt:881:56 Unresolved reference 'it'.
e: file:///D:/code/omnitune/app/src/main/kotlin/com/omnitune/app/ui/screens/playlist/TopPlaylistScreen.kt:883:56 Unresolved reference 'it'.
e: file:///D:/code/omnitune/app/src/main/kotlin/com/omnitune/app/ui/screens/playlist/TopPlaylistScreen.kt:889:59 Function invocation 'size(...)' expected.
e: file:///D:/code/omnitune/app/src/main/kotlin/com/omnitune/app/ui/screens/playlist/TopPlaylistScreen.kt:889:76 Unresolved reference 'deselect'.
e: file:///D:/code/omnitune/app/src/main/kotlin/com/omnitune/app/ui/screens/playlist/TopPlaylistScreen.kt:889:101 Unresolved reference 'select_all'.
e: file:///D:/code/omnitune/app/src/main/kotlin/com/omnitune/app/ui/screens/playlist/TopPlaylistScreen.kt:899:75 Unresolved reference 'it'.
e: file:///D:/code/omnitune/app/src/main/kotlin/com/omnitune/app/ui/screens/playlist/TopPlaylistScreen.kt:900:48 Unresolved reference 'it'.
e: file:///D:/code/omnitune/app/src/main/kotlin/com/omnitune/app/ui/screens/playlist/TopPlaylistScreen.kt:908:66 Unresolved reference 'more_vert'.
e: file:///D:/code/omnitune/app/src/main/kotlin/com/omnitune/app/ui/screens/playlist/TopPlaylistScreen.kt:917:66 Unresolved reference 'search'.

FAILURE: Build failed with an exception.

* What went wrong:
Execution failed for task ':app:compileDebugKotlin'.
> A failure occurred while executing org.jetbrains.kotlin.compilerRunner.GradleCompilerRunnerWithWorkers$GradleKotlinCompilerWorkAction
   > Compilation error. See log for more details

* Try:
> Run with --stacktrace option to get the stack trace.
> Run with --info or --debug option to get more log output.
> Run with --scan to get full insights from a Build Scan (powered by Develocity).
> Get more help at https://help.gradle.org.

BUILD FAILED in 11s
